Archive member included to satisfy reference by file (symbol)

e:/programs/mingw/bin/../lib/gcc/mingw32/8.2.0/libstdc++.dll.a(d005210.o)
                              C:\Users\AHMEDY~1\AppData\Local\Temp\ccoV9CCh.o (__gxx_personality_v0)
e:/programs/mingw/bin/../lib/gcc/mingw32/8.2.0/libstdc++.dll.a(d005193.o)
                              C:\Users\AHMEDY~1\AppData\Local\Temp\ccoV9CCh.o (__cxa_rethrow)
e:/programs/mingw/bin/../lib/gcc/mingw32/8.2.0/libstdc++.dll.a(d005182.o)
                              C:\Users\AHMEDY~1\AppData\Local\Temp\ccoV9CCh.o (__cxa_end_catch)
e:/programs/mingw/bin/../lib/gcc/mingw32/8.2.0/libstdc++.dll.a(d005177.o)
                              C:\Users\AHMEDY~1\AppData\Local\Temp\ccoV9CCh.o (__cxa_begin_catch)
e:/programs/mingw/bin/../lib/gcc/mingw32/8.2.0/libstdc++.dll.a(d005167.o)
                              C:\Users\AHMEDY~1\AppData\Local\Temp\ccoV9CCh.o (operator new(unsigned int))
e:/programs/mingw/bin/../lib/gcc/mingw32/8.2.0/libstdc++.dll.a(d005157.o)
                              C:\Users\AHMEDY~1\AppData\Local\Temp\ccoV9CCh.o (operator delete(void*))
e:/programs/mingw/bin/../lib/gcc/mingw32/8.2.0/libstdc++.dll.a(d004399.o)
                              C:\Users\AHMEDY~1\AppData\Local\Temp\ccoV9CCh.o (std::basic_istream<char, std::char_traits<char> >& std::operator>><char, std::char_traits<char>, std::allocator<char> >(std::basic_istream<char, std::char_traits<char> >&, std::__cxx11::basic_string<char, std::char_traits<char>, std::allocator<char> >&))
e:/programs/mingw/bin/../lib/gcc/mingw32/8.2.0/libstdc++.dll.a(d004355.o)
                              C:\Users\AHMEDY~1\AppData\Local\Temp\ccoV9CCh.o (std::basic_ostream<char, std::char_traits<char> >& std::operator<< <char, std::char_traits<char>, std::allocator<char> >(std::basic_ostream<char, std::char_traits<char> >&, std::__cxx11::basic_string<char, std::char_traits<char>, std::allocator<char> > const&))
e:/programs/mingw/bin/../lib/gcc/mingw32/8.2.0/libstdc++.dll.a(d004347.o)
                              C:\Users\AHMEDY~1\AppData\Local\Temp\cc1vbJop.o (std::basic_ostream<char, std::char_traits<char> >& std::operator<< <std::char_traits<char> >(std::basic_ostream<char, std::char_traits<char> >&, char))
e:/programs/mingw/bin/../lib/gcc/mingw32/8.2.0/libstdc++.dll.a(d004250.o)
                              C:\Users\AHMEDY~1\AppData\Local\Temp\ccoV9CCh.o (std::basic_istream<char, std::char_traits<char> >& std::getline<char, std::char_traits<char>, std::allocator<char> >(std::basic_istream<char, std::char_traits<char> >&, std::__cxx11::basic_string<char, std::char_traits<char>, std::allocator<char> >&, char))
e:/programs/mingw/bin/../lib/gcc/mingw32/8.2.0/libstdc++.dll.a(d004249.o)
                              C:\Users\AHMEDY~1\AppData\Local\Temp\ccoV9CCh.o (std::basic_istream<char, std::char_traits<char> >& std::getline<char, std::char_traits<char>, std::allocator<char> >(std::basic_istream<char, std::char_traits<char> >&, std::__cxx11::basic_string<char, std::char_traits<char>, std::allocator<char> >&))
e:/programs/mingw/bin/../lib/gcc/mingw32/8.2.0/libstdc++.dll.a(d004239.o)
                              C:\Users\AHMEDY~1\AppData\Local\Temp\ccoV9CCh.o (std::basic_ostream<char, std::char_traits<char> >& std::endl<char, std::char_traits<char> >(std::basic_ostream<char, std::char_traits<char> >&))
e:/programs/mingw/bin/../lib/gcc/mingw32/8.2.0/libstdc++.dll.a(d004238.o)
                              C:\Users\AHMEDY~1\AppData\Local\Temp\ccoV9CCh.o (std::cout)
e:/programs/mingw/bin/../lib/gcc/mingw32/8.2.0/libstdc++.dll.a(d004235.o)
                              C:\Users\AHMEDY~1\AppData\Local\Temp\ccoV9CCh.o (std::cin)
e:/programs/mingw/bin/../lib/gcc/mingw32/8.2.0/libstdc++.dll.a(d004232.o)
                              C:\Users\AHMEDY~1\AppData\Local\Temp\ccoV9CCh.o (std::_Rb_tree_insert_and_rebalance(bool, std::_Rb_tree_node_base*, std::_Rb_tree_node_base*, std::_Rb_tree_node_base&))
e:/programs/mingw/bin/../lib/gcc/mingw32/8.2.0/libstdc++.dll.a(d004206.o)
                              C:\Users\AHMEDY~1\AppData\Local\Temp\ccoV9CCh.o (std::_Rb_tree_increment(std::_Rb_tree_node_base*))
e:/programs/mingw/bin/../lib/gcc/mingw32/8.2.0/libstdc++.dll.a(d004204.o)
                              C:\Users\AHMEDY~1\AppData\Local\Temp\ccoV9CCh.o (std::_Rb_tree_decrement(std::_Rb_tree_node_base*))
e:/programs/mingw/bin/../lib/gcc/mingw32/8.2.0/libstdc++.dll.a(d004197.o)
                              C:\Users\AHMEDY~1\AppData\Local\Temp\ccoV9CCh.o (std::__throw_bad_alloc())
e:/programs/mingw/bin/../lib/gcc/mingw32/8.2.0/libstdc++.dll.a(d003967.o)
                              C:\Users\AHMEDY~1\AppData\Local\Temp\ccoV9CCh.o (std::ios_base::Init::~Init())
e:/programs/mingw/bin/../lib/gcc/mingw32/8.2.0/libstdc++.dll.a(d003965.o)
                              C:\Users\AHMEDY~1\AppData\Local\Temp\ccoV9CCh.o (std::ios_base::Init::Init())
e:/programs/mingw/bin/../lib/gcc/mingw32/8.2.0/libstdc++.dll.a(d003745.o)
[...]
Memory Configuration

Name             Origin             Length             Attributes
*default*        0x00000000         0xffffffff

Linker script and memory map

                0x00400000                __image_base__ = 0x400000
                0x00000000                __dll__ = 0x0
                0x00400000                ___ImageBase = 0x400000
                0x00001000                __section_alignment__ = 0x1000
                0x00000200                __file_alignment__ = 0x200
                0x00000004                __major_os_version__ = 0x4
                0x00000000                __minor_os_version__ = 0x0
                0x00000001                __major_image_version__ = 0x1
                0x00000000                __minor_image_version__ = 0x0
                0x00000004                __major_subsystem_version__ = 0x4
                0x00000000                __minor_subsystem_version__ = 0x0
                0x00000003                __subsystem__ = 0x3
                0x00200000                __size_of_stack_reserve__ = 0x200000
                0x00001000                __size_of_stack_commit__ = 0x1000
                0x00100000                __size_of_heap_reserve__ = 0x100000
                0x00001000                __size_of_heap_commit__ = 0x1000
                0x00000000                __loader_flags__ = 0x0
                0x00000000                __dll_characteristics__ = 0x0
LOAD e:/programs/mingw/bin/../lib/gcc/mingw32/8.2.0/../../../crt2.o
LOAD e:/programs/mingw/bin/../lib/gcc/mingw32/8.2.0/crtbegin.o
LOAD C:\Users\AHMEDY~1\AppData\Local\Temp\ccoV9CCh.o
LOAD C:\Users\AHMEDY~1\AppData\Local\Temp\cc1vbJop.o
LOAD e:/programs/mingw/bin/../lib/gcc/mingw32/8.2.0/libstdc++.dll.a
LOAD e:/programs/mingw/bin/../lib/gcc/mingw32/8.2.0/../../../libmingw32.a
LOAD e:/programs/mingw/bin/../lib/gcc/mingw32/8.2.0/libgcc_s.a
LOAD e:/programs/mingw/bin/../lib/gcc/mingw32/8.2.0/libgcc.a
LOAD e:/programs/mingw/bin/../lib/gcc/mingw32/8.2.0/../../../libmoldname.a
LOAD e:/programs/mingw/bin/../lib/gcc/mingw32/8.2.0/../../../libmingwex.a
LOAD e:/programs/mingw/bin/../lib/gcc/mingw32/8.2.0/../../../libmsvcrt.a
LOAD e:/programs/mingw/bin/../lib/gcc/mingw32/8.2.0/../../../libadvapi32.a
LOAD e:/programs/mingw/bin/../lib/gcc/mingw32/8.2.0/../../../libshell32.a
LOAD e:/programs/mingw/bin/../lib/gcc/mingw32/8.2.0/../../../libuser32.a
LOAD e:/programs/mingw/bin/../lib/gcc/mingw32/8.2.0/../../../libkernel32.a
LOAD e:/programs/mingw/bin/../lib/gcc/mingw32/8.2.0/../../../libmingw32.a
LOAD e:/programs/mingw/bin/../lib/gcc/mingw32/8.2.0/libgcc_s.a
LOAD e:/programs/mingw/bin/../lib/gcc/mingw32/8.2.0/libgcc.a
LOAD e:/programs/mingw/bin/../lib/gcc/mingw32/8.2.0/../../../libmoldname.a
LOAD e:/programs/mingw/bin/../lib/gcc/mingw32/8.2.0/../../../libmingwex.a
LOAD e:/programs/mingw/bin/../lib/gcc/mingw32/8.2.0/../../../libmsvcrt.a
LOAD e:/programs/mingw/bin/../lib/gcc/mingw32/8.2.0/crtend.o
                0x000003d0                . = SIZEOF_HEADERS
                0x00001000                . = ALIGN (__section_alignment__)

.text           0x00401000     0x6400
 *(.init)
 *(.text)
 .text          0x00401000      0x330 e:/programs/mingw/bin/../lib/gcc/mingw32/8.2.0/../../../crt2.o
                0x00401290                _mingw32_init_mainargs
                0x004012d0                mainCRTStartup
                0x004012f0                WinMainCRTStartup
                0x00401310                atexit
                0x00401320                _onexit
 .text          0x00401330       0xe0 e:/programs/mingw/bin/../lib/gcc/mingw32/8.2.0/crtbegin.o
                0x00401330                __gcc_register_frame
                0x004013e0                __gcc_deregister_frame
 .text          0x00401410      0x8bc C:\Users\AHMEDY~1\AppData\Local\Temp\ccoV9CCh.o
                0x00401410                int2string[abi:cxx11](int)
                0x004014b2                main
                0x004014d6                _fu0___ZSt3cin
                0x00401599                _fu1___ZSt3cin
                0x004015bb                _fu2___ZSt3cin
                0x00401624                _fu3___ZSt3cin
                0x00401a5a                _fu4___ZSt4cout
 .text          0x00401ccc      0x1ac C:\Users\AHMEDY~1\AppData\Local\Temp\cc1vbJop.o
                0x00401ccc                maxin()
                0x00401d0f                _fu5___ZSt3cin
                0x00401d84                _fu6___ZSt4cout
 .text          0x00401e78        0x8 e:/programs/mingw/bin/../lib/gcc/mingw32/8.2.0/libstdc++.dll.a(d005210.o)
                0x00401e78                __gxx_personality_v0
 .text          0x00401e80        0x8 e:/programs/mingw/bin/../lib/gcc/mingw32/8.2.0/libstdc++.dll.a(d005193.o)
                0x00401e80                __cxa_rethrow
 .text          0x00401e88        0x8 e:/programs/mingw/bin/../lib/gcc/mingw32/8.2.0/libstdc++.dll.a(d005182.o)
                0x00401e88                __cxa_end_catch
 .text          0x00401e90        0x8 e:/programs/mingw/bin/../lib/gcc/mingw32/8.2.0/libstdc++.dll.a(d005177.o)
                0x00401e90                __cxa_begin_catch
 .text          0x00401e98        0x8 e:/programs/mingw/bin/../lib/gcc/mingw32/8.2.0/libstdc++.dll.a(d005167.o)
                0x00401e98                operator new(unsigned int)
 .text          0x00401ea0        0x8 e:/programs/mingw/bin/../lib/gcc/mingw32/8.2.0/libstdc++.dll.a(d005157.o)
                0x00401ea0                operator delete(void*)
 .text          0x00401ea8        0x8 e:/programs/mingw/bin/../lib/gcc/mingw32/8.2.0/libstdc++.dll.a(d004399.o)
                0x00401ea8                std::basic_istream<char, std::char_traits<char> >& std::operator>><char, std::char_traits<char>, std::allocator<char> >(std::basic_istream<char, std::char_traits<char> >&, std::__cxx11::basic_string<char, std::char_traits<char>, std::allocator<char> >&)
 .text          0x00401eb0        0x8 e:/programs/mingw/bin/../lib/gcc/mingw32/8.2.0/libstdc++.dll.a(d004355.o)
                0x00401eb0                std::basic_ostream<char, std::char_traits<char> >& std::operator<< <char, std::char_traits<char>, std::allocator<char> >(std::basic_ostream<char, std::char_traits<char> >&, std::__cxx11::basic_string<char, std::char_traits<char>, std::allocator<char> > const&)
 .text          0x00401eb8        0x8 e:/programs/mingw/bin/../lib/gcc/mingw32/8.2.0/libstdc++.dll.a(d004347.o)
                0x00401eb8                std::basic_ostream<char, std::char_traits<char> >& std::operator<< <std::char_traits<char> >(std::basic_ostream<char, std::char_traits<char> >&, char)
 .text          0x00401ec0        0x8 e:/programs/mingw/bin/../lib/gcc/mingw32/8.2.0/libstdc++.dll.a(d004250.o)
                0x00401ec0                std::basic_istream<char, std::char_traits<char> >& std::getline<char, std::char_traits<char>, std::allocator<char> >(std::basic_istream<char, std::char_traits<char> >&, std::__cxx11::basic_string<char, std::char_traits<char>, std::allocator<char> >&, char)
 .text          0x00401ec8        0x8 e:/programs/mingw/bin/../lib/gcc/mingw32/8.2.0/libstdc++.dll.a(d004249.o)
                0x00401ec8                std::basic_istream<char, std::char_traits<char> >& std::getline<char, std::char_traits<char>, std::allocator<char> >(std::basic_istream<char, std::char_traits<char> >&, std::__cxx11::basic_string<char, std::char_traits<char>, std::allocator<char> >&)
 .text          0x00401ed0        0x8 e:/programs/mingw/bin/../lib/gcc/mingw32/8.2.0/libstdc++.dll.a(d004239.o)
                0x00401ed0                std::basic_ostream<char, std::char_traits<char> >& std::endl<char, std::char_traits<char> >(std::basic_ostream<char, std::char_traits<char> >&)
 .text          0x00401ed8        0x0 e:/programs/mingw/bin/../lib/gcc/mingw32/8.2.0/libstdc++.dll.a(d004238.o)
 .text          0x00401ed8        0x0 e:/programs/mingw/bin/../lib/gcc/mingw32/8.2.0/libstdc++.dll.a(d004235.o)
 .text          0x00401ed8        0x8 e:/programs/mingw/bin/../lib/gcc/mingw32/8.2.0/libstdc++.dll.a(d004232.o)
                0x00401ed8                std::_Rb_tree_insert_and_rebalance(bool, std::_Rb_tree_node_base*, std::_Rb_tree_node_base*, std::_Rb_tree_node_base&)
 .text          0x00401ee0        0x8 e:/programs/mingw/bin/../lib/gcc/mingw32/8.2.0/libstdc++.dll.a(d004206.o)
                0x00401ee0                std::_Rb_tree_increment(std::_Rb_tree_node_base*)
 .text          0x00401ee8        0x8 e:/programs/mingw/bin/../lib/gcc/mingw32/8.2.0/libstdc++.dll.a(d004204.o)
                0x00401ee8                std::_Rb_tree_decrement(std::_Rb_tree_node_base*)
 .text          0x00401ef0        0x8 e:/programs/mingw/bin/../lib/gcc/mingw32/8.2.0/libstdc++.dll.a(d004197.o)
                0x00401ef0                std::__throw_bad_alloc()
 .text          0x00401ef8        0x8 e:/programs/mingw/bin/../lib/gcc/mingw32/8.2.0/libstdc++.dll.a(d003967.o)
                0x00401ef8                std::ios_base::Init::~Init()
 .text          0x00401f00        0x8 e:/programs/mingw/bin/../lib/gcc/mingw32/8.2.0/libstdc++.dll.a(d003965.o)
                0x00401f00                std::ios_base::Init::Init()
 .text          0x00401f08        0x8 e:/programs/mingw/bin/../lib/gcc/mingw32/8.2.0/libstdc++.dll.a(d003745.o)
                0x00401f08                std::__cxx11::basic_istringstream<char, std::char_traits<char>, std::allocator<char> >::~basic_istringstream()
 .text          0x00401f10        0x8 e:/programs/mingw/bin/../lib/gcc/mingw32/8.2.0/libstdc++.dll.a(d003739.o)
                0x00401f10                std::__cxx11::basic_istringstream<char, std::char_traits<char>, std::allocator<char> >::basic_istringstream(std::__cxx11::basic_string<char, std::char_traits<char>, std::allocator<char> > const&, std::_Ios_Openmode)
 .text          0x00401f18        0x8 e:/programs/mingw/bin/../lib/gcc/mingw32/8.2.0/libstdc++.dll.a(d003721.o)
                0x00401f18                std::__cxx11::basic_stringstream<char, std::char_traits<char>, std::allocator<char> >::~basic_stringstream()
 .text          0x00401f20        0x8 e:/programs/mingw/bin/../lib/gcc/mingw32/8.2.0/libstdc++.dll.a(d003716.o)
                0x00401f20                std::__cxx11::basic_stringstream<char, std::char_traits<char>, std::allocator<char> >::basic_stringstream(std::_Ios_Openmode)
 .text          0x00401f28        0x8 e:/programs/mingw/bin/../lib/gcc/mingw32/8.2.0/libstdc++.dll.a(d003715.o)
                0x00401f28                std::__cxx11::basic_stringstream<char, std::char_traits<char>, std::allocator<char> >::basic_stringstream(std::__cxx11::basic_string<char, std::char_traits<char>, std::allocator<char> > const&, std::_Ios_Openmode)
 .text          0x00401f30        0x8 e:/programs/mingw/bin/../lib/gcc/mingw32/8.2.0/libstdc++.dll.a(d003415.o)
                0x00401f30                std::__cxx11::basic_string<char, std::char_traits<char>, std::allocator<char> >::operator=(char const*)
 .text          0x00401f38        0x8 e:/programs/mingw/bin/../lib/gcc/mingw32/8.2.0/libstdc++.dll.a(d003414.o)
                0x00401f38                std::__cxx11::basic_string<char, std::char_traits<char>, std::allocator<char> >::operator=(std::__cxx11::basic_string<char, std::char_traits<char>, std::allocator<char> >&&)
 .text          0x00401f40        0x8 e:/programs/mingw/bin/../lib/gcc/mingw32/8.2.0/libstdc++.dll.a(d003412.o)
                0x00401f40                std::__cxx11::basic_string<char, std::char_traits<char>, std::allocator<char> >::~basic_string()
 .text          0x00401f48        0x8 e:/programs/mingw/bin/../lib/gcc/mingw32/8.2.0/libstdc++.dll.a(d003392.o)
                0x00401f48                std::__cxx11::basic_string<char, std::char_traits<char>, std::allocator<char> >::basic_string()
 .text          0x00401f50        0x8 e:/programs/mingw/bin/../lib/gcc/mingw32/8.2.0/libstdc++.dll.a(d003385.o)
                0x00401f50                std::__cxx11::basic_string<char, std::char_traits<char>, std::allocator<char> >::basic_string(std::__cxx11::basic_string<char, std::char_traits<char>, std::allocator<char> > const&)
 .text          0x00401f58        0x8 e:/programs/mingw/bin/../lib/gcc/mingw32/8.2.0/libstdc++.dll.a(d003382.o)
                0x00401f58                std::__cxx11::basic_string<char, std::char_traits<char>, std::allocator<char> >::basic_string(char const*, std::allocator<char> const&)
 .text          0x00401f60        0x8 e:/programs/mingw/bin/../lib/gcc/mingw32/8.2.0/libstdc++.dll.a(d003380.o)
                0x00401f60                std::__cxx11::basic_string<char, std::char_traits<char>, std::allocator<char> >::basic_string(std::__cxx11::basic_string<char, std::char_traits<char>, std::allocator<char> >&&)
 .text          0x00401f68        0x8 e:/programs/mingw/bin/../lib/gcc/mingw32/8.2.0/libstdc++.dll.a(d003338.o)
                0x00401f68                std::__cxx11::basic_string<char, std::char_traits<char>, std::allocator<char> >::insert(unsigned int, std::__cxx11::basic_string<char, std::char_traits<char>, std::allocator<char> > const&)
 .text          0x00401f70        0x8 e:/programs/mingw/bin/../lib/gcc/mingw32/8.2.0/libstdc++.dll.a(d003336.o)
                0x00401f70                std::__cxx11::basic_string<char, std::char_traits<char>, std::allocator<char> >::insert(unsigned int, char const*)
 .text          0x00401f78        0x8 e:/programs/mingw/bin/../lib/gcc/mingw32/8.2.0/libstdc++.dll.a(d003320.o)
                0x00401f78                std::__cxx11::basic_string<char, std::char_traits<char>, std::allocator<char> >::append(std::__cxx11::basic_string<char, std::char_traits<char>, std::allocator<char> > const&)
 .text          0x00401f80        0x8 e:/programs/mingw/bin/../lib/gcc/mingw32/8.2.0/libstdc++.dll.a(d003318.o)
                0x00401f80                std::__cxx11::basic_string<char, std::char_traits<char>, std::allocator<char> >::append(char const*)
 .text          0x00401f88        0x8 e:/programs/mingw/bin/../lib/gcc/mingw32/8.2.0/libstdc++.dll.a(d003310.o)
                0x00401f88                std::__cxx11::basic_string<char, std::char_traits<char>, std::allocator<char> >::begin()
 .text          0x00401f90        0x8 e:/programs/mingw/bin/../lib/gcc/mingw32/8.2.0/libstdc++.dll.a(d003305.o)
                0x00401f90                std::__cxx11::basic_string<char, std::char_traits<char>, std::allocator<char> >::end()
 .text          0x00401f98        0x8 e:/programs/mingw/bin/../lib/gcc/mingw32/8.2.0/libstdc++.dll.a(d001507.o)
                0x00401f98                std::ostream::operator<<(int)
 .text          0x00401fa0        0x8 e:/programs/mingw/bin/../lib/gcc/mingw32/8.2.0/libstdc++.dll.a(d001498.o)
                0x00401fa0                std::ostream::operator<<(std::ostream& (*)(std::ostream&))
 .text          0x00401fa8        0x8 e:/programs/mingw/bin/../lib/gcc/mingw32/8.2.0/libstdc++.dll.a(d001458.o)
                0x00401fa8                std::istream::operator>>(int&)
 .text          0x00401fb0        0x8 e:/programs/mingw/bin/../lib/gcc/mingw32/8.2.0/libstdc++.dll.a(d001431.o)
                0x00401fb0                std::istream::ignore(int, int)
 .text          0x00401fb8        0x8 e:/programs/mingw/bin/../lib/gcc/mingw32/8.2.0/libstdc++.dll.a(d001256.o)
                0x00401fb8                std::allocator<char>::~allocator()
 .text          0x00401fc0        0x8 e:/programs/mingw/bin/../lib/gcc/mingw32/8.2.0/libstdc++.dll.a(d001253.o)
                0x00401fc0                std::allocator<char>::allocator()
 .text          0x00401fc8        0x8 e:/programs/mingw/bin/../lib/gcc/mingw32/8.2.0/libstdc++.dll.a(d001203.o)
                0x00401fc8                std::basic_ios<char, std::char_traits<char> >::operator bool() const
 .text          0x00401fd0        0x8 e:/programs/mingw/bin/../lib/gcc/mingw32/8.2.0/libstdc++.dll.a(d000759.o)
                0x00401fd0                std::__cxx11::basic_string<char, std::char_traits<char>, std::allocator<char> >::capacity() const
 .text          0x00401fd8        0x8 e:/programs/mingw/bin/../lib/gcc/mingw32/8.2.0/libstdc++.dll.a(d000751.o)
                0x00401fd8                std::__cxx11::basic_string<char, std::char_traits<char>, std::allocator<char> >::compare(std::__cxx11::basic_string<char, std::char_traits<char>, std::allocator<char> > const&) const
 .text          0x00401fe0        0x8 e:/programs/mingw/bin/../lib/gcc/mingw32/8.2.0/libstdc++.dll.a(d000750.o)
                0x00401fe0                std::__cxx11::basic_string<char, std::char_traits<char>, std::allocator<char> >::compare(char const*) const
 .text          0x00401fe8        0x8 e:/programs/mingw/bin/../lib/gcc/mingw32/8.2.0/libstdc++.dll.a(d000735.o)
                0x00401fe8                std::__cxx11::basic_string<char, std::char_traits<char>, std::allocator<char> >::size() const
 .text          0x00401ff0        0x0 e:/programs/mingw/bin/../lib/gcc/mingw32/8.2.0/../../../libmingw32.a(CRTglob.o)
 .text          0x00401ff0      0x370 e:/programs/mingw/bin/../lib/gcc/mingw32/8.2.0/../../../libmingw32.a(setargv.o)
                0x00401ff0                _setargv
 .text          0x00402360        0x0 e:/programs/mingw/bin/../lib/gcc/mingw32/8.2.0/../../../libmingw32.a(CRTfmode.o)
 .text          0x00402360      0x110 e:/programs/mingw/bin/../lib/gcc/mingw32/8.2.0/../../../libmingw32.a(cpu_features.o)
                0x00402360                __cpu_features_init
 .text          0x00402470        0x0 e:/programs/mingw/bin/../lib/gcc/mingw32/8.2.0/../../../libmingw32.a(CRT_fp10.o)
 .text          0x00402470        0x0 e:/programs/mingw/bin/../lib/gcc/mingw32/8.2.0/../../../libmingw32.a(txtmode.o)
 .text          0x00402470       0xb0 e:/programs/mingw/bin/../lib/gcc/mingw32/8.2.0/../../../libmingw32.a(gccmain.o)
                0x00402470                __do_global_dtors
                0x004024b0                __do_global_ctors
                0x00402500                __main
 .text          0x00402520      0x100 e:/programs/mingw/bin/../lib/gcc/mingw32/8.2.0/../../../libmingw32.a(tlssup.o)
                0x00402570                __dyn_tls_init@12
                0x00402610                __tlregdtor
 .text          0x00402620      0x250 e:/programs/mingw/bin/../lib/gcc/mingw32/8.2.0/../../../libmingw32.a(tlsthrd.o)
                0x00402680                ___w64_mingwthr_add_key_dtor
                0x00402710                ___w64_mingwthr_remove_key_dtor
                0x004027b0                __mingw_TLScallback
 .text          0x00402870      0x320 e:/programs/mingw/bin/../lib/gcc/mingw32/8.2.0/../../../libmingw32.a(pseudo-reloc.o)
                0x004029b0                _pei386_runtime_relocator
 .text          0x00402b90        0x0 e:/programs/mingw/bin/../lib/gcc/mingw32/8.2.0/../../../libmingw32.a(pseudo-reloc-list.o)
 .text          0x00402b90        0x0 e:/programs/mingw/bin/../lib/gcc/mingw32/8.2.0/../../../libmingw32.a(crtst.o)
 .text          0x00402b90        0x8 e:/programs/mingw/bin/../lib/gcc/mingw32/8.2.0/libgcc_s.a(d000107.o)
                0x00402b90                __register_frame_info
 .text          0x00402b98        0x8 e:/programs/mingw/bin/../lib/gcc/mingw32/8.2.0/libgcc_s.a(d000037.o)
                0x00402b98                __deregister_frame_info
 .text          0x00402ba0        0x8 e:/programs/mingw/bin/../lib/gcc/mingw32/8.2.0/libgcc_s.a(d000015.o)
                0x00402ba0                _Unwind_Resume
 .text          0x00402ba8       0x2c e:/programs/mingw/bin/../lib/gcc/mingw32/8.2.0/libgcc.a(_chkstk_ms.o)
                0x00402ba8                __chkstk_ms
 .text          0x00402bd4        0x0 e:/programs/mingw/bin/../lib/gcc/mingw32/8.2.0/libgcc.a(_ctors.o)
 *fill*         0x00402bd4        0xc 
 .text          0x00402be0       0x80 e:/programs/mingw/bin/../lib/gcc/mingw32/8.2.0/../../../libmingwex.a(fesetenv.o)
                0x00402be0                fesetenv
 .text          0x00402c60     0x1090 e:/programs/mingw/bin/../lib/gcc/mingw32/8.2.0/../../../libmingwex.a(glob.o)
                0x00403bb0                __mingw_glob
                0x00403c90                __mingw_globfree
 .text          0x00403cf0      0x3f0 e:/programs/mingw/bin/../lib/gcc/mingw32/8.2.0/../../../libmingwex.a(dirname.o)
                0x00403cf0                __mingw_dirname
 .text          0x004040e0      0x540 e:/programs/mingw/bin/../lib/gcc/mingw32/8.2.0/../../../libmingwex.a(dirent.o)
                0x00404270                __mingw_opendir
                0x00404470                __mingw_readdir
                0x004044c0                __mingw_closedir
                0x00404510                __mingw_rewinddir
                0x00404570                __mingw_telldir
                0x004045a0                __mingw_seekdir
 .text          0x00404620        0x8 e:/programs/mingw/bin/../lib/gcc/mingw32/8.2.0/../../../libmsvcrt.a(dxnls01320.o)
                0x00404620                wcstombs
 .text          0x00404628        0x8 e:/programs/mingw/bin/../lib/gcc/mingw32/8.2.0/../../../libmsvcrt.a(dxnls01279.o)
                0x00404628                vfprintf
 .text          0x00404630        0x8 e:/programs/mingw/bin/../lib/gcc/mingw32/8.2.0/../../../libmsvcrt.a(dxnls01272.o)
                0x00404630                tolower
 .text          0x00404638        0x8 e:/programs/mingw/bin/../lib/gcc/mingw32/8.2.0/../../../libmsvcrt.a(dxnls01244.o)
                0x00404638                strlen
 .text          0x00404640        0x8 e:/programs/mingw/bin/../lib/gcc/mingw32/8.2.0/../../../libmsvcrt.a(dxnls01237.o)
                0x00404640                strcoll
 .text          0x00404648        0x8 e:/programs/mingw/bin/../lib/gcc/mingw32/8.2.0/../../../libmsvcrt.a(dxnls01224.o)
                0x00404648                signal
 .text          0x00404650        0x8 e:/programs/mingw/bin/../lib/gcc/mingw32/8.2.0/../../../libmsvcrt.a(dxnls01222.o)
                0x00404650                setlocale
 .text          0x00404658        0x8 e:/programs/mingw/bin/../lib/gcc/mingw32/8.2.0/../../../libmsvcrt.a(dxnls01215.o)
                0x00404658                realloc
 .text          0x00404660        0x8 e:/programs/mingw/bin/../lib/gcc/mingw32/8.2.0/../../../libmsvcrt.a(dxnls01194.o)
                0x00404660                memcpy
 .text          0x00404668        0x8 e:/programs/mingw/bin/../lib/gcc/mingw32/8.2.0/../../../libmsvcrt.a(dxnls01189.o)
                0x00404668                mbstowcs
 .text          0x00404670        0x8 e:/programs/mingw/bin/../lib/gcc/mingw32/8.2.0/../../../libmsvcrt.a(dxnls01182.o)
                0x00404670                malloc
 .text          0x00404678        0x8 e:/programs/mingw/bin/../lib/gcc/mingw32/8.2.0/../../../libmsvcrt.a(dxnls01137.o)
                0x00404678                fwrite
 .text          0x00404680        0x8 e:/programs/mingw/bin/../lib/gcc/mingw32/8.2.0/../../../libmsvcrt.a(dxnls01126.o)
                0x00404680                free
 .text          0x00404688        0x8 e:/programs/mingw/bin/../lib/gcc/mingw32/8.2.0/../../../libmsvcrt.a(dxnls01093.o)
                0x00404688                calloc
 .text          0x00404690        0x0 e:/programs/mingw/bin/../lib/gcc/mingw32/8.2.0/../../../libmsvcrt.a(dxnls01086.o)
 .text          0x00404690        0x8 e:/programs/mingw/bin/../lib/gcc/mingw32/8.2.0/../../../libmsvcrt.a(dxnls01078.o)
                0x00404690                abort
 .text          0x00404698        0x8 e:/programs/mingw/bin/../lib/gcc/mingw32/8.2.0/../../../libmsvcrt.a(dxnls00748.o)
                0x00404698                _setmode
 .text          0x004046a0        0x0 e:/programs/mingw/bin/../lib/gcc/mingw32/8.2.0/../../../libmsvcrt.a(dxnls00693.o)
 .text          0x004046a0        0x0 e:/programs/mingw/bin/../lib/gcc/mingw32/8.2.0/../../../libmsvcrt.a(dxnls00684.o)
 .text          0x004046a0        0x8 e:/programs/mingw/bin/../lib/gcc/mingw32/8.2.0/../../../libmsvcrt.a(dxnls00417.o)
                0x004046a0                _isctype
 .text          0x004046a8        0x0 e:/programs/mingw/bin/../lib/gcc/mingw32/8.2.0/../../../libmsvcrt.a(dxnls00412.o)
 .text          0x004046a8        0x8 e:/programs/mingw/bin/../lib/gcc/mingw32/8.2.0/../../../libmsvcrt.a(dxnls00345.o)
                0x004046a8                _fullpath
 .text          0x004046b0        0x8 e:/programs/mingw/bin/../lib/gcc/mingw32/8.2.0/../../../libmsvcrt.a(dxnls00280.o)
                0x004046b0                _errno
 .text          0x004046b8        0x8 e:/programs/mingw/bin/../lib/gcc/mingw32/8.2.0/../../../libmsvcrt.a(dxnls00214.o)
                0x004046b8                _cexit
 .text          0x004046c0        0x8 e:/programs/mingw/bin/../lib/gcc/mingw32/8.2.0/../../../libmsvcrt.a(dxnls00133.o)
                0x004046c0                __p__fmode
 .text          0x004046c8        0x8 e:/programs/mingw/bin/../lib/gcc/mingw32/8.2.0/../../../libmsvcrt.a(dxnls00131.o)
                0x004046c8                __p__environ
 .text          0x004046d0        0x0 e:/programs/mingw/bin/../lib/gcc/mingw32/8.2.0/../../../libmsvcrt.a(dxnls00119.o)
 .text          0x004046d0        0x8 e:/programs/mingw/bin/../lib/gcc/mingw32/8.2.0/../../../libmsvcrt.a(dxnls00088.o)
                0x004046d0                __getmainargs
 .text          0x004046d8        0x0 e:/programs/mingw/bin/../lib/gcc/mingw32/8.2.0/../../../libmsvcrt.a(dxnlh.o)
 .text          0x004046d8        0x0 e:/programs/mingw/bin/../lib/gcc/mingw32/8.2.0/../../../libmsvcrt.a(dxnlt.o)
 .text          0x004046d8        0x8 e:/programs/mingw/bin/../lib/gcc/mingw32/8.2.0/../../../libkernel32.a(dimos01206.o)
                0x004046d8                VirtualQuery@12
 .text          0x004046e0        0x8 e:/programs/mingw/bin/../lib/gcc/mingw32/8.2.0/../../../libkernel32.a(dimos01204.o)
                0x004046e0                VirtualProtect@16
 .text          0x004046e8        0x8 e:/programs/mingw/bin/../lib/gcc/mingw32/8.2.0/../../../libkernel32.a(dimos01164.o)
                0x004046e8                TlsGetValue@4
 .text          0x004046f0        0x8 e:/programs/mingw/bin/../lib/gcc/mingw32/8.2.0/../../../libkernel32.a(dimos01131.o)
                0x004046f0                SetUnhandledExceptionFilter@4
 .text          0x004046f8        0x8 e:/programs/mingw/bin/../lib/gcc/mingw32/8.2.0/../../../libkernel32.a(dimos00817.o)
                0x004046f8                LoadLibraryA@4
 .text          0x00404700        0x8 e:/programs/mingw/bin/../lib/gcc/mingw32/8.2.0/../../../libkernel32.a(dimos00814.o)
                0x00404700                LeaveCriticalSection@4
 .text          0x00404708        0x8 e:/programs/mingw/bin/../lib/gcc/mingw32/8.2.0/../../../libkernel32.a(dimos00734.o)
                0x00404708                InitializeCriticalSection@4
 .text          0x00404710        0x8 e:/programs/mingw/bin/../lib/gcc/mingw32/8.2.0/../../../libkernel32.a(dimos00577.o)
                0x00404710                GetProcAddress@8
 .text          0x00404718        0x8 e:/programs/mingw/bin/../lib/gcc/mingw32/8.2.0/../../../libkernel32.a(dimos00529.o)
                0x00404718                GetModuleHandleA@4
 .text          0x00404720        0x8 e:/programs/mingw/bin/../lib/gcc/mingw32/8.2.0/../../../libkernel32.a(dimos00510.o)
                0x00404720                GetLastError@0
 .text          0x00404728        0x8 e:/programs/mingw/bin/../lib/gcc/mingw32/8.2.0/../../../libkernel32.a(dimos00388.o)
                0x00404728                GetCommandLineA@0
 .text          0x00404730        0x8 e:/programs/mingw/bin/../lib/gcc/mingw32/8.2.0/../../../libkernel32.a(dimos00352.o)
                0x00404730                FreeLibrary@4
 .text          0x00404738        0x8 e:/programs/mingw/bin/../lib/gcc/mingw32/8.2.0/../../../libkernel32.a(dimos00321.o)
                0x00404738                FindNextFileA@8
 .text          0x00404740        0x8 e:/programs/mingw/bin/../lib/gcc/mingw32/8.2.0/../../../libkernel32.a(dimos00304.o)
                0x00404740                FindFirstFileA@8
 .text          0x00404748        0x8 e:/programs/mingw/bin/../lib/gcc/mingw32/8.2.0/../../../libkernel32.a(dimos00300.o)
                0x00404748                FindClose@4
 .text          0x00404750        0x8 e:/programs/mingw/bin/../lib/gcc/mingw32/8.2.0/../../../libkernel32.a(dimos00279.o)
                0x00404750                ExitProcess@4
 .text          0x00404758        0x8 e:/programs/mingw/bin/../lib/gcc/mingw32/8.2.0/../../../libkernel32.a(dimos00236.o)
                0x00404758                EnterCriticalSection@4
 .text          0x00404760        0x8 e:/programs/mingw/bin/../lib/gcc/mingw32/8.2.0/../../../libkernel32.a(dimos00207.o)
                0x00404760                DeleteCriticalSection@4
 .text          0x00404768        0x0 e:/programs/mingw/bin/../lib/gcc/mingw32/8.2.0/../../../libkernel32.a(dimoh.o)
 .text          0x00404768        0x0 e:/programs/mingw/bin/../lib/gcc/mingw32/8.2.0/../../../libkernel32.a(dimot.o)
 .text          0x00404768        0x8 e:/programs/mingw/bin/../lib/gcc/mingw32/8.2.0/../../../libmoldname.a(dmhks00082.o)
                0x00404768                stricoll
 .text          0x00404770        0x8 e:/programs/mingw/bin/../lib/gcc/mingw32/8.2.0/../../../libmoldname.a(dmhks00080.o)
                0x00404770                strdup
 .text          0x00404778        0x0 e:/programs/mingw/bin/../lib/gcc/mingw32/8.2.0/../../../libmoldname.a(dmhkh.o)
 .text          0x00404778        0x0 e:/programs/mingw/bin/../lib/gcc/mingw32/8.2.0/../../../libmoldname.a(dmhkt.o)
 .text          0x00404778        0x0 e:/programs/mingw/bin/../lib/gcc/mingw32/8.2.0/crtend.o
 *(SORT_BY_NAME(.text$*))
 .text$_ZN4fileC1ENSt7__cxx1112basic_stringIcSt11char_traitsIcESaIcEEE
                0x00404778      0x37c C:\Users\AHMEDY~1\AppData\Local\Temp\ccoV9CCh.o
                0x00404778                file::file(std::__cxx11::basic_string<char, std::char_traits<char>, std::allocator<char> >)
 .text$_ZN4fileD1Ev
                0x00404af4       0x30 C:\Users\AHMEDY~1\AppData\Local\Temp\ccoV9CCh.o
                0x00404af4                file::~file()
 .text$_ZN9__gnu_cxx13new_allocatorINSt7__cxx1112basic_stringIcSt11char_traitsIcESaIcEEEE10deallocateEPS6_j
                0x00404b24       0x1c C:\Users\AHMEDY~1\AppData\Local\Temp\ccoV9CCh.o
                0x00404b24                __gnu_cxx::new_allocator<std::__cxx11::basic_string<char, std::char_traits<char>, std::allocator<char> > >::deallocate(std::__cxx11::basic_string<char, std::char_traits<char>, std::allocator<char> >*, unsigned int)
 .text$_ZN9__gnu_cxx13new_allocatorINSt7__cxx1112basic_stringIcSt11char_traitsIcESaIcEEEE8allocateEjPKv
                0x00404b40       0x3c C:\Users\AHMEDY~1\AppData\Local\Temp\ccoV9CCh.o
                0x00404b40                __gnu_cxx::new_allocator<std::__cxx11::basic_string<char, std::char_traits<char>, std::allocator<char> > >::allocate(unsigned int, void const*)
 .text$_ZN9__gnu_cxx13new_allocatorINSt7__cxx1112basic_stringIcSt11char_traitsIcESaIcEEEEC2ERKS7_
                0x00404b7c       0x10 C:\Users\AHMEDY~1\AppData\Local\Temp\ccoV9CCh.o
                0x00404b7c                __gnu_cxx::new_allocator<std::__cxx11::basic_string<char, std::char_traits<char>, std::allocator<char> > >::new_allocator(__gnu_cxx::new_allocator<std::__cxx11::basic_string<char, std::char_traits<char>, std::allocator<char> > > const&)
 .text$_ZN9__gnu_cxx13new_allocatorINSt7__cxx1112basic_stringIcSt11char_traitsIcESaIcEEEEC2Ev
                0x00404b8c        0xc C:\Users\AHMEDY~1\AppData\Local\Temp\ccoV9CCh.o
                0x00404b8c                __gnu_cxx::new_allocator<std::__cxx11::basic_string<char, std::char_traits<char>, std::allocator<char> > >::new_allocator()
 .text$_ZN9__gnu_cxx13new_allocatorINSt7__cxx1112basic_stringIcSt11char_traitsIcESaIcEEEED2Ev
                0x00404b98        0xc C:\Users\AHMEDY~1\AppData\Local\Temp\ccoV9CCh.o
                0x00404b98                __gnu_cxx::new_allocator<std::__cxx11::basic_string<char, std::char_traits<char>, std::allocator<char> > >::~new_allocator()
 .text$_ZN9__gnu_cxx13new_allocatorISt13_Rb_tree_nodeISt4pairIKNSt7__cxx1112basic_stringIcSt11char_traitsIcESaIcEEEiEEE10deallocateEPSB_j
                0x00404ba4       0x1c C:\Users\AHMEDY~1\AppData\Local\Temp\ccoV9CCh.o
                0x00404ba4                __gnu_cxx::new_allocator<std::_Rb_tree_node<std::pair<std::__cxx11::basic_string<char, std::char_traits<char>, std::allocator<char> > const, int> > >::deallocate(std::_Rb_tree_node<std::pair<std::__cxx11::basic_string<char, std::char_traits<char>, std::allocator<char> > const, int> >*, unsigned int)
 .text$_ZN9__gnu_cxx13new_allocatorISt13_Rb_tree_nodeISt4pairIKNSt7__cxx1112basic_stringIcSt11char_traitsIcESaIcEEEiEEE7destroyISA_EEvPT_
                0x00404bc0       0x18 C:\Users\AHMEDY~1\AppData\Local\Temp\ccoV9CCh.o
                0x00404bc0                void __gnu_cxx::new_allocator<std::_Rb_tree_node<std::pair<std::__cxx11::basic_string<char, std::char_traits<char>, std::allocator<char> > const, int> > >::destroy<std::pair<std::__cxx11::basic_string<char, std::char_traits<char>, std::allocator<char> > const, int> >(std::pair<std::__cxx11::basic_string<char, std::char_traits<char>, std::allocator<char> > const, int>*)
 .text$_ZN9__gnu_cxx13new_allocatorISt13_Rb_tree_nodeISt4pairIKNSt7__cxx1112basic_stringIcSt11char_traitsIcESaIcEEEiEEE8allocateEjPKv
                0x00404bd8       0x34 C:\Users\AHMEDY~1\AppData\Local\Temp\ccoV9CCh.o
                0x00404bd8                __gnu_cxx::new_allocator<std::_Rb_tree_node<std::pair<std::__cxx11::basic_string<char, std::char_traits<char>, std::allocator<char> > const, int> > >::allocate(unsigned int, void const*)
 .text$_ZN9__gnu_cxx13new_allocatorISt13_Rb_tree_nodeISt4pairIKNSt7__cxx1112basic_stringIcSt11char_traitsIcESaIcEEEiEEE9constructISA_JRKSt21piecewise_construct_tSt5tupleIJOS8_EESH_IJEEEEEvPT_DpOT0_
                0x00404c0c       0x98 C:\Users\AHMEDY~1\AppData\Local\Temp\ccoV9CCh.o
                0x00404c0c                void __gnu_cxx::new_allocator<std::_Rb_tree_node<std::pair<std::__cxx11::basic_string<char, std::char_traits<char>, std::allocator<char> > const, int> > >::construct<std::pair<std::__cxx11::basic_string<char, std::char_traits<char>, std::allocator<char> > const, int>, std::piecewise_construct_t const&, std::tuple<std::__cxx11::basic_string<char, std::char_traits<char>, std::allocator<char> >&&>, std::tuple<> >(std::pair<std::__cxx11::basic_string<char, std::char_traits<char>, std::allocator<char> > const, int>*, std::piecewise_construct_t const&, std::tuple<std::__cxx11::basic_string<char, std::char_traits<char>, std::allocator<char> >&&>&&, std::tuple<>&&)
 .text$_ZN9__gnu_cxx13new_allocatorISt13_Rb_tree_nodeISt4pairIKNSt7__cxx1112basic_stringIcSt11char_traitsIcESaIcEEEiEEE9constructISA_JRKSt21piecewise_construct_tSt5tupleIJRS9_EESH_IJEEEEEvPT_DpOT0_
                0x00404ca4       0x98 C:\Users\AHMEDY~1\AppData\Local\Temp\ccoV9CCh.o
                0x00404ca4                void __gnu_cxx::new_allocator<std::_Rb_tree_node<std::pair<std::__cxx11::basic_string<char, std::char_traits<char>, std::allocator<char> > const, int> > >::construct<std::pair<std::__cxx11::basic_string<char, std::char_traits<char>, std::allocator<char> > const, int>, std::piecewise_construct_t const&, std::tuple<std::__cxx11::basic_string<char, std::char_traits<char>, std::allocator<char> > const&>, std::tuple<> >(std::pair<std::__cxx11::basic_string<char, std::char_traits<char>, std::allocator<char> > const, int>*, std::piecewise_construct_t const&, std::tuple<std::__cxx11::basic_string<char, std::char_traits<char>, std::allocator<char> > const&>&&, std::tuple<>&&)
 .text$_ZN9__gnu_cxx13new_allocatorISt13_Rb_tree_nodeISt4pairIKNSt7__cxx1112basic_stringIcSt11char_traitsIcESaIcEEEiEEEC2Ev
                0x00404d3c        0xc C:\Users\AHMEDY~1\AppData\Local\Temp\ccoV9CCh.o
                0x00404d3c                __gnu_cxx::new_allocator<std::_Rb_tree_node<std::pair<std::__cxx11::basic_string<char, std::char_traits<char>, std::allocator<char> > const, int> > >::new_allocator()
 .text$_ZN9__gnu_cxx13new_allocatorISt13_Rb_tree_nodeISt4pairIKNSt7__cxx1112basic_stringIcSt11char_traitsIcESaIcEEEiEEED2Ev
                0x00404d48        0xc C:\Users\AHMEDY~1\AppData\Local\Temp\ccoV9CCh.o
                0x00404d48                __gnu_cxx::new_allocator<std::_Rb_tree_node<std::pair<std::__cxx11::basic_string<char, std::char_traits<char>, std::allocator<char> > const, int> > >::~new_allocator()
 .text$_ZN9__gnu_cxx13new_allocatorIiE10deallocateEPij
                0x00404d54       0x1c C:\Users\AHMEDY~1\AppData\Local\Temp\ccoV9CCh.o
                0x00404d54                __gnu_cxx::new_allocator<int>::deallocate(int*, unsigned int)
 .text$_ZN9__gnu_cxx13new_allocatorIiE8allocateEjPKv
                0x00404d70       0x34 C:\Users\AHMEDY~1\AppData\Local\Temp\ccoV9CCh.o
                0x00404d70                __gnu_cxx::new_allocator<int>::allocate(unsigned int, void const*)
 .text$_ZN9__gnu_cxx13new_allocatorIiEC2ERKS1_
                0x00404da4       0x10 C:\Users\AHMEDY~1\AppData\Local\Temp\ccoV9CCh.o
                0x00404da4                __gnu_cxx::new_allocator<int>::new_allocator(__gnu_cxx::new_allocator<int> const&)
 .text$_ZN9__gnu_cxx13new_allocatorIiEC2Ev
                0x00404db4        0xc C:\Users\AHMEDY~1\AppData\Local\Temp\ccoV9CCh.o
                0x00404db4                __gnu_cxx::new_allocator<int>::new_allocator()
 .text$_ZN9__gnu_cxx13new_allocatorIiED2Ev
                0x00404dc0        0xc C:\Users\AHMEDY~1\AppData\Local\Temp\ccoV9CCh.o
                0x00404dc0                __gnu_cxx::new_allocator<int>::~new_allocator()
 .text$_ZN9__gnu_cxx16__aligned_membufISt4pairIKNSt7__cxx1112basic_stringIcSt11char_traitsIcESaIcEEEiEE6_M_ptrEv
                0x00404dcc       0x18 C:\Users\AHMEDY~1\AppData\Local\Temp\ccoV9CCh.o
                0x00404dcc                __gnu_cxx::__aligned_membuf<std::pair<std::__cxx11::basic_string<char, std::char_traits<char>, std::allocator<char> > const, int> >::_M_ptr()
 .text$_ZN9__gnu_cxx16__aligned_membufISt4pairIKNSt7__cxx1112basic_stringIcSt11char_traitsIcESaIcEEEiEE7_M_addrEv
                0x00404de4       0x10 C:\Users\AHMEDY~1\AppData\Local\Temp\ccoV9CCh.o
                0x00404de4                __gnu_cxx::__aligned_membuf<std::pair<std::__cxx11::basic_string<char, std::char_traits<char>, std::allocator<char> > const, int> >::_M_addr()
 .text$_ZN9__gnu_cxx17__normal_iteratorIPcNSt7__cxx1112basic_stringIcSt11char_traitsIcESaIcEEEEppEv
                0x00404df4       0x1c C:\Users\AHMEDY~1\AppData\Local\Temp\ccoV9CCh.o
                0x00404df4                __gnu_cxx::__normal_iterator<char*, std::__cxx11::basic_string<char, std::char_traits<char>, std::allocator<char> > >::operator++()
 .text$_ZN9__gnu_cxxneIPcNSt7__cxx1112basic_stringIcSt11char_traitsIcESaIcEEEEEbRKNS_17__normal_iteratorIT_T0_EESD_
                0x00404e10       0x28 C:\Users\AHMEDY~1\AppData\Local\Temp\ccoV9CCh.o
                0x00404e10                bool __gnu_cxx::operator!=<char*, std::__cxx11::basic_string<char, std::char_traits<char>, std::allocator<char> > >(__gnu_cxx::__normal_iterator<char*, std::__cxx11::basic_string<char, std::char_traits<char>, std::allocator<char> > > const&, __gnu_cxx::__normal_iterator<char*, std::__cxx11::basic_string<char, std::char_traits<char>, std::allocator<char> > > const&)
 .text$_ZNK9__gnu_cxx13new_allocatorINSt7__cxx1112basic_stringIcSt11char_traitsIcESaIcEEEE8max_sizeEv
                0x00404e38       0x10 C:\Users\AHMEDY~1\AppData\Local\Temp\ccoV9CCh.o
                0x00404e38                __gnu_cxx::new_allocator<std::__cxx11::basic_string<char, std::char_traits<char>, std::allocator<char> > >::max_size() const
 .text$_ZNK9__gnu_cxx13new_allocatorISt13_Rb_tree_nodeISt4pairIKNSt7__cxx1112basic_stringIcSt11char_traitsIcESaIcEEEiEEE8max_sizeEv
                0x00404e48       0x10 C:\Users\AHMEDY~1\AppData\Local\Temp\ccoV9CCh.o
                0x00404e48                __gnu_cxx::new_allocator<std::_Rb_tree_node<std::pair<std::__cxx11::basic_string<char, std::char_traits<char>, std::allocator<char> > const, int> > >::max_size() const
 .text$_ZNK9__gnu_cxx13new_allocatorIiE8max_sizeEv
                0x00404e58       0x10 C:\Users\AHMEDY~1\AppData\Local\Temp\ccoV9CCh.o
                0x00404e58                __gnu_cxx::new_allocator<int>::max_size() const
 .text$_ZNK9__gnu_cxx16__aligned_membufISt4pairIKNSt7__cxx1112basic_stringIcSt11char_traitsIcESaIcEEEiEE6_M_ptrEv
                0x00404e68       0x18 C:\Users\AHMEDY~1\AppData\Local\Temp\ccoV9CCh.o
                0x00404e68                __gnu_cxx::__aligned_membuf<std::pair<std::__cxx11::basic_string<char, std::char_traits<char>, std::allocator<char> > const, int> >::_M_ptr() const
 .text$_ZNK9__gnu_cxx16__aligned_membufISt4pairIKNSt7__cxx1112basic_stringIcSt11char_traitsIcESaIcEEEiEE7_M_addrEv
                0x00404e80       0x10 C:\Users\AHMEDY~1\AppData\Local\Temp\ccoV9CCh.o
                0x00404e80                __gnu_cxx::__aligned_membuf<std::pair<std::__cxx11::basic_string<char, std::char_traits<char>, std::allocator<char> > const, int> >::_M_addr() const
 .text$_ZNK9__gnu_cxx17__normal_iteratorIPcNSt7__cxx1112basic_stringIcSt11char_traitsIcESaIcEEEE4baseEv
                0x00404e90       0x10 C:\Users\AHMEDY~1\AppData\Local\Temp\ccoV9CCh.o
                0x00404e90                __gnu_cxx::__normal_iterator<char*, std::__cxx11::basic_string<char, std::char_traits<char>, std::allocator<char> > >::base() const
 .text$_ZNK9__gnu_cxx17__normal_iteratorIPcNSt7__cxx1112basic_stringIcSt11char_traitsIcESaIcEEEEdeEv
                0x00404ea0       0x10 C:\Users\AHMEDY~1\AppData\Local\Temp\ccoV9CCh.o
                0x00404ea0                __gnu_cxx::__normal_iterator<char*, std::__cxx11::basic_string<char, std::char_traits<char>, std::allocator<char> > >::operator*() const
 .text$_ZNKSt10_Select1stISt4pairIKNSt7__cxx1112basic_stringIcSt11char_traitsIcESaIcEEEiEEclERKS8_
                0x00404eb0       0x10 C:\Users\AHMEDY~1\AppData\Local\Temp\ccoV9CCh.o
                0x00404eb0                std::_Select1st<std::pair<std::__cxx11::basic_string<char, std::char_traits<char>, std::allocator<char> > const, int> >::operator()(std::pair<std::__cxx11::basic_string<char, std::char_traits<char>, std::allocator<char> > const, int> const&) const
 .text$_ZNKSt13_Rb_tree_nodeISt4pairIKNSt7__cxx1112basic_stringIcSt11char_traitsIcESaIcEEEiEE9_M_valptrEv
                0x00404ec0       0x18 C:\Users\AHMEDY~1\AppData\Local\Temp\ccoV9CCh.o
                0x00404ec0                std::_Rb_tree_node<std::pair<std::__cxx11::basic_string<char, std::char_traits<char>, std::allocator<char> > const, int> >::_M_valptr() const
 .text$_ZNKSt17_Rb_tree_iteratorISt4pairIKNSt7__cxx1112basic_stringIcSt11char_traitsIcESaIcEEEiEEdeEv
                0x00404ed8       0x18 C:\Users\AHMEDY~1\AppData\Local\Temp\ccoV9CCh.o
                0x00404ed8                std::_Rb_tree_iterator<std::pair<std::__cxx11::basic_string<char, std::char_traits<char>, std::allocator<char> > const, int> >::operator*() const
 .text$_ZNKSt17_Rb_tree_iteratorISt4pairIKNSt7__cxx1112basic_stringIcSt11char_traitsIcESaIcEEEiEEeqERKS9_
                0x00404ef0       0x1c C:\Users\AHMEDY~1\AppData\Local\Temp\ccoV9CCh.o
                0x00404ef0                std::_Rb_tree_iterator<std::pair<std::__cxx11::basic_string<char, std::char_traits<char>, std::allocator<char> > const, int> >::operator==(std::_Rb_tree_iterator<std::pair<std::__cxx11::basic_string<char, std::char_traits<char>, std::allocator<char> > const, int> > const&) const
 .text$_ZNKSt23_Rb_tree_const_iteratorISt4pairIKNSt7__cxx1112basic_stringIcSt11char_traitsIcESaIcEEEiEE13_M_const_castEv
                0x00404f0c       0x24 C:\Users\AHMEDY~1\AppData\Local\Temp\ccoV9CCh.o
                0x00404f0c                std::_Rb_tree_const_iterator<std::pair<std::__cxx11::basic_string<char, std::char_traits<char>, std::allocator<char> > const, int> >::_M_const_cast() const
 .text$_ZNKSt3mapINSt7__cxx1112basic_stringIcSt11char_traitsIcESaIcEEEiSt4lessIS5_ESaISt4pairIKS5_iEEE8key_compEv
                0x00404f30       0x1c C:\Users\AHMEDY~1\AppData\Local\Temp\ccoV9CCh.o
                0x00404f30                std::map<std::__cxx11::basic_string<char, std::char_traits<char>, std::allocator<char> >, int, std::less<std::__cxx11::basic_string<char, std::char_traits<char>, std::allocator<char> > >, std::allocator<std::pair<std::__cxx11::basic_string<char, std::char_traits<char>, std::allocator<char> > const, int> > >::key_comp() const
 .text$_ZNKSt4lessINSt7__cxx1112basic_stringIcSt11char_traitsIcESaIcEEEEclERKS5_S8_
                0x00404f4c       0x20 C:\Users\AHMEDY~1\AppData\Local\Temp\ccoV9CCh.o
                0x00404f4c                std::less<std::__cxx11::basic_string<char, std::char_traits<char>, std::allocator<char> > >::operator()(std::__cxx11::basic_string<char, std::char_traits<char>, std::allocator<char> > const&, std::__cxx11::basic_string<char, std::char_traits<char>, std::allocator<char> > const&) const
 .text$_ZNKSt8_Rb_treeINSt7__cxx1112basic_stringIcSt11char_traitsIcESaIcEEESt4pairIKS5_iESt10_Select1stIS8_ESt4lessIS5_ESaIS8_EE4sizeEv
                0x00404f6c       0x14 C:\Users\AHMEDY~1\AppData\Local\Temp\ccoV9CCh.o
                0x00404f6c                std::_Rb_tree<std::__cxx11::basic_string<char, std::char_traits<char>, std::allocator<char> >, std::pair<std::__cxx11::basic_string<char, std::char_traits<char>, std::allocator<char> > const, int>, std::_Select1st<std::pair<std::__cxx11::basic_string<char, std::char_traits<char>, std::allocator<char> > const, int> >, std::less<std::__cxx11::basic_string<char, std::char_traits<char>, std::allocator<char> > >, std::allocator<std::pair<std::__cxx11::basic_string<char, std::char_traits<char>, std::allocator<char> > const, int> > >::size() const
 .text$_ZNKSt8_Rb_treeINSt7__cxx1112basic_stringIcSt11char_traitsIcESaIcEEESt4pairIKS5_iESt10_Select1stIS8_ESt4lessIS5_ESaIS8_EE8key_compEv
                0x00404f80        0xc C:\Users\AHMEDY~1\AppData\Local\Temp\ccoV9CCh.o
                0x00404f80                std::_Rb_tree<std::__cxx11::basic_string<char, std::char_traits<char>, std::allocator<char> >, std::pair<std::__cxx11::basic_string<char, std::char_traits<char>, std::allocator<char> > const, int>, std::_Select1st<std::pair<std::__cxx11::basic_string<char, std::char_traits<char>, std::allocator<char> > const, int> >, std::less<std::__cxx11::basic_string<char, std::char_traits<char>, std::allocator<char> > >, std::allocator<std::pair<std::__cxx11::basic_string<char, std::char_traits<char>, std::allocator<char> > const, int> > >::key_comp() const
 .text$_ZNSaINSt7__cxx1112basic_stringIcSt11char_traitsIcESaIcEEEEC1Ev
                0x00404f8c       0x18 C:\Users\AHMEDY~1\AppData\Local\Temp\ccoV9CCh.o
                0x00404f8c                std::allocator<std::__cxx11::basic_string<char, std::char_traits<char>, std::allocator<char> > >::allocator()
 .text$_ZNSaINSt7__cxx1112basic_stringIcSt11char_traitsIcESaIcEEEEC2ERKS5_
                0x00404fa4       0x24 C:\Users\AHMEDY~1\AppData\Local\Temp\ccoV9CCh.o
                0x00404fa4                std::allocator<std::__cxx11::basic_string<char, std::char_traits<char>, std::allocator<char> > >::allocator(std::allocator<std::__cxx11::basic_string<char, std::char_traits<char>, std::allocator<char> > > const&)
 .text$_ZNSaINSt7__cxx1112basic_stringIcSt11char_traitsIcESaIcEEEED1Ev
                0x00404fc8       0x18 C:\Users\AHMEDY~1\AppData\Local\Temp\ccoV9CCh.o
                0x00404fc8                std::allocator<std::__cxx11::basic_string<char, std::char_traits<char>, std::allocator<char> > >::~allocator()
 .text$_ZNSaINSt7__cxx1112basic_stringIcSt11char_traitsIcESaIcEEEED2Ev
                0x00404fe0       0x18 C:\Users\AHMEDY~1\AppData\Local\Temp\ccoV9CCh.o
                0x00404fe0                std::allocator<std::__cxx11::basic_string<char, std::char_traits<char>, std::allocator<char> > >::~allocator()
 .text$_ZNSaISt13_Rb_tree_nodeISt4pairIKNSt7__cxx1112basic_stringIcSt11char_traitsIcESaIcEEEiEEEC2Ev
                0x00404ff8       0x18 C:\Users\AHMEDY~1\AppData\Local\Temp\ccoV9CCh.o
                0x00404ff8                std::allocator<std::_Rb_tree_node<std::pair<std::__cxx11::basic_string<char, std::char_traits<char>, std::allocator<char> > const, int> > >::allocator()
 .text$_ZNSaISt13_Rb_tree_nodeISt4pairIKNSt7__cxx1112basic_stringIcSt11char_traitsIcESaIcEEEiEEED2Ev
                0x00405010       0x18 C:\Users\AHMEDY~1\AppData\Local\Temp\ccoV9CCh.o
                0x00405010                std::allocator<std::_Rb_tree_node<std::pair<std::__cxx11::basic_string<char, std::char_traits<char>, std::allocator<char> > const, int> > >::~allocator()
 .text$_ZNSaIiEC1Ev
                0x00405028       0x18 C:\Users\AHMEDY~1\AppData\Local\Temp\ccoV9CCh.o
                0x00405028                std::allocator<int>::allocator()
 .text$_ZNSaIiEC2ERKS_
                0x00405040       0x24 C:\Users\AHMEDY~1\AppData\Local\Temp\ccoV9CCh.o
                0x00405040                std::allocator<int>::allocator(std::allocator<int> const&)
 .text$_ZNSaIiED1Ev
                0x00405064       0x18 C:\Users\AHMEDY~1\AppData\Local\Temp\ccoV9CCh.o
                0x00405064                std::allocator<int>::~allocator()
 .text$_ZNSaIiED2Ev
                0x0040507c       0x18 C:\Users\AHMEDY~1\AppData\Local\Temp\ccoV9CCh.o
                0x0040507c                std::allocator<int>::~allocator()
 .text$_ZNSt10_Head_baseILj0EONSt7__cxx1112basic_stringIcSt11char_traitsIcESaIcEEELb0EE7_M_headERS7_
                0x00405094        0xc C:\Users\AHMEDY~1\AppData\Local\Temp\ccoV9CCh.o
                0x00405094                std::_Head_base<0u, std::__cxx11::basic_string<char, std::char_traits<char>, std::allocator<char> >&&, false>::_M_head(std::_Head_base<0u, std::__cxx11::basic_string<char, std::char_traits<char>, std::allocator<char> >&&, false>&)
 .text$_ZNSt10_Head_baseILj0EONSt7__cxx1112basic_stringIcSt11char_traitsIcESaIcEEELb0EEC2IS5_EEOT_
                0x004050a0       0x20 C:\Users\AHMEDY~1\AppData\Local\Temp\ccoV9CCh.o
                0x004050a0                std::_Head_base<0u, std::__cxx11::basic_string<char, std::char_traits<char>, std::allocator<char> >&&, false>::_Head_base<std::__cxx11::basic_string<char, std::char_traits<char>, std::allocator<char> > >(std::__cxx11::basic_string<char, std::char_traits<char>, std::allocator<char> >&&)
 .text$_ZNSt10_Head_baseILj0ERKNSt7__cxx1112basic_stringIcSt11char_traitsIcESaIcEEELb0EE7_M_headERS8_
                0x004050c0        0xc C:\Users\AHMEDY~1\AppData\Local\Temp\ccoV9CCh.o
                0x004050c0                std::_Head_base<0u, std::__cxx11::basic_string<char, std::char_traits<char>, std::allocator<char> > const&, false>::_M_head(std::_Head_base<0u, std::__cxx11::basic_string<char, std::char_traits<char>, std::allocator<char> > const&, false>&)
 .text$_ZNSt10_Head_baseILj0ERKNSt7__cxx1112basic_stringIcSt11char_traitsIcESaIcEEELb0EEC2ES7_
                0x004050cc       0x18 C:\Users\AHMEDY~1\AppData\Local\Temp\ccoV9CCh.o
                0x004050cc                std::_Head_base<0u, std::__cxx11::basic_string<char, std::char_traits<char>, std::allocator<char> > const&, false>::_Head_base(std::__cxx11::basic_string<char, std::char_traits<char>, std::allocator<char> > const&)
 .text$_ZNSt11_Tuple_implILj0EJONSt7__cxx1112basic_stringIcSt11char_traitsIcESaIcEEEEE7_M_headERS7_
                0x004050e4       0x14 C:\Users\AHMEDY~1\AppData\Local\Temp\ccoV9CCh.o
                0x004050e4                std::_Tuple_impl<0u, std::__cxx11::basic_string<char, std::char_traits<char>, std::allocator<char> >&&>::_M_head(std::_Tuple_impl<0u, std::__cxx11::basic_string<char, std::char_traits<char>, std::allocator<char> >&&>&)
 .text$_ZNSt11_Tuple_implILj0EJONSt7__cxx1112basic_stringIcSt11char_traitsIcESaIcEEEEEC2EOS7_
                0x004050f8       0x38 C:\Users\AHMEDY~1\AppData\Local\Temp\ccoV9CCh.o
                0x004050f8                std::_Tuple_impl<0u, std::__cxx11::basic_string<char, std::char_traits<char>, std::allocator<char> >&&>::_Tuple_impl(std::_Tuple_impl<0u, std::__cxx11::basic_string<char, std::char_traits<char>, std::allocator<char> >&&>&&)
 .text$_ZNSt11_Tuple_implILj0EJONSt7__cxx1112basic_stringIcSt11char_traitsIcESaIcEEEEEC2IS5_EEOT_
                0x00405130       0x30 C:\Users\AHMEDY~1\AppData\Local\Temp\ccoV9CCh.o
                0x00405130                std::_Tuple_impl<0u, std::__cxx11::basic_string<char, std::char_traits<char>, std::allocator<char> >&&>::_Tuple_impl<std::__cxx11::basic_string<char, std::char_traits<char>, std::allocator<char> > >(std::__cxx11::basic_string<char, std::char_traits<char>, std::allocator<char> >&&)
 .text$_ZNSt11_Tuple_implILj0EJRKNSt7__cxx1112basic_stringIcSt11char_traitsIcESaIcEEEEE7_M_headERS8_
                0x00405160       0x14 C:\Users\AHMEDY~1\AppData\Local\Temp\ccoV9CCh.o
                0x00405160                std::_Tuple_impl<0u, std::__cxx11::basic_string<char, std::char_traits<char>, std::allocator<char> > const&>::_M_head(std::_Tuple_impl<0u, std::__cxx11::basic_string<char, std::char_traits<char>, std::allocator<char> > const&>&)
 .text$_ZNSt11_Tuple_implILj0EJRKNSt7__cxx1112basic_stringIcSt11char_traitsIcESaIcEEEEEC2EOS8_
                0x00405174       0x38 C:\Users\AHMEDY~1\AppData\Local\Temp\ccoV9CCh.o
                0x00405174                std::_Tuple_impl<0u, std::__cxx11::basic_string<char, std::char_traits<char>, std::allocator<char> > const&>::_Tuple_impl(std::_Tuple_impl<0u, std::__cxx11::basic_string<char, std::char_traits<char>, std::allocator<char> > const&>&&)
 .text$_ZNSt11_Tuple_implILj0EJRKNSt7__cxx1112basic_stringIcSt11char_traitsIcESaIcEEEEEC2ES7_
                0x004051ac       0x24 C:\Users\AHMEDY~1\AppData\Local\Temp\ccoV9CCh.o
                0x004051ac                std::_Tuple_impl<0u, std::__cxx11::basic_string<char, std::char_traits<char>, std::allocator<char> > const&>::_Tuple_impl(std::__cxx11::basic_string<char, std::char_traits<char>, std::allocator<char> > const&)
 .text$_ZNSt12_Destroy_auxILb0EE9__destroyIPNSt7__cxx1112basic_stringIcSt11char_traitsIcESaIcEEEEEvT_S9_
                0x004051d0       0x2c C:\Users\AHMEDY~1\AppData\Local\Temp\ccoV9CCh.o
                0x004051d0                void std::_Destroy_aux<false>::__destroy<std::__cxx11::basic_string<char, std::char_traits<char>, std::allocator<char> >*>(std::__cxx11::basic_string<char, std::char_traits<char>, std::allocator<char> >*, std::__cxx11::basic_string<char, std::char_traits<char>, std::allocator<char> >*)
 .text$_ZNSt12_Destroy_auxILb1EE9__destroyIPiEEvT_S3_
                0x004051fc        0x8 C:\Users\AHMEDY~1\AppData\Local\Temp\ccoV9CCh.o
                0x004051fc                void std::_Destroy_aux<true>::__destroy<int*>(int*, int*)
 .text$_ZNSt12_Vector_baseINSt7__cxx1112basic_stringIcSt11char_traitsIcESaIcEEESaIS5_EE11_M_allocateEj
                0x00405204       0x2c C:\Users\AHMEDY~1\AppData\Local\Temp\ccoV9CCh.o
                0x00405204                std::_Vector_base<std::__cxx11::basic_string<char, std::char_traits<char>, std::allocator<char> >, std::allocator<std::__cxx11::basic_string<char, std::char_traits<char>, std::allocator<char> > > >::_M_allocate(unsigned int)
 .text$_ZNSt12_Vector_baseINSt7__cxx1112basic_stringIcSt11char_traitsIcESaIcEEESaIS5_EE12_Vector_implC1ERKS6_
                0x00405230       0x40 C:\Users\AHMEDY~1\AppData\Local\Temp\ccoV9CCh.o
                0x00405230                std::_Vector_base<std::__cxx11::basic_string<char, std::char_traits<char>, std::allocator<char> >, std::allocator<std::__cxx11::basic_string<char, std::char_traits<char>, std::allocator<char> > > >::_Vector_impl::_Vector_impl(std::allocator<std::__cxx11::basic_string<char, std::char_traits<char>, std::allocator<char> > > const&)
 .text$_ZNSt12_Vector_baseINSt7__cxx1112basic_stringIcSt11char_traitsIcESaIcEEESaIS5_EE12_Vector_implD1Ev
                0x00405270       0x18 C:\Users\AHMEDY~1\AppData\Local\Temp\ccoV9CCh.o
                0x00405270                std::_Vector_base<std::__cxx11::basic_string<char, std::char_traits<char>, std::allocator<char> >, std::allocator<std::__cxx11::basic_string<char, std::char_traits<char>, std::allocator<char> > > >::_Vector_impl::~_Vector_impl()
 .text$_ZNSt12_Vector_baseINSt7__cxx1112basic_stringIcSt11char_traitsIcESaIcEEESaIS5_EE13_M_deallocateEPS5_j
                0x00405288       0x30 C:\Users\AHMEDY~1\AppData\Local\Temp\ccoV9CCh.o
                0x00405288                std::_Vector_base<std::__cxx11::basic_string<char, std::char_traits<char>, std::allocator<char> >, std::allocator<std::__cxx11::basic_string<char, std::char_traits<char>, std::allocator<char> > > >::_M_deallocate(std::__cxx11::basic_string<char, std::char_traits<char>, std::allocator<char> >*, unsigned int)
 .text$_ZNSt12_Vector_baseINSt7__cxx1112basic_stringIcSt11char_traitsIcESaIcEEESaIS5_EE17_M_create_storageEj
                0x004052b8       0x50 C:\Users\AHMEDY~1\AppData\Local\Temp\ccoV9CCh.o
                0x004052b8                std::_Vector_base<std::__cxx11::basic_string<char, std::char_traits<char>, std::allocator<char> >, std::allocator<std::__cxx11::basic_string<char, std::char_traits<char>, std::allocator<char> > > >::_M_create_storage(unsigned int)
 .text$_ZNSt12_Vector_baseINSt7__cxx1112basic_stringIcSt11char_traitsIcESaIcEEESaIS5_EE19_M_get_Tp_allocatorEv
                0x00405308       0x10 C:\Users\AHMEDY~1\AppData\Local\Temp\ccoV9CCh.o
                0x00405308                std::_Vector_base<std::__cxx11::basic_string<char, std::char_traits<char>, std::allocator<char> >, std::allocator<std::__cxx11::basic_string<char, std::char_traits<char>, std::allocator<char> > > >::_M_get_Tp_allocator()
 .text$_ZNSt12_Vector_baseINSt7__cxx1112basic_stringIcSt11char_traitsIcESaIcEEESaIS5_EEC2EjRKS6_
                0x00405318       0x50 C:\Users\AHMEDY~1\AppData\Local\Temp\ccoV9CCh.o
                0x00405318                std::_Vector_base<std::__cxx11::basic_string<char, std::char_traits<char>, std::allocator<char> >, std::allocator<std::__cxx11::basic_string<char, std::char_traits<char>, std::allocator<char> > > >::_Vector_base(unsigned int, std::allocator<std::__cxx11::basic_string<char, std::char_traits<char>, std::allocator<char> > > const&)
 .text$_ZNSt12_Vector_baseINSt7__cxx1112basic_stringIcSt11char_traitsIcESaIcEEESaIS5_EED2Ev
                0x00405368       0x4c C:\Users\AHMEDY~1\AppData\Local\Temp\ccoV9CCh.o
                0x00405368                std::_Vector_base<std::__cxx11::basic_string<char, std::char_traits<char>, std::allocator<char> >, std::allocator<std::__cxx11::basic_string<char, std::char_traits<char>, std::allocator<char> > > >::~_Vector_base()
 .text$_ZNSt12_Vector_baseIiSaIiEE11_M_allocateEj
                0x004053b4       0x2c C:\Users\AHMEDY~1\AppData\Local\Temp\ccoV9CCh.o
                0x004053b4                std::_Vector_base<int, std::allocator<int> >::_M_allocate(unsigned int)
 .text$_ZNSt12_Vector_baseIiSaIiEE12_Vector_implC1ERKS0_
                0x004053e0       0x40 C:\Users\AHMEDY~1\AppData\Local\Temp\ccoV9CCh.o
                0x004053e0                std::_Vector_base<int, std::allocator<int> >::_Vector_impl::_Vector_impl(std::allocator<int> const&)
 .text$_ZNSt12_Vector_baseIiSaIiEE12_Vector_implD1Ev
                0x00405420       0x18 C:\Users\AHMEDY~1\AppData\Local\Temp\ccoV9CCh.o
                0x00405420                std::_Vector_base<int, std::allocator<int> >::_Vector_impl::~_Vector_impl()
 .text$_ZNSt12_Vector_baseIiSaIiEE13_M_deallocateEPij
                0x00405438       0x30 C:\Users\AHMEDY~1\AppData\Local\Temp\ccoV9CCh.o
                0x00405438                std::_Vector_base<int, std::allocator<int> >::_M_deallocate(int*, unsigned int)
 .text$_ZNSt12_Vector_baseIiSaIiEE17_M_create_storageEj
                0x00405468       0x48 C:\Users\AHMEDY~1\AppData\Local\Temp\ccoV9CCh.o
                0x00405468                std::_Vector_base<int, std::allocator<int> >::_M_create_storage(unsigned int)
 .text$_ZNSt12_Vector_baseIiSaIiEE19_M_get_Tp_allocatorEv
                0x004054b0       0x10 C:\Users\AHMEDY~1\AppData\Local\Temp\ccoV9CCh.o
                0x004054b0                std::_Vector_base<int, std::allocator<int> >::_M_get_Tp_allocator()
 .text$_ZNSt12_Vector_baseIiSaIiEEC2EjRKS0_
                0x004054c0       0x50 C:\Users\AHMEDY~1\AppData\Local\Temp\ccoV9CCh.o
                0x004054c0                std::_Vector_base<int, std::allocator<int> >::_Vector_base(unsigned int, std::allocator<int> const&)
 .text$_ZNSt12_Vector_baseIiSaIiEED2Ev
                0x00405510       0x44 C:\Users\AHMEDY~1\AppData\Local\Temp\ccoV9CCh.o
                0x00405510                std::_Vector_base<int, std::allocator<int> >::~_Vector_base()
 .text$_ZNSt13_Rb_tree_nodeISt4pairIKNSt7__cxx1112basic_stringIcSt11char_traitsIcESaIcEEEiEE9_M_valptrEv
                0x00405554       0x18 C:\Users\AHMEDY~1\AppData\Local\Temp\ccoV9CCh.o
                0x00405554                std::_Rb_tree_node<std::pair<std::__cxx11::basic_string<char, std::char_traits<char>, std::allocator<char> > const, int> >::_M_valptr()
 .text$_ZNSt15_Rb_tree_header8_M_resetEv
                0x0040556c       0x34 C:\Users\AHMEDY~1\AppData\Local\Temp\ccoV9CCh.o
                0x0040556c                std::_Rb_tree_header::_M_reset()
 .text$_ZNSt15_Rb_tree_headerC2Ev
                0x004055a0       0x20 C:\Users\AHMEDY~1\AppData\Local\Temp\ccoV9CCh.o
                0x004055a0                std::_Rb_tree_header::_Rb_tree_header()
 .text$_ZNSt16allocator_traitsISaINSt7__cxx1112basic_stringIcSt11char_traitsIcESaIcEEEEE10deallocateERS6_PS5_j
                0x004055c0       0x24 C:\Users\AHMEDY~1\AppData\Local\Temp\ccoV9CCh.o
                0x004055c0                std::allocator_traits<std::allocator<std::__cxx11::basic_string<char, std::char_traits<char>, std::allocator<char> > > >::deallocate(std::allocator<std::__cxx11::basic_string<char, std::char_traits<char>, std::allocator<char> > >&, std::__cxx11::basic_string<char, std::char_traits<char>, std::allocator<char> >*, unsigned int)
 .text$_ZNSt16allocator_traitsISaINSt7__cxx1112basic_stringIcSt11char_traitsIcESaIcEEEEE8allocateERS6_j
                0x004055e4       0x24 C:\Users\AHMEDY~1\AppData\Local\Temp\ccoV9CCh.o
                0x004055e4                std::allocator_traits<std::allocator<std::__cxx11::basic_string<char, std::char_traits<char>, std::allocator<char> > > >::allocate(std::allocator<std::__cxx11::basic_string<char, std::char_traits<char>, std::allocator<char> > >&, unsigned int)
 .text$_ZNSt16allocator_traitsISaISt13_Rb_tree_nodeISt4pairIKNSt7__cxx1112basic_stringIcSt11char_traitsIcESaIcEEEiEEEE10deallocateERSB_PSA_j
                0x00405608       0x24 C:\Users\AHMEDY~1\AppData\Local\Temp\ccoV9CCh.o
                0x00405608                std::allocator_traits<std::allocator<std::_Rb_tree_node<std::pair<std::__cxx11::basic_string<char, std::char_traits<char>, std::allocator<char> > const, int> > > >::deallocate(std::allocator<std::_Rb_tree_node<std::pair<std::__cxx11::basic_string<char, std::char_traits<char>, std::allocator<char> > const, int> > >&, std::_Rb_tree_node<std::pair<std::__cxx11::basic_string<char, std::char_traits<char>, std::allocator<char> > const, int> >*, unsigned int)
 .text$_ZNSt16allocator_traitsISaISt13_Rb_tree_nodeISt4pairIKNSt7__cxx1112basic_stringIcSt11char_traitsIcESaIcEEEiEEEE7destroyIS9_EEvRSB_PT_
                0x0040562c       0x1c C:\Users\AHMEDY~1\AppData\Local\Temp\ccoV9CCh.o
                0x0040562c                void std::allocator_traits<std::allocator<std::_Rb_tree_node<std::pair<std::__cxx11::basic_string<char, std::char_traits<char>, std::allocator<char> > const, int> > > >::destroy<std::pair<std::__cxx11::basic_string<char, std::char_traits<char>, std::allocator<char> > const, int> >(std::allocator<std::_Rb_tree_node<std::pair<std::__cxx11::basic_string<char, std::char_traits<char>, std::allocator<char> > const, int> > >&, std::pair<std::__cxx11::basic_string<char, std::char_traits<char>, std::allocator<char> > const, int>*)
 .text$_ZNSt16allocator_traitsISaISt13_Rb_tree_nodeISt4pairIKNSt7__cxx1112basic_stringIcSt11char_traitsIcESaIcEEEiEEEE8allocateERSB_j
                0x00405648       0x24 C:\Users\AHMEDY~1\AppData\Local\Temp\ccoV9CCh.o
                0x00405648                std::allocator_traits<std::allocator<std::_Rb_tree_node<std::pair<std::__cxx11::basic_string<char, std::char_traits<char>, std::allocator<char> > const, int> > > >::allocate(std::allocator<std::_Rb_tree_node<std::pair<std::__cxx11::basic_string<char, std::char_traits<char>, std::allocator<char> > const, int> > >&, unsigned int)
 .text$_ZNSt16allocator_traitsISaISt13_Rb_tree_nodeISt4pairIKNSt7__cxx1112basic_stringIcSt11char_traitsIcESaIcEEEiEEEE9constructIS9_JRKSt21piecewise_construct_tSt5tupleIJOS7_EESH_IJEEEEEvRSB_PT_DpOT0_
                0x0040566c       0x54 C:\Users\AHMEDY~1\AppData\Local\Temp\ccoV9CCh.o
                0x0040566c                void std::allocator_traits<std::allocator<std::_Rb_tree_node<std::pair<std::__cxx11::basic_string<char, std::char_traits<char>, std::allocator<char> > const, int> > > >::construct<std::pair<std::__cxx11::basic_string<char, std::char_traits<char>, std::allocator<char> > const, int>, std::piecewise_construct_t const&, std::tuple<std::__cxx11::basic_string<char, std::char_traits<char>, std::allocator<char> >&&>, std::tuple<> >(std::allocator<std::_Rb_tree_node<std::pair<std::__cxx11::basic_string<char, std::char_traits<char>, std::allocator<char> > const, int> > >&, std::pair<std::__cxx11::basic_string<char, std::char_traits<char>, std::allocator<char> > const, int>*, std::piecewise_construct_t const&, std::tuple<std::__cxx11::basic_string<char, std::char_traits<char>, std::allocator<char> >&&>&&, std::tuple<>&&)
 .text$_ZNSt16allocator_traitsISaISt13_Rb_tree_nodeISt4pairIKNSt7__cxx1112basic_stringIcSt11char_traitsIcESaIcEEEiEEEE9constructIS9_JRKSt21piecewise_construct_tSt5tupleIJRS8_EESH_IJEEEEEvRSB_PT_DpOT0_
                0x004056c0       0x54 C:\Users\AHMEDY~1\AppData\Local\Temp\ccoV9CCh.o
                0x004056c0                void std::allocator_traits<std::allocator<std::_Rb_tree_node<std::pair<std::__cxx11::basic_string<char, std::char_traits<char>, std::allocator<char> > const, int> > > >::construct<std::pair<std::__cxx11::basic_string<char, std::char_traits<char>, std::allocator<char> > const, int>, std::piecewise_construct_t const&, std::tuple<std::__cxx11::basic_string<char, std::char_traits<char>, std::allocator<char> > const&>, std::tuple<> >(std::allocator<std::_Rb_tree_node<std::pair<std::__cxx11::basic_string<char, std::char_traits<char>, std::allocator<char> > const, int> > >&, std::pair<std::__cxx11::basic_string<char, std::char_traits<char>, std::allocator<char> > const, int>*, std::piecewise_construct_t const&, std::tuple<std::__cxx11::basic_string<char, std::char_traits<char>, std::allocator<char> > const&>&&, std::tuple<>&&)
 .text$_ZNSt16allocator_traitsISaIiEE10deallocateERS0_Pij
                0x00405714       0x24 C:\Users\AHMEDY~1\AppData\Local\Temp\ccoV9CCh.o
                0x00405714                std::allocator_traits<std::allocator<int> >::deallocate(std::allocator<int>&, int*, unsigned int)
 .text$_ZNSt16allocator_traitsISaIiEE8allocateERS0_j
                0x00405738       0x24 C:\Users\AHMEDY~1\AppData\Local\Temp\ccoV9CCh.o
                0x00405738                std::allocator_traits<std::allocator<int> >::allocate(std::allocator<int>&, unsigned int)
 .text$_ZNSt17_Rb_tree_iteratorISt4pairIKNSt7__cxx1112basic_stringIcSt11char_traitsIcESaIcEEEiEEC1EPSt18_Rb_tree_node_base
                0x0040575c       0x18 C:\Users\AHMEDY~1\AppData\Local\Temp\ccoV9CCh.o
                0x0040575c                std::_Rb_tree_iterator<std::pair<std::__cxx11::basic_string<char, std::char_traits<char>, std::allocator<char> > const, int> >::_Rb_tree_iterator(std::_Rb_tree_node_base*)
 .text$_ZNSt17_Rb_tree_iteratorISt4pairIKNSt7__cxx1112basic_stringIcSt11char_traitsIcESaIcEEEiEEmmEv
                0x00405774       0x24 C:\Users\AHMEDY~1\AppData\Local\Temp\ccoV9CCh.o
                0x00405774                std::_Rb_tree_iterator<std::pair<std::__cxx11::basic_string<char, std::char_traits<char>, std::allocator<char> > const, int> >::operator--()
 .text$_ZNSt17_Rb_tree_iteratorISt4pairIKNSt7__cxx1112basic_stringIcSt11char_traitsIcESaIcEEEiEEppEv
                0x00405798       0x24 C:\Users\AHMEDY~1\AppData\Local\Temp\ccoV9CCh.o
                0x00405798                std::_Rb_tree_iterator<std::pair<std::__cxx11::basic_string<char, std::char_traits<char>, std::allocator<char> > const, int> >::operator++()
 .text$_ZNSt20_Rb_tree_key_compareISt4lessINSt7__cxx1112basic_stringIcSt11char_traitsIcESaIcEEEEEC2Ev
                0x004057bc        0xc C:\Users\AHMEDY~1\AppData\Local\Temp\ccoV9CCh.o
                0x004057bc                std::_Rb_tree_key_compare<std::less<std::__cxx11::basic_string<char, std::char_traits<char>, std::allocator<char> > > >::_Rb_tree_key_compare()
 .text$_ZNSt23_Rb_tree_const_iteratorISt4pairIKNSt7__cxx1112basic_stringIcSt11char_traitsIcESaIcEEEiEEC1ERKSt17_Rb_tree_iteratorIS8_E
                0x004057c8       0x18 C:\Users\AHMEDY~1\AppData\Local\Temp\ccoV9CCh.o
                0x004057c8                std::_Rb_tree_const_iterator<std::pair<std::__cxx11::basic_string<char, std::char_traits<char>, std::allocator<char> > const, int> >::_Rb_tree_const_iterator(std::_Rb_tree_iterator<std::pair<std::__cxx11::basic_string<char, std::char_traits<char>, std::allocator<char> > const, int> > const&)
 .text$_ZNSt27__uninitialized_default_n_1ILb0EE18__uninit_default_nIPNSt7__cxx1112basic_stringIcSt11char_traitsIcESaIcEEEjEET_S9_T0_
                0x004057e0       0x34 C:\Users\AHMEDY~1\AppData\Local\Temp\ccoV9CCh.o
                0x004057e0                std::__cxx11::basic_string<char, std::char_traits<char>, std::allocator<char> >* std::__uninitialized_default_n_1<false>::__uninit_default_n<std::__cxx11::basic_string<char, std::char_traits<char>, std::allocator<char> >*, unsigned int>(std::__cxx11::basic_string<char, std::char_traits<char>, std::allocator<char> >*, unsigned int)
 .text$_ZNSt27__uninitialized_default_n_1ILb1EE18__uninit_default_nIPijEET_S3_T0_
                0x00405814       0x2c C:\Users\AHMEDY~1\AppData\Local\Temp\ccoV9CCh.o
                0x00405814                int* std::__uninitialized_default_n_1<true>::__uninit_default_n<int*, unsigned int>(int*, unsigned int)
 .text$_ZNSt3mapINSt7__cxx1112basic_stringIcSt11char_traitsIcESaIcEEEiSt4lessIS5_ESaISt4pairIKS5_iEEE11lower_boundERS9_
                0x00405840       0x20 C:\Users\AHMEDY~1\AppData\Local\Temp\ccoV9CCh.o
                0x00405840                std::map<std::__cxx11::basic_string<char, std::char_traits<char>, std::allocator<char> >, int, std::less<std::__cxx11::basic_string<char, std::char_traits<char>, std::allocator<char> > >, std::allocator<std::pair<std::__cxx11::basic_string<char, std::char_traits<char>, std::allocator<char> > const, int> > >::lower_bound(std::__cxx11::basic_string<char, std::char_traits<char>, std::allocator<char> > const&)
 .text$_ZNSt3mapINSt7__cxx1112basic_stringIcSt11char_traitsIcESaIcEEEiSt4lessIS5_ESaISt4pairIKS5_iEEE3endEv
                0x00405860       0x18 C:\Users\AHMEDY~1\AppData\Local\Temp\ccoV9CCh.o
                0x00405860                std::map<std::__cxx11::basic_string<char, std::char_traits<char>, std::allocator<char> >, int, std::less<std::__cxx11::basic_string<char, std::char_traits<char>, std::allocator<char> > >, std::allocator<std::pair<std::__cxx11::basic_string<char, std::char_traits<char>, std::allocator<char> > const, int> > >::end()
 .text$_ZNSt3mapINSt7__cxx1112basic_stringIcSt11char_traitsIcESaIcEEEiSt4lessIS5_ESaISt4pairIKS5_iEEEC1Ev
                0x00405878       0x18 C:\Users\AHMEDY~1\AppData\Local\Temp\ccoV9CCh.o
                0x00405878                std::map<std::__cxx11::basic_string<char, std::char_traits<char>, std::allocator<char> >, int, std::less<std::__cxx11::basic_string<char, std::char_traits<char>, std::allocator<char> > >, std::allocator<std::pair<std::__cxx11::basic_string<char, std::char_traits<char>, std::allocator<char> > const, int> > >::map()
 .text$_ZNSt3mapINSt7__cxx1112basic_stringIcSt11char_traitsIcESaIcEEEiSt4lessIS5_ESaISt4pairIKS5_iEEED1Ev
                0x00405890       0x18 C:\Users\AHMEDY~1\AppData\Local\Temp\ccoV9CCh.o
                0x00405890                std::map<std::__cxx11::basic_string<char, std::char_traits<char>, std::allocator<char> >, int, std::less<std::__cxx11::basic_string<char, std::char_traits<char>, std::allocator<char> > >, std::allocator<std::pair<std::__cxx11::basic_string<char, std::char_traits<char>, std::allocator<char> > const, int> > >::~map()
 .text$_ZNSt3mapINSt7__cxx1112basic_stringIcSt11char_traitsIcESaIcEEEiSt4lessIS5_ESaISt4pairIKS5_iEEEixEOS5_
                0x004058a8       0xf4 C:\Users\AHMEDY~1\AppData\Local\Temp\ccoV9CCh.o
                0x004058a8                std::map<std::__cxx11::basic_string<char, std::char_traits<char>, std::allocator<char> >, int, std::less<std::__cxx11::basic_string<char, std::char_traits<char>, std::allocator<char> > >, std::allocator<std::pair<std::__cxx11::basic_string<char, std::char_traits<char>, std::allocator<char> > const, int> > >::operator[](std::__cxx11::basic_string<char, std::char_traits<char>, std::allocator<char> >&&)
 .text$_ZNSt3mapINSt7__cxx1112basic_stringIcSt11char_traitsIcESaIcEEEiSt4lessIS5_ESaISt4pairIKS5_iEEEixERS9_
                0x0040599c       0xec C:\Users\AHMEDY~1\AppData\Local\Temp\ccoV9CCh.o
                0x0040599c                std::map<std::__cxx11::basic_string<char, std::char_traits<char>, std::allocator<char> >, int, std::less<std::__cxx11::basic_string<char, std::char_traits<char>, std::allocator<char> > >, std::allocator<std::pair<std::__cxx11::basic_string<char, std::char_traits<char>, std::allocator<char> > const, int> > >::operator[](std::__cxx11::basic_string<char, std::char_traits<char>, std::allocator<char> > const&)
 .text$_ZNSt4pairIKNSt7__cxx1112basic_stringIcSt11char_traitsIcESaIcEEEiEC1IJOS5_EJEEESt21piecewise_construct_tSt5tupleIJDpT_EESB_IJDpT0_EE
                0x00405a88       0x34 C:\Users\AHMEDY~1\AppData\Local\Temp\ccoV9CCh.o
                0x00405a88                std::pair<std::__cxx11::basic_string<char, std::char_traits<char>, std::allocator<char> > const, int>::pair<std::__cxx11::basic_string<char, std::char_traits<char>, std::allocator<char> >&&>(std::piecewise_construct_t, std::tuple<std::__cxx11::basic_string<char, std::char_traits<char>, std::allocator<char> >&&>, std::tuple<>)
 .text$_ZNSt4pairIKNSt7__cxx1112basic_stringIcSt11char_traitsIcESaIcEEEiEC1IJOS5_EJLj0EEJEJEEERSt5tupleIJDpT_EERSA_IJDpT1_EESt12_Index_tupleIJXspT0_EEESJ_IJXspT2_EEE
                0x00405abc       0x40 C:\Users\AHMEDY~1\AppData\Local\Temp\ccoV9CCh.o
                0x00405abc                std::pair<std::__cxx11::basic_string<char, std::char_traits<char>, std::allocator<char> > const, int>::pair<std::__cxx11::basic_string<char, std::char_traits<char>, std::allocator<char> >&&, 0u>(std::tuple<std::__cxx11::basic_string<char, std::char_traits<char>, std::allocator<char> >&&>&, std::tuple<>&, std::_Index_tuple<0u>, std::_Index_tuple<>)
 .text$_ZNSt4pairIKNSt7__cxx1112basic_stringIcSt11char_traitsIcESaIcEEEiEC1IJRS6_EJEEESt21piecewise_construct_tSt5tupleIJDpT_EESB_IJDpT0_EE
                0x00405afc       0x34 C:\Users\AHMEDY~1\AppData\Local\Temp\ccoV9CCh.o
                0x00405afc                std::pair<std::__cxx11::basic_string<char, std::char_traits<char>, std::allocator<char> > const, int>::pair<std::__cxx11::basic_string<char, std::char_traits<char>, std::allocator<char> > const&>(std::piecewise_construct_t, std::tuple<std::__cxx11::basic_string<char, std::char_traits<char>, std::allocator<char> > const&>, std::tuple<>)
 .text$_ZNSt4pairIKNSt7__cxx1112basic_stringIcSt11char_traitsIcESaIcEEEiEC1IJRS6_EJLj0EEJEJEEERSt5tupleIJDpT_EERSA_IJDpT1_EESt12_Index_tupleIJXspT0_EEESJ_IJXspT2_EEE
                0x00405b30       0x40 C:\Users\AHMEDY~1\AppData\Local\Temp\ccoV9CCh.o
                0x00405b30                std::pair<std::__cxx11::basic_string<char, std::char_traits<char>, std::allocator<char> > const, int>::pair<std::__cxx11::basic_string<char, std::char_traits<char>, std::allocator<char> > const&, 0u>(std::tuple<std::__cxx11::basic_string<char, std::char_traits<char>, std::allocator<char> > const&>&, std::tuple<>&, std::_Index_tuple<0u>, std::_Index_tuple<>)
 .text$_ZNSt4pairIKNSt7__cxx1112basic_stringIcSt11char_traitsIcESaIcEEEiED1Ev
                0x00405b70       0x18 C:\Users\AHMEDY~1\AppData\Local\Temp\ccoV9CCh.o
                0x00405b70                std::pair<std::__cxx11::basic_string<char, std::char_traits<char>, std::allocator<char> > const, int>::~pair()
 .text$_ZNSt4pairIPSt18_Rb_tree_node_baseS1_EC1IRPSt13_Rb_tree_nodeIS_IKNSt7__cxx1112basic_stringIcSt11char_traitsIcESaIcEEEiEERS1_Lb1EEEOT_OT0_
                0x00405b88       0x34 C:\Users\AHMEDY~1\AppData\Local\Temp\ccoV9CCh.o
                0x00405b88                std::pair<std::_Rb_tree_node_base*, std::_Rb_tree_node_base*>::pair<std::_Rb_tree_node<std::pair<std::__cxx11::basic_string<char, std::char_traits<char>, std::allocator<char> > const, int> >*&, std::_Rb_tree_node_base*&, true>(std::_Rb_tree_node<std::pair<std::__cxx11::basic_string<char, std::char_traits<char>, std::allocator<char> > const, int> >*&, std::_Rb_tree_node_base*&)
 .text$_ZNSt4pairIPSt18_Rb_tree_node_baseS1_EC1IRS1_Lb1EEEOT_RKS1_
                0x00405bbc       0x2c C:\Users\AHMEDY~1\AppData\Local\Temp\ccoV9CCh.o
                0x00405bbc                std::pair<std::_Rb_tree_node_base*, std::_Rb_tree_node_base*>::pair<std::_Rb_tree_node_base*&, true>(std::_Rb_tree_node_base*&, std::_Rb_tree_node_base* const&)
 .text$_ZNSt4pairIPSt18_Rb_tree_node_baseS1_EC1IRS1_Lb1EEERKS1_OT_
                0x00405be8       0x2c C:\Users\AHMEDY~1\AppData\Local\Temp\ccoV9CCh.o
                0x00405be8                std::pair<std::_Rb_tree_node_base*, std::_Rb_tree_node_base*>::pair<std::_Rb_tree_node_base*&, true>(std::_Rb_tree_node_base* const&, std::_Rb_tree_node_base*&)
 .text$_ZNSt4pairIPSt18_Rb_tree_node_baseS1_EC1IRS1_S4_Lb1EEEOT_OT0_
                0x00405c14       0x34 C:\Users\AHMEDY~1\AppData\Local\Temp\ccoV9CCh.o
                0x00405c14                std::pair<std::_Rb_tree_node_base*, std::_Rb_tree_node_base*>::pair<std::_Rb_tree_node_base*&, std::_Rb_tree_node_base*&, true>(std::_Rb_tree_node_base*&, std::_Rb_tree_node_base*&)
 .text$_ZNSt5tupleIJONSt7__cxx1112basic_stringIcSt11char_traitsIcESaIcEEEEEC1EOS7_
                0x00405c48       0x24 C:\Users\AHMEDY~1\AppData\Local\Temp\ccoV9CCh.o
                0x00405c48                std::tuple<std::__cxx11::basic_string<char, std::char_traits<char>, std::allocator<char> >&&>::tuple(std::tuple<std::__cxx11::basic_string<char, std::char_traits<char>, std::allocator<char> >&&>&&)
 .text$_ZNSt5tupleIJONSt7__cxx1112basic_stringIcSt11char_traitsIcESaIcEEEEEC1IJS5_ELb1EEEDpOT_
                0x00405c6c       0x30 C:\Users\AHMEDY~1\AppData\Local\Temp\ccoV9CCh.o
                0x00405c6c                std::tuple<std::__cxx11::basic_string<char, std::char_traits<char>, std::allocator<char> >&&>::tuple<std::__cxx11::basic_string<char, std::char_traits<char>, std::allocator<char> >, true>(std::__cxx11::basic_string<char, std::char_traits<char>, std::allocator<char> >&&)
 .text$_ZNSt5tupleIJRKNSt7__cxx1112basic_stringIcSt11char_traitsIcESaIcEEEEEC1EOS8_
                0x00405c9c       0x24 C:\Users\AHMEDY~1\AppData\Local\Temp\ccoV9CCh.o
                0x00405c9c                std::tuple<std::__cxx11::basic_string<char, std::char_traits<char>, std::allocator<char> > const&>::tuple(std::tuple<std::__cxx11::basic_string<char, std::char_traits<char>, std::allocator<char> > const&>&&)
 .text$_ZNSt5tupleIJRKNSt7__cxx1112basic_stringIcSt11char_traitsIcESaIcEEEEEC1IvLb1EEES7_
                0x00405cc0       0x24 C:\Users\AHMEDY~1\AppData\Local\Temp\ccoV9CCh.o
                0x00405cc0                std::tuple<std::__cxx11::basic_string<char, std::char_traits<char>, std::allocator<char> > const&>::tuple<void, true>(std::__cxx11::basic_string<char, std::char_traits<char>, std::allocator<char> > const&)
 .text$_ZNSt6vectorINSt7__cxx1112basic_stringIcSt11char_traitsIcESaIcEEESaIS5_EE21_M_default_initializeEj
                0x00405ce4       0x3c C:\Users\AHMEDY~1\AppData\Local\Temp\ccoV9CCh.o
                0x00405ce4                std::vector<std::__cxx11::basic_string<char, std::char_traits<char>, std::allocator<char> >, std::allocator<std::__cxx11::basic_string<char, std::char_traits<char>, std::allocator<char> > > >::_M_default_initialize(unsigned int)
 .text$_ZNSt6vectorINSt7__cxx1112basic_stringIcSt11char_traitsIcESaIcEEESaIS5_EEC1EjRKS6_
                0x00405d20       0x58 C:\Users\AHMEDY~1\AppData\Local\Temp\ccoV9CCh.o
                0x00405d20                std::vector<std::__cxx11::basic_string<char, std::char_traits<char>, std::allocator<char> >, std::allocator<std::__cxx11::basic_string<char, std::char_traits<char>, std::allocator<char> > > >::vector(unsigned int, std::allocator<std::__cxx11::basic_string<char, std::char_traits<char>, std::allocator<char> > > const&)
 .text$_ZNSt6vectorINSt7__cxx1112basic_stringIcSt11char_traitsIcESaIcEEESaIS5_EED1Ev
                0x00405d78       0x40 C:\Users\AHMEDY~1\AppData\Local\Temp\ccoV9CCh.o
                0x00405d78                std::vector<std::__cxx11::basic_string<char, std::char_traits<char>, std::allocator<char> >, std::allocator<std::__cxx11::basic_string<char, std::char_traits<char>, std::allocator<char> > > >::~vector()
 .text$_ZNSt6vectorINSt7__cxx1112basic_stringIcSt11char_traitsIcESaIcEEESaIS5_EEixEj
                0x00405db8       0x20 C:\Users\AHMEDY~1\AppData\Local\Temp\ccoV9CCh.o
                0x00405db8                std::vector<std::__cxx11::basic_string<char, std::char_traits<char>, std::allocator<char> >, std::allocator<std::__cxx11::basic_string<char, std::char_traits<char>, std::allocator<char> > > >::operator[](unsigned int)
 .text$_ZNSt6vectorIiSaIiEE21_M_default_initializeEj
                0x00405dd8       0x3c C:\Users\AHMEDY~1\AppData\Local\Temp\ccoV9CCh.o
                0x00405dd8                std::vector<int, std::allocator<int> >::_M_default_initialize(unsigned int)
 .text$_ZNSt6vectorIiSaIiEEC1EjRKS0_
                0x00405e14       0x58 C:\Users\AHMEDY~1\AppData\Local\Temp\ccoV9CCh.o
                0x00405e14                std::vector<int, std::allocator<int> >::vector(unsigned int, std::allocator<int> const&)
 .text$_ZNSt6vectorIiSaIiEED1Ev
                0x00405e6c       0x40 C:\Users\AHMEDY~1\AppData\Local\Temp\ccoV9CCh.o
                0x00405e6c                std::vector<int, std::allocator<int> >::~vector()
 .text$_ZNSt6vectorIiSaIiEEixEj
                0x00405eac       0x1c C:\Users\AHMEDY~1\AppData\Local\Temp\ccoV9CCh.o
                0x00405eac                std::vector<int, std::allocator<int> >::operator[](unsigned int)
 .text$_ZNSt8_Rb_treeINSt7__cxx1112basic_stringIcSt11char_traitsIcESaIcEEESt4pairIKS5_iESt10_Select1stIS8_ESt4lessIS5_ESaIS8_EE11_M_get_nodeEv
                0x00405ec8       0x28 C:\Users\AHMEDY~1\AppData\Local\Temp\ccoV9CCh.o
                0x00405ec8                std::_Rb_tree<std::__cxx11::basic_string<char, std::char_traits<char>, std::allocator<char> >, std::pair<std::__cxx11::basic_string<char, std::char_traits<char>, std::allocator<char> > const, int>, std::_Select1st<std::pair<std::__cxx11::basic_string<char, std::char_traits<char>, std::allocator<char> > const, int> >, std::less<std::__cxx11::basic_string<char, std::char_traits<char>, std::allocator<char> > >, std::allocator<std::pair<std::__cxx11::basic_string<char, std::char_traits<char>, std::allocator<char> > const, int> > >::_M_get_node()
 .text$_ZNSt8_Rb_treeINSt7__cxx1112basic_stringIcSt11char_traitsIcESaIcEEESt4pairIKS5_iESt10_Select1stIS8_ESt4lessIS5_ESaIS8_EE11_M_leftmostEv
                0x00405ef0       0x14 C:\Users\AHMEDY~1\AppData\Local\Temp\ccoV9CCh.o
                0x00405ef0                std::_Rb_tree<std::__cxx11::basic_string<char, std::char_traits<char>, std::allocator<char> >, std::pair<std::__cxx11::basic_string<char, std::char_traits<char>, std::allocator<char> > const, int>, std::_Select1st<std::pair<std::__cxx11::basic_string<char, std::char_traits<char>, std::allocator<char> > const, int> >, std::less<std::__cxx11::basic_string<char, std::char_traits<char>, std::allocator<char> > >, std::allocator<std::pair<std::__cxx11::basic_string<char, std::char_traits<char>, std::allocator<char> > const, int> > >::_M_leftmost()
 .text$_ZNSt8_Rb_treeINSt7__cxx1112basic_stringIcSt11char_traitsIcESaIcEEESt4pairIKS5_iESt10_Select1stIS8_ESt4lessIS5_ESaIS8_EE11_M_put_nodeEPSt13_Rb_tree_nodeIS8_E
                0x00405f04       0x34 C:\Users\AHMEDY~1\AppData\Local\Temp\ccoV9CCh.o
                0x00405f04                std::_Rb_tree<std::__cxx11::basic_string<char, std::char_traits<char>, std::allocator<char> >, std::pair<std::__cxx11::basic_string<char, std::char_traits<char>, std::allocator<char> > const, int>, std::_Select1st<std::pair<std::__cxx11::basic_string<char, std::char_traits<char>, std::allocator<char> > const, int> >, std::less<std::__cxx11::basic_string<char, std::char_traits<char>, std::allocator<char> > >, std::allocator<std::pair<std::__cxx11::basic_string<char, std::char_traits<char>, std::allocator<char> > const, int> > >::_M_put_node(std::_Rb_tree_node<std::pair<std::__cxx11::basic_string<char, std::char_traits<char>, std::allocator<char> > const, int> >*)
 .text$_ZNSt8_Rb_treeINSt7__cxx1112basic_stringIcSt11char_traitsIcESaIcEEESt4pairIKS5_iESt10_Select1stIS8_ESt4lessIS5_ESaIS8_EE11lower_boundERS7_
                0x00405f38       0x44 C:\Users\AHMEDY~1\AppData\Local\Temp\ccoV9CCh.o
                0x00405f38                std::_Rb_tree<std::__cxx11::basic_string<char, std::char_traits<char>, std::allocator<char> >, std::pair<std::__cxx11::basic_string<char, std::char_traits<char>, std::allocator<char> > const, int>, std::_Select1st<std::pair<std::__cxx11::basic_string<char, std::char_traits<char>, std::allocator<char> > const, int> >, std::less<std::__cxx11::basic_string<char, std::char_traits<char>, std::allocator<char> > >, std::allocator<std::pair<std::__cxx11::basic_string<char, std::char_traits<char>, std::allocator<char> > const, int> > >::lower_bound(std::__cxx11::basic_string<char, std::char_traits<char>, std::allocator<char> > const&)
 .text$_ZNSt8_Rb_treeINSt7__cxx1112basic_stringIcSt11char_traitsIcESaIcEEESt4pairIKS5_iESt10_Select1stIS8_ESt4lessIS5_ESaIS8_EE12_M_drop_nodeEPSt13_Rb_tree_nodeIS8_E
                0x00405f7c       0x34 C:\Users\AHMEDY~1\AppData\Local\Temp\ccoV9CCh.o
                0x00405f7c                std::_Rb_tree<std::__cxx11::basic_string<char, std::char_traits<char>, std::allocator<char> >, std::pair<std::__cxx11::basic_string<char, std::char_traits<char>, std::allocator<char> > const, int>, std::_Select1st<std::pair<std::__cxx11::basic_string<char, std::char_traits<char>, std::allocator<char> > const, int> >, std::less<std::__cxx11::basic_string<char, std::char_traits<char>, std::allocator<char> > >, std::allocator<std::pair<std::__cxx11::basic_string<char, std::char_traits<char>, std::allocator<char> > const, int> > >::_M_drop_node(std::_Rb_tree_node<std::pair<std::__cxx11::basic_string<char, std::char_traits<char>, std::allocator<char> > const, int> >*)
 .text$_ZNSt8_Rb_treeINSt7__cxx1112basic_stringIcSt11char_traitsIcESaIcEEESt4pairIKS5_iESt10_Select1stIS8_ESt4lessIS5_ESaIS8_EE12_M_rightmostEv
                0x00405fb0       0x14 C:\Users\AHMEDY~1\AppData\Local\Temp\ccoV9CCh.o
                0x00405fb0                std::_Rb_tree<std::__cxx11::basic_string<char, std::char_traits<char>, std::allocator<char> >, std::pair<std::__cxx11::basic_string<char, std::char_traits<char>, std::allocator<char> > const, int>, std::_Select1st<std::pair<std::__cxx11::basic_string<char, std::char_traits<char>, std::allocator<char> > const, int> >, std::less<std::__cxx11::basic_string<char, std::char_traits<char>, std::allocator<char> > >, std::allocator<std::pair<std::__cxx11::basic_string<char, std::char_traits<char>, std::allocator<char> > const, int> > >::_M_rightmost()
 .text$_ZNSt8_Rb_treeINSt7__cxx1112basic_stringIcSt11char_traitsIcESaIcEEESt4pairIKS5_iESt10_Select1stIS8_ESt4lessIS5_ESaIS8_EE13_Rb_tree_implISC_Lb1EEC1Ev
                0x00405fc4       0x30 C:\Users\AHMEDY~1\AppData\Local\Temp\ccoV9CCh.o
                0x00405fc4                std::_Rb_tree<std::__cxx11::basic_string<char, std::char_traits<char>, std::allocator<char> >, std::pair<std::__cxx11::basic_string<char, std::char_traits<char>, std::allocator<char> > const, int>, std::_Select1st<std::pair<std::__cxx11::basic_string<char, std::char_traits<char>, std::allocator<char> > const, int> >, std::less<std::__cxx11::basic_string<char, std::char_traits<char>, std::allocator<char> > >, std::allocator<std::pair<std::__cxx11::basic_string<char, std::char_traits<char>, std::allocator<char> > const, int> > >::_Rb_tree_impl<std::less<std::__cxx11::basic_string<char, std::char_traits<char>, std::allocator<char> > >, true>::_Rb_tree_impl()
 .text$_ZNSt8_Rb_treeINSt7__cxx1112basic_stringIcSt11char_traitsIcESaIcEEESt4pairIKS5_iESt10_Select1stIS8_ESt4lessIS5_ESaIS8_EE13_Rb_tree_implISC_Lb1EED1Ev
                0x00405ff4       0x18 C:\Users\AHMEDY~1\AppData\Local\Temp\ccoV9CCh.o
                0x00405ff4                std::_Rb_tree<std::__cxx11::basic_string<char, std::char_traits<char>, std::allocator<char> >, std::pair<std::__cxx11::basic_string<char, std::char_traits<char>, std::allocator<char> > const, int>, std::_Select1st<std::pair<std::__cxx11::basic_string<char, std::char_traits<char>, std::allocator<char> > const, int> >, std::less<std::__cxx11::basic_string<char, std::char_traits<char>, std::allocator<char> > >, std::allocator<std::pair<std::__cxx11::basic_string<char, std::char_traits<char>, std::allocator<char> > const, int> > >::_Rb_tree_impl<std::less<std::__cxx11::basic_string<char, std::char_traits<char>, std::allocator<char> > >, true>::~_Rb_tree_impl()
 .text$_ZNSt8_Rb_treeINSt7__cxx1112basic_stringIcSt11char_traitsIcESaIcEEESt4pairIKS5_iESt10_Select1stIS8_ESt4lessIS5_ESaIS8_EE14_M_create_nodeIJRKSt21piecewise_construct_tSt5tupleIJOS5_EESJ_IJEEEEEPSt13_Rb_tree_nodeIS8_EDpOT_
                0x0040600c       0x6c C:\Users\AHMEDY~1\AppData\Local\Temp\ccoV9CCh.o
                0x0040600c                std::_Rb_tree_node<std::pair<std::__cxx11::basic_string<char, std::char_traits<char>, std::allocator<char> > const, int> >* std::_Rb_tree<std::__cxx11::basic_string<char, std::char_traits<char>, std::allocator<char> >, std::pair<std::__cxx11::basic_string<char, std::char_traits<char>, std::allocator<char> > const, int>, std::_Select1st<std::pair<std::__cxx11::basic_string<char, std::char_traits<char>, std::allocator<char> > const, int> >, std::less<std::__cxx11::basic_string<char, std::char_traits<char>, std::allocator<char> > >, std::allocator<std::pair<std::__cxx11::basic_string<char, std::char_traits<char>, std::allocator<char> > const, int> > >::_M_create_node<std::piecewise_construct_t const&, std::tuple<std::__cxx11::basic_string<char, std::char_traits<char>, std::allocator<char> >&&>, std::tuple<> >(std::piecewise_construct_t const&, std::tuple<std::__cxx11::basic_string<char, std::char_traits<char>, std::allocator<char> >&&>&&, std::tuple<>&&)
 .text$_ZNSt8_Rb_treeINSt7__cxx1112basic_stringIcSt11char_traitsIcESaIcEEESt4pairIKS5_iESt10_Select1stIS8_ESt4lessIS5_ESaIS8_EE14_M_create_nodeIJRKSt21piecewise_construct_tSt5tupleIJRS7_EESJ_IJEEEEEPSt13_Rb_tree_nodeIS8_EDpOT_
                0x00406078       0x6c C:\Users\AHMEDY~1\AppData\Local\Temp\ccoV9CCh.o
                0x00406078                std::_Rb_tree_node<std::pair<std::__cxx11::basic_string<char, std::char_traits<char>, std::allocator<char> > const, int> >* std::_Rb_tree<std::__cxx11::basic_string<char, std::char_traits<char>, std::allocator<char> >, std::pair<std::__cxx11::basic_string<char, std::char_traits<char>, std::allocator<char> > const, int>, std::_Select1st<std::pair<std::__cxx11::basic_string<char, std::char_traits<char>, std::allocator<char> > const, int> >, std::less<std::__cxx11::basic_string<char, std::char_traits<char>, std::allocator<char> > >, std::allocator<std::pair<std::__cxx11::basic_string<char, std::char_traits<char>, std::allocator<char> > const, int> > >::_M_create_node<std::piecewise_construct_t const&, std::tuple<std::__cxx11::basic_string<char, std::char_traits<char>, std::allocator<char> > const&>, std::tuple<> >(std::piecewise_construct_t const&, std::tuple<std::__cxx11::basic_string<char, std::char_traits<char>, std::allocator<char> > const&>&&, std::tuple<>&&)
 .text$_ZNSt8_Rb_treeINSt7__cxx1112basic_stringIcSt11char_traitsIcESaIcEEESt4pairIKS5_iESt10_Select1stIS8_ESt4lessIS5_ESaIS8_EE14_M_insert_nodeEPSt18_Rb_tree_node_baseSG_PSt13_Rb_tree_nodeIS8_E
                0x004060e4       0xb4 C:\Users\AHMEDY~1\AppData\Local\Temp\ccoV9CCh.o
                0x004060e4                std::_Rb_tree<std::__cxx11::basic_string<char, std::char_traits<char>, std::allocator<char> >, std::pair<std::__cxx11::basic_string<char, std::char_traits<char>, std::allocator<char> > const, int>, std::_Select1st<std::pair<std::__cxx11::basic_string<char, std::char_traits<char>, std::allocator<char> > const, int> >, std::less<std::__cxx11::basic_string<char, std::char_traits<char>, std::allocator<char> > >, std::allocator<std::pair<std::__cxx11::basic_string<char, std::char_traits<char>, std::allocator<char> > const, int> > >::_M_insert_node(std::_Rb_tree_node_base*, std::_Rb_tree_node_base*, std::_Rb_tree_node<std::pair<std::__cxx11::basic_string<char, std::char_traits<char>, std::allocator<char> > const, int> >*)
 .text$_ZNSt8_Rb_treeINSt7__cxx1112basic_stringIcSt11char_traitsIcESaIcEEESt4pairIKS5_iESt10_Select1stIS8_ESt4lessIS5_ESaIS8_EE14_M_lower_boundEPSt13_Rb_tree_nodeIS8_EPSt18_Rb_tree_node_baseRS7_