Archive member included to satisfy reference by file (symbol)

e:/programs/mingw/bin/../lib/gcc/mingw32/8.2.0/libstdc++.dll.a(d004344.o)
                              C:\Users\AHMEDY~1\AppData\Local\Temp\ccHN5XxC.o (std::basic_ostream<char, std::char_traits<char> >& std::operator<< <std::char_traits<char> >(std::basic_ostream<char, std::char_traits<char> >&, char const*))
e:/programs/mingw/bin/../lib/gcc/mingw32/8.2.0/libstdc++.dll.a(d004239.o)
                              C:\Users\AHMEDY~1\AppData\Local\Temp\ccHN5XxC.o (std::basic_ostream<char, std::char_traits<char> >& std::endl<char, std::char_traits<char> >(std::basic_ostream<char, std::char_traits<char> >&))
e:/programs/mingw/bin/../lib/gcc/mingw32/8.2.0/libstdc++.dll.a(d004238.o)
                              C:\Users\AHMEDY~1\AppData\Local\Temp\ccHN5XxC.o (std::cout)
e:/programs/mingw/bin/../lib/gcc/mingw32/8.2.0/libstdc++.dll.a(d003967.o)
                              C:\Users\AHMEDY~1\AppData\Local\Temp\ccI6KE3v.o (std::ios_base::Init::~Init())
e:/programs/mingw/bin/../lib/gcc/mingw32/8.2.0/libstdc++.dll.a(d003965.o)
                              C:\Users\AHMEDY~1\AppData\Local\Temp\ccI6KE3v.o (std::ios_base::Init::Init())
e:/programs/mingw/bin/../lib/gcc/mingw32/8.2.0/libstdc++.dll.a(d001498.o)
                              C:\Users\AHMEDY~1\AppData\Local\Temp\ccHN5XxC.o (std::ostream::operator<<(std::ostream& (*)(std::ostream&)))
e:/programs/mingw/bin/../lib/gcc/mingw32/8.2.0/libstdc++.dll.a(d000000.o)
                              e:/programs/mingw/bin/../lib/gcc/mingw32/8.2.0/libstdc++.dll.a(d004344.o) (_head_libstdc___6_dll)
e:/programs/mingw/bin/../lib/gcc/mingw32/8.2.0/libstdc++.dll.a(d005213.o)
                              e:/programs/mingw/bin/../lib/gcc/mingw32/8.2.0/libstdc++.dll.a(d000000.o) (libstdc___6_dll_iname)
e:/programs/mingw/bin/../lib/gcc/mingw32/8.2.0/../../../libmingw32.a(CRTglob.o)
                              e:/programs/mingw/bin/../lib/gcc/mingw32/8.2.0/../../../crt2.o (_CRT_glob)
e:/programs/mingw/bin/../lib/gcc/mingw32/8.2.0/../../../libmingw32.a(setargv.o)
                              e:/programs/mingw/bin/../lib/gcc/mingw32/8.2.0/../../../crt2.o (_setargv)
e:/programs/mingw/bin/../lib/gcc/mingw32/8.2.0/../../../libmingw32.a(CRTfmode.o)
                              e:/programs/mingw/bin/../lib/gcc/mingw32/8.2.0/../../../crt2.o (_CRT_fmode)
e:/programs/mingw/bin/../lib/gcc/mingw32/8.2.0/../../../libmingw32.a(cpu_features.o)
                              e:/programs/mingw/bin/../lib/gcc/mingw32/8.2.0/../../../crt2.o (__cpu_features_init)
e:/programs/mingw/bin/../lib/gcc/mingw32/8.2.0/../../../libmingw32.a(CRT_fp10.o)
                              e:/programs/mingw/bin/../lib/gcc/mingw32/8.2.0/../../../crt2.o (_CRT_fenv)
e:/programs/mingw/bin/../lib/gcc/mingw32/8.2.0/../../../libmingw32.a(txtmode.o)
                              e:/programs/mingw/bin/../lib/gcc/mingw32/8.2.0/../../../crt2.o (_fmode)
e:/programs/mingw/bin/../lib/gcc/mingw32/8.2.0/../../../libmingw32.a(gccmain.o)
                              e:/programs/mingw/bin/../lib/gcc/mingw32/8.2.0/../../../crt2.o (__main)
e:/programs/mingw/bin/../lib/gcc/mingw32/8.2.0/../../../libmingw32.a(tlssup.o)
                              e:/programs/mingw/bin/../lib/gcc/mingw32/8.2.0/../../../crt2.o (__dyn_tls_init_callback)
e:/programs/mingw/bin/../lib/gcc/mingw32/8.2.0/../../../libmingw32.a(tlsthrd.o)
                              e:/programs/mingw/bin/../lib/gcc/mingw32/8.2.0/../../../libmingw32.a(tlssup.o) (__mingw_TLScallback)
e:/programs/mingw/bin/../lib/gcc/mingw32/8.2.0/../../../libmingw32.a(pseudo-reloc.o)
                              e:/programs/mingw/bin/../lib/gcc/mingw32/8.2.0/../../../crt2.o (_pei386_runtime_relocator)
e:/programs/mingw/bin/../lib/gcc/mingw32/8.2.0/../../../libmingw32.a(pseudo-reloc-list.o)
                              e:/programs/mingw/bin/../lib/gcc/mingw32/8.2.0/../../../libmingw32.a(pseudo-reloc.o) (__RUNTIME_PSEUDO_RELOC_LIST__)
e:/programs/mingw/bin/../lib/gcc/mingw32/8.2.0/../../../libmingw32.a(crtst.o)
                              e:/programs/mingw/bin/../lib/gcc/mingw32/8.2.0/../../../libmingw32.a(tlssup.o) (_CRT_MT)
e:/programs/mingw/bin/../lib/gcc/mingw32/8.2.0/libgcc_s.a(d000107.o)
                              e:/programs/mingw/bin/../lib/gcc/mingw32/8.2.0/crtbegin.o (__register_frame_info)
e:/programs/mingw/bin/../lib/gcc/mingw32/8.2.0/libgcc_s.a(d000037.o)
                              e:/programs/mingw/bin/../lib/gcc/mingw32/8.2.0/crtbegin.o (__deregister_frame_info)
e:/programs/mingw/bin/../lib/gcc/mingw32/8.2.0/libgcc_s.a(d000000.o)
                              e:/programs/mingw/bin/../lib/gcc/mingw32/8.2.0/libgcc_s.a(d000107.o) (_head_libgcc_s_dw2_1_dll)
e:/programs/mingw/bin/../lib/gcc/mingw32/8.2.0/libgcc_s.a(d000123.o)
                              e:/programs/mingw/bin/../lib/gcc/mingw32/8.2.0/libgcc_s.a(d000000.o) (libgcc_s_dw2_1_dll_iname)
e:/programs/mingw/bin/../lib/gcc/mingw32/8.2.0/libgcc.a(_chkstk_ms.o)
[...]
Memory Configuration

Name             Origin             Length             Attributes
*default*        0x00000000         0xffffffff

Linker script and memory map

                0x00400000                __image_base__ = 0x400000
                0x00000000                __dll__ = 0x0
                0x00400000                ___ImageBase = 0x400000
                0x00001000                __section_alignment__ = 0x1000
                0x00000200                __file_alignment__ = 0x200
                0x00000004                __major_os_version__ = 0x4
                0x00000000                __minor_os_version__ = 0x0
                0x00000001                __major_image_version__ = 0x1
                0x00000000                __minor_image_version__ = 0x0
                0x00000004                __major_subsystem_version__ = 0x4
                0x00000000                __minor_subsystem_version__ = 0x0
                0x00000003                __subsystem__ = 0x3
                0x00200000                __size_of_stack_reserve__ = 0x200000
                0x00001000                __size_of_stack_commit__ = 0x1000
                0x00100000                __size_of_heap_reserve__ = 0x100000
                0x00001000                __size_of_heap_commit__ = 0x1000
                0x00000000                __loader_flags__ = 0x0
                0x00000000                __dll_characteristics__ = 0x0
LOAD e:/programs/mingw/bin/../lib/gcc/mingw32/8.2.0/../../../crt2.o
LOAD e:/programs/mingw/bin/../lib/gcc/mingw32/8.2.0/crtbegin.o
LOAD C:\Users\AHMEDY~1\AppData\Local\Temp\ccI6KE3v.o
LOAD C:\Users\AHMEDY~1\AppData\Local\Temp\ccHN5XxC.o
LOAD e:/programs/mingw/bin/../lib/gcc/mingw32/8.2.0/libstdc++.dll.a
LOAD e:/programs/mingw/bin/../lib/gcc/mingw32/8.2.0/../../../libmingw32.a
LOAD e:/programs/mingw/bin/../lib/gcc/mingw32/8.2.0/libgcc_s.a
LOAD e:/programs/mingw/bin/../lib/gcc/mingw32/8.2.0/libgcc.a
LOAD e:/programs/mingw/bin/../lib/gcc/mingw32/8.2.0/../../../libmoldname.a
LOAD e:/programs/mingw/bin/../lib/gcc/mingw32/8.2.0/../../../libmingwex.a
LOAD e:/programs/mingw/bin/../lib/gcc/mingw32/8.2.0/../../../libmsvcrt.a
LOAD e:/programs/mingw/bin/../lib/gcc/mingw32/8.2.0/../../../libadvapi32.a
LOAD e:/programs/mingw/bin/../lib/gcc/mingw32/8.2.0/../../../libshell32.a
LOAD e:/programs/mingw/bin/../lib/gcc/mingw32/8.2.0/../../../libuser32.a
LOAD e:/programs/mingw/bin/../lib/gcc/mingw32/8.2.0/../../../libkernel32.a
LOAD e:/programs/mingw/bin/../lib/gcc/mingw32/8.2.0/../../../libmingw32.a
LOAD e:/programs/mingw/bin/../lib/gcc/mingw32/8.2.0/libgcc_s.a
LOAD e:/programs/mingw/bin/../lib/gcc/mingw32/8.2.0/libgcc.a
LOAD e:/programs/mingw/bin/../lib/gcc/mingw32/8.2.0/../../../libmoldname.a
LOAD e:/programs/mingw/bin/../lib/gcc/mingw32/8.2.0/../../../libmingwex.a
LOAD e:/programs/mingw/bin/../lib/gcc/mingw32/8.2.0/../../../libmsvcrt.a
LOAD e:/programs/mingw/bin/../lib/gcc/mingw32/8.2.0/crtend.o
                0x000003a8                . = SIZEOF_HEADERS
                0x00001000                . = ALIGN (__section_alignment__)

.text           0x00401000     0x2e00
 *(.init)
 *(.text)
 .text          0x00401000      0x330 e:/programs/mingw/bin/../lib/gcc/mingw32/8.2.0/../../../crt2.o
                0x00401290                _mingw32_init_mainargs
                0x004012d0                mainCRTStartup
                0x004012f0                WinMainCRTStartup
                0x00401310                atexit
                0x00401320                _onexit
 .text          0x00401330       0xe0 e:/programs/mingw/bin/../lib/gcc/mingw32/8.2.0/crtbegin.o
                0x00401330                __gcc_register_frame
                0x004013e0                __gcc_deregister_frame
 .text          0x00401410       0x74 C:\Users\AHMEDY~1\AppData\Local\Temp\ccI6KE3v.o
                0x00401410                main
 .text          0x00401484       0x8c C:\Users\AHMEDY~1\AppData\Local\Temp\ccHN5XxC.o
                0x00401484                print()
                0x00401495                _fu0___ZSt4cout
 .text          0x00401510        0x8 e:/programs/mingw/bin/../lib/gcc/mingw32/8.2.0/libstdc++.dll.a(d004344.o)
                0x00401510                std::basic_ostream<char, std::char_traits<char> >& std::operator<< <std::char_traits<char> >(std::basic_ostream<char, std::char_traits<char> >&, char const*)
 .text          0x00401518        0x8 e:/programs/mingw/bin/../lib/gcc/mingw32/8.2.0/libstdc++.dll.a(d004239.o)
                0x00401518                std::basic_ostream<char, std::char_traits<char> >& std::endl<char, std::char_traits<char> >(std::basic_ostream<char, std::char_traits<char> >&)
 .text          0x00401520        0x0 e:/programs/mingw/bin/../lib/gcc/mingw32/8.2.0/libstdc++.dll.a(d004238.o)
 .text          0x00401520        0x8 e:/programs/mingw/bin/../lib/gcc/mingw32/8.2.0/libstdc++.dll.a(d003967.o)
                0x00401520                std::ios_base::Init::~Init()
 .text          0x00401528        0x8 e:/programs/mingw/bin/../lib/gcc/mingw32/8.2.0/libstdc++.dll.a(d003965.o)
                0x00401528                std::ios_base::Init::Init()
 .text          0x00401530        0x8 e:/programs/mingw/bin/../lib/gcc/mingw32/8.2.0/libstdc++.dll.a(d001498.o)
                0x00401530                std::ostream::operator<<(std::ostream& (*)(std::ostream&))
 .text          0x00401538        0x0 e:/programs/mingw/bin/../lib/gcc/mingw32/8.2.0/../../../libmingw32.a(CRTglob.o)
 *fill*         0x00401538        0x8 
 .text          0x00401540      0x370 e:/programs/mingw/bin/../lib/gcc/mingw32/8.2.0/../../../libmingw32.a(setargv.o)
                0x00401540                _setargv
 .text          0x004018b0        0x0 e:/programs/mingw/bin/../lib/gcc/mingw32/8.2.0/../../../libmingw32.a(CRTfmode.o)
 .text          0x004018b0      0x110 e:/programs/mingw/bin/../lib/gcc/mingw32/8.2.0/../../../libmingw32.a(cpu_features.o)
                0x004018b0                __cpu_features_init
 .text          0x004019c0        0x0 e:/programs/mingw/bin/../lib/gcc/mingw32/8.2.0/../../../libmingw32.a(CRT_fp10.o)
 .text          0x004019c0        0x0 e:/programs/mingw/bin/../lib/gcc/mingw32/8.2.0/../../../libmingw32.a(txtmode.o)
 .text          0x004019c0       0xb0 e:/programs/mingw/bin/../lib/gcc/mingw32/8.2.0/../../../libmingw32.a(gccmain.o)
                0x004019c0                __do_global_dtors
                0x00401a00                __do_global_ctors
                0x00401a50                __main
 .text          0x00401a70      0x100 e:/programs/mingw/bin/../lib/gcc/mingw32/8.2.0/../../../libmingw32.a(tlssup.o)
                0x00401ac0                __dyn_tls_init@12
                0x00401b60                __tlregdtor
 .text          0x00401b70      0x250 e:/programs/mingw/bin/../lib/gcc/mingw32/8.2.0/../../../libmingw32.a(tlsthrd.o)
                0x00401bd0                ___w64_mingwthr_add_key_dtor
                0x00401c60                ___w64_mingwthr_remove_key_dtor
                0x00401d00                __mingw_TLScallback
 .text          0x00401dc0      0x320 e:/programs/mingw/bin/../lib/gcc/mingw32/8.2.0/../../../libmingw32.a(pseudo-reloc.o)
                0x00401f00                _pei386_runtime_relocator
 .text          0x004020e0        0x0 e:/programs/mingw/bin/../lib/gcc/mingw32/8.2.0/../../../libmingw32.a(pseudo-reloc-list.o)
 .text          0x004020e0        0x0 e:/programs/mingw/bin/../lib/gcc/mingw32/8.2.0/../../../libmingw32.a(crtst.o)
 .text          0x004020e0        0x8 e:/programs/mingw/bin/../lib/gcc/mingw32/8.2.0/libgcc_s.a(d000107.o)
                0x004020e0                __register_frame_info
 .text          0x004020e8        0x8 e:/programs/mingw/bin/../lib/gcc/mingw32/8.2.0/libgcc_s.a(d000037.o)
                0x004020e8                __deregister_frame_info
 .text          0x004020f0       0x2c e:/programs/mingw/bin/../lib/gcc/mingw32/8.2.0/libgcc.a(_chkstk_ms.o)
                0x004020f0                __chkstk_ms
 .text          0x0040211c        0x0 e:/programs/mingw/bin/../lib/gcc/mingw32/8.2.0/libgcc.a(_ctors.o)
 *fill*         0x0040211c        0x4 
 .text          0x00402120       0x80 e:/programs/mingw/bin/../lib/gcc/mingw32/8.2.0/../../../libmingwex.a(fesetenv.o)
                0x00402120                fesetenv
 .text          0x004021a0     0x1090 e:/programs/mingw/bin/../lib/gcc/mingw32/8.2.0/../../../libmingwex.a(glob.o)
                0x004030f0                __mingw_glob
                0x004031d0                __mingw_globfree
 .text          0x00403230      0x3f0 e:/programs/mingw/bin/../lib/gcc/mingw32/8.2.0/../../../libmingwex.a(dirname.o)
                0x00403230                __mingw_dirname
 .text          0x00403620      0x540 e:/programs/mingw/bin/../lib/gcc/mingw32/8.2.0/../../../libmingwex.a(dirent.o)
                0x004037b0                __mingw_opendir
                0x004039b0                __mingw_readdir
                0x00403a00                __mingw_closedir
                0x00403a50                __mingw_rewinddir
                0x00403ab0                __mingw_telldir
                0x00403ae0                __mingw_seekdir
 .text          0x00403b60        0x8 e:/programs/mingw/bin/../lib/gcc/mingw32/8.2.0/../../../libmsvcrt.a(dxnls01320.o)
                0x00403b60                wcstombs
 .text          0x00403b68        0x8 e:/programs/mingw/bin/../lib/gcc/mingw32/8.2.0/../../../libmsvcrt.a(dxnls01279.o)
                0x00403b68                vfprintf
 .text          0x00403b70        0x8 e:/programs/mingw/bin/../lib/gcc/mingw32/8.2.0/../../../libmsvcrt.a(dxnls01272.o)
                0x00403b70                tolower
 .text          0x00403b78        0x8 e:/programs/mingw/bin/../lib/gcc/mingw32/8.2.0/../../../libmsvcrt.a(dxnls01244.o)
                0x00403b78                strlen
 .text          0x00403b80        0x8 e:/programs/mingw/bin/../lib/gcc/mingw32/8.2.0/../../../libmsvcrt.a(dxnls01237.o)
                0x00403b80                strcoll
 .text          0x00403b88        0x8 e:/programs/mingw/bin/../lib/gcc/mingw32/8.2.0/../../../libmsvcrt.a(dxnls01224.o)
                0x00403b88                signal
 .text          0x00403b90        0x8 e:/programs/mingw/bin/../lib/gcc/mingw32/8.2.0/../../../libmsvcrt.a(dxnls01222.o)
                0x00403b90                setlocale
 .text          0x00403b98        0x8 e:/programs/mingw/bin/../lib/gcc/mingw32/8.2.0/../../../libmsvcrt.a(dxnls01215.o)
                0x00403b98                realloc
 .text          0x00403ba0        0x8 e:/programs/mingw/bin/../lib/gcc/mingw32/8.2.0/../../../libmsvcrt.a(dxnls01194.o)
                0x00403ba0                memcpy
 .text          0x00403ba8        0x8 e:/programs/mingw/bin/../lib/gcc/mingw32/8.2.0/../../../libmsvcrt.a(dxnls01189.o)
                0x00403ba8                mbstowcs
 .text          0x00403bb0        0x8 e:/programs/mingw/bin/../lib/gcc/mingw32/8.2.0/../../../libmsvcrt.a(dxnls01182.o)
                0x00403bb0                malloc
 .text          0x00403bb8        0x8 e:/programs/mingw/bin/../lib/gcc/mingw32/8.2.0/../../../libmsvcrt.a(dxnls01137.o)
                0x00403bb8                fwrite
 .text          0x00403bc0        0x8 e:/programs/mingw/bin/../lib/gcc/mingw32/8.2.0/../../../libmsvcrt.a(dxnls01126.o)
                0x00403bc0                free
 .text          0x00403bc8        0x8 e:/programs/mingw/bin/../lib/gcc/mingw32/8.2.0/../../../libmsvcrt.a(dxnls01093.o)
                0x00403bc8                calloc
 .text          0x00403bd0        0x0 e:/programs/mingw/bin/../lib/gcc/mingw32/8.2.0/../../../libmsvcrt.a(dxnls01086.o)
 .text          0x00403bd0        0x8 e:/programs/mingw/bin/../lib/gcc/mingw32/8.2.0/../../../libmsvcrt.a(dxnls01078.o)
                0x00403bd0                abort
 .text          0x00403bd8        0x8 e:/programs/mingw/bin/../lib/gcc/mingw32/8.2.0/../../../libmsvcrt.a(dxnls00748.o)
                0x00403bd8                _setmode
 .text          0x00403be0        0x0 e:/programs/mingw/bin/../lib/gcc/mingw32/8.2.0/../../../libmsvcrt.a(dxnls00693.o)
 .text          0x00403be0        0x0 e:/programs/mingw/bin/../lib/gcc/mingw32/8.2.0/../../../libmsvcrt.a(dxnls00684.o)
 .text          0x00403be0        0x8 e:/programs/mingw/bin/../lib/gcc/mingw32/8.2.0/../../../libmsvcrt.a(dxnls00417.o)
                0x00403be0                _isctype
 .text          0x00403be8        0x0 e:/programs/mingw/bin/../lib/gcc/mingw32/8.2.0/../../../libmsvcrt.a(dxnls00412.o)
 .text          0x00403be8        0x8 e:/programs/mingw/bin/../lib/gcc/mingw32/8.2.0/../../../libmsvcrt.a(dxnls00345.o)
                0x00403be8                _fullpath
 .text          0x00403bf0        0x8 e:/programs/mingw/bin/../lib/gcc/mingw32/8.2.0/../../../libmsvcrt.a(dxnls00280.o)
                0x00403bf0                _errno
 .text          0x00403bf8        0x8 e:/programs/mingw/bin/../lib/gcc/mingw32/8.2.0/../../../libmsvcrt.a(dxnls00214.o)
                0x00403bf8                _cexit
 .text          0x00403c00        0x8 e:/programs/mingw/bin/../lib/gcc/mingw32/8.2.0/../../../libmsvcrt.a(dxnls00133.o)
                0x00403c00                __p__fmode
 .text          0x00403c08        0x8 e:/programs/mingw/bin/../lib/gcc/mingw32/8.2.0/../../../libmsvcrt.a(dxnls00131.o)
                0x00403c08                __p__environ
 .text          0x00403c10        0x0 e:/programs/mingw/bin/../lib/gcc/mingw32/8.2.0/../../../libmsvcrt.a(dxnls00119.o)
 .text          0x00403c10        0x8 e:/programs/mingw/bin/../lib/gcc/mingw32/8.2.0/../../../libmsvcrt.a(dxnls00088.o)
                0x00403c10                __getmainargs
 .text          0x00403c18        0x0 e:/programs/mingw/bin/../lib/gcc/mingw32/8.2.0/../../../libmsvcrt.a(dxnlh.o)
 .text          0x00403c18        0x0 e:/programs/mingw/bin/../lib/gcc/mingw32/8.2.0/../../../libmsvcrt.a(dxnlt.o)
 .text          0x00403c18        0x8 e:/programs/mingw/bin/../lib/gcc/mingw32/8.2.0/../../../libkernel32.a(dimos01206.o)
                0x00403c18                VirtualQuery@12
 .text          0x00403c20        0x8 e:/programs/mingw/bin/../lib/gcc/mingw32/8.2.0/../../../libkernel32.a(dimos01204.o)
                0x00403c20                VirtualProtect@16
 .text          0x00403c28        0x8 e:/programs/mingw/bin/../lib/gcc/mingw32/8.2.0/../../../libkernel32.a(dimos01164.o)
                0x00403c28                TlsGetValue@4
 .text          0x00403c30        0x8 e:/programs/mingw/bin/../lib/gcc/mingw32/8.2.0/../../../libkernel32.a(dimos01131.o)
                0x00403c30                SetUnhandledExceptionFilter@4
 .text          0x00403c38        0x8 e:/programs/mingw/bin/../lib/gcc/mingw32/8.2.0/../../../libkernel32.a(dimos00817.o)
                0x00403c38                LoadLibraryA@4
 .text          0x00403c40        0x8 e:/programs/mingw/bin/../lib/gcc/mingw32/8.2.0/../../../libkernel32.a(dimos00814.o)
                0x00403c40                LeaveCriticalSection@4
 .text          0x00403c48        0x8 e:/programs/mingw/bin/../lib/gcc/mingw32/8.2.0/../../../libkernel32.a(dimos00734.o)
                0x00403c48                InitializeCriticalSection@4
 .text          0x00403c50        0x8 e:/programs/mingw/bin/../lib/gcc/mingw32/8.2.0/../../../libkernel32.a(dimos00577.o)
                0x00403c50                GetProcAddress@8
 .text          0x00403c58        0x8 e:/programs/mingw/bin/../lib/gcc/mingw32/8.2.0/../../../libkernel32.a(dimos00529.o)
                0x00403c58                GetModuleHandleA@4
 .text          0x00403c60        0x8 e:/programs/mingw/bin/../lib/gcc/mingw32/8.2.0/../../../libkernel32.a(dimos00510.o)
                0x00403c60                GetLastError@0
 .text          0x00403c68        0x8 e:/programs/mingw/bin/../lib/gcc/mingw32/8.2.0/../../../libkernel32.a(dimos00388.o)
                0x00403c68                GetCommandLineA@0
 .text          0x00403c70        0x8 e:/programs/mingw/bin/../lib/gcc/mingw32/8.2.0/../../../libkernel32.a(dimos00352.o)
                0x00403c70                FreeLibrary@4
 .text          0x00403c78        0x8 e:/programs/mingw/bin/../lib/gcc/mingw32/8.2.0/../../../libkernel32.a(dimos00321.o)
                0x00403c78                FindNextFileA@8
 .text          0x00403c80        0x8 e:/programs/mingw/bin/../lib/gcc/mingw32/8.2.0/../../../libkernel32.a(dimos00304.o)
                0x00403c80                FindFirstFileA@8
 .text          0x00403c88        0x8 e:/programs/mingw/bin/../lib/gcc/mingw32/8.2.0/../../../libkernel32.a(dimos00300.o)
                0x00403c88                FindClose@4
 .text          0x00403c90        0x8 e:/programs/mingw/bin/../lib/gcc/mingw32/8.2.0/../../../libkernel32.a(dimos00279.o)
                0x00403c90                ExitProcess@4
 .text          0x00403c98        0x8 e:/programs/mingw/bin/../lib/gcc/mingw32/8.2.0/../../../libkernel32.a(dimos00236.o)
                0x00403c98                EnterCriticalSection@4
 .text          0x00403ca0        0x8 e:/programs/mingw/bin/../lib/gcc/mingw32/8.2.0/../../../libkernel32.a(dimos00207.o)
                0x00403ca0                DeleteCriticalSection@4
 .text          0x00403ca8        0x0 e:/programs/mingw/bin/../lib/gcc/mingw32/8.2.0/../../../libkernel32.a(dimoh.o)
 .text          0x00403ca8        0x0 e:/programs/mingw/bin/../lib/gcc/mingw32/8.2.0/../../../libkernel32.a(dimot.o)
 .text          0x00403ca8        0x8 e:/programs/mingw/bin/../lib/gcc/mingw32/8.2.0/../../../libmoldname.a(dmhks00082.o)
                0x00403ca8                stricoll
 .text          0x00403cb0        0x8 e:/programs/mingw/bin/../lib/gcc/mingw32/8.2.0/../../../libmoldname.a(dmhks00080.o)
                0x00403cb0                strdup
 .text          0x00403cb8        0x0 e:/programs/mingw/bin/../lib/gcc/mingw32/8.2.0/../../../libmoldname.a(dmhkh.o)
 .text          0x00403cb8        0x0 e:/programs/mingw/bin/../lib/gcc/mingw32/8.2.0/../../../libmoldname.a(dmhkt.o)
 .text          0x00403cb8        0x0 e:/programs/mingw/bin/../lib/gcc/mingw32/8.2.0/crtend.o
 *(SORT_BY_NAME(.text$*))
 *(.text.*)
 *fill*         0x00403cb8        0x8 
 .text.startup  0x00403cc0       0x10 e:/programs/mingw/bin/../lib/gcc/mingw32/8.2.0/crtend.o
 *(.gnu.linkonce.t.*)
 *(.glue_7t)
 *(.glue_7)
                0x00403cd0                ___CTOR_LIST__ = .
                0x00403cd0                __CTOR_LIST__ = .
                0x00403cd0        0x4 LONG 0xffffffff
 *(.ctors)
 .ctors         0x00403cd4        0x4 C:\Users\AHMEDY~1\AppData\Local\Temp\ccI6KE3v.o
 .ctors         0x00403cd8        0x4 C:\Users\AHMEDY~1\AppData\Local\Temp\ccHN5XxC.o
 *(.ctor)
 *(SORT_BY_NAME(.ctors.*))
 .ctors.65535   0x00403cdc        0x4 e:/programs/mingw/bin/../lib/gcc/mingw32/8.2.0/crtend.o
                0x00403ce0        0x4 LONG 0x0
                0x00403ce4                ___DTOR_LIST__ = .
                0x00403ce4                __DTOR_LIST__ = .
                0x00403ce4        0x4 LONG 0xffffffff
 *(.dtors)
 *(.dtor)
 *(SORT_BY_NAME(.dtors.*))
                0x00403ce8        0x4 LONG 0x0
 *(.fini)
 *(.gcc_exc)
                [!provide]                PROVIDE (etext = .)
                [!provide]                PROVIDE (_etext = .)
 *(.gcc_except_table)

.data           0x00404000      0x200
                0x00404000                __data_start__ = .
 *(.data)
 .data          0x00404000        0x0 e:/programs/mingw/bin/../lib/gcc/mingw32/8.2.0/../../../crt2.o
 .data          0x00404000        0x4 e:/programs/mingw/bin/../lib/gcc/mingw32/8.2.0/crtbegin.o
 .data          0x00404004        0x0 C:\Users\AHMEDY~1\AppData\Local\Temp\ccI6KE3v.o
 .data          0x00404004        0x0 C:\Users\AHMEDY~1\AppData\Local\Temp\ccHN5XxC.o
 .data          0x00404004        0x4 e:/programs/mingw/bin/../lib/gcc/mingw32/8.2.0/../../../libmingw32.a(CRTglob.o)
                0x00404004                _CRT_glob
 .data          0x00404008        0x0 e:/programs/mingw/bin/../lib/gcc/mingw32/8.2.0/../../../libmingw32.a(setargv.o)
 .data          0x00404008        0x0 e:/programs/mingw/bin/../lib/gcc/mingw32/8.2.0/../../../libmingw32.a(CRTfmode.o)
 .data          0x00404008        0x0 e:/programs/mingw/bin/../lib/gcc/mingw32/8.2.0/../../../libmingw32.a(cpu_features.o)
 .data          0x00404008        0x4 e:/programs/mingw/bin/../lib/gcc/mingw32/8.2.0/../../../libmingw32.a(CRT_fp10.o)
                0x00404008                _CRT_fenv
 .data          0x0040400c        0x4 e:/programs/mingw/bin/../lib/gcc/mingw32/8.2.0/../../../libmingw32.a(txtmode.o)
                0x0040400c                _fmode
 .data          0x00404010        0x4 e:/programs/mingw/bin/../lib/gcc/mingw32/8.2.0/../../../libmingw32.a(gccmain.o)
 .data          0x00404014        0x0 e:/programs/mingw/bin/../lib/gcc/mingw32/8.2.0/../../../libmingw32.a(tlssup.o)
 .data          0x00404014        0x0 e:/programs/mingw/bin/../lib/gcc/mingw32/8.2.0/../../../libmingw32.a(tlsthrd.o)
 .data          0x00404014        0x0 e:/programs/mingw/bin/../lib/gcc/mingw32/8.2.0/../../../libmingw32.a(pseudo-reloc.o)
 .data          0x00404014        0x0 e:/programs/mingw/bin/../lib/gcc/mingw32/8.2.0/../../../libmingw32.a(pseudo-reloc-list.o)
 .data          0x00404014        0x0 e:/programs/mingw/bin/../lib/gcc/mingw32/8.2.0/../../../libmingw32.a(crtst.o)
 .data          0x00404014        0x0 e:/programs/mingw/bin/../lib/gcc/mingw32/8.2.0/libgcc.a(_chkstk_ms.o)
 .data          0x00404014        0x0 e:/programs/mingw/bin/../lib/gcc/mingw32/8.2.0/libgcc.a(_ctors.o)
 .data          0x00404014        0x4 e:/programs/mingw/bin/../lib/gcc/mingw32/8.2.0/../../../libmingwex.a(fesetenv.o)
 .data          0x00404018        0x0 e:/programs/mingw/bin/../lib/gcc/mingw32/8.2.0/../../../libmingwex.a(glob.o)
 .data          0x00404018        0x0 e:/programs/mingw/bin/../lib/gcc/mingw32/8.2.0/../../../libmingwex.a(dirname.o)
 .data          0x00404018        0x0 e:/programs/mingw/bin/../lib/gcc/mingw32/8.2.0/../../../libmingwex.a(dirent.o)
 .data          0x00404018        0x0 e:/programs/mingw/bin/../lib/gcc/mingw32/8.2.0/../../../libmsvcrt.a(dxnls01320.o)
 .data          0x00404018        0x0 e:/programs/mingw/bin/../lib/gcc/mingw32/8.2.0/../../../libmsvcrt.a(dxnls01279.o)
 .data          0x00404018        0x0 e:/programs/mingw/bin/../lib/gcc/mingw32/8.2.0/../../../libmsvcrt.a(dxnls01272.o)
 .data          0x00404018        0x0 e:/programs/mingw/bin/../lib/gcc/mingw32/8.2.0/../../../libmsvcrt.a(dxnls01244.o)
 .data          0x00404018        0x0 e:/programs/mingw/bin/../lib/gcc/mingw32/8.2.0/../../../libmsvcrt.a(dxnls01237.o)
 .data          0x00404018        0x0 e:/programs/mingw/bin/../lib/gcc/mingw32/8.2.0/../../../libmsvcrt.a(dxnls01224.o)
 .data          0x00404018        0x0 e:/programs/mingw/bin/../lib/gcc/mingw32/8.2.0/../../../libmsvcrt.a(dxnls01222.o)
 .data          0x00404018        0x0 e:/programs/mingw/bin/../lib/gcc/mingw32/8.2.0/../../../libmsvcrt.a(dxnls01215.o)
 .data          0x00404018        0x0 e:/programs/mingw/bin/../lib/gcc/mingw32/8.2.0/../../../libmsvcrt.a(dxnls01194.o)
 .data          0x00404018        0x0 e:/programs/mingw/bin/../lib/gcc/mingw32/8.2.0/../../../libmsvcrt.a(dxnls01189.o)
 .data          0x00404018        0x0 e:/programs/mingw/bin/../lib/gcc/mingw32/8.2.0/../../../libmsvcrt.a(dxnls01182.o)
 .data          0x00404018        0x0 e:/programs/mingw/bin/../lib/gcc/mingw32/8.2.0/../../../libmsvcrt.a(dxnls01137.o)
 .data          0x00404018        0x0 e:/programs/mingw/bin/../lib/gcc/mingw32/8.2.0/../../../libmsvcrt.a(dxnls01126.o)
 .data          0x00404018        0x0 e:/programs/mingw/bin/../lib/gcc/mingw32/8.2.0/../../../libmsvcrt.a(dxnls01093.o)
 .data          0x00404018        0x0 e:/programs/mingw/bin/../lib/gcc/mingw32/8.2.0/../../../libmsvcrt.a(dxnls01086.o)
 .data          0x00404018        0x0 e:/programs/mingw/bin/../lib/gcc/mingw32/8.2.0/../../../libmsvcrt.a(dxnls01078.o)
 .data          0x00404018        0x0 e:/programs/mingw/bin/../lib/gcc/mingw32/8.2.0/../../../libmsvcrt.a(dxnls00748.o)
 .data          0x00404018        0x0 e:/programs/mingw/bin/../lib/gcc/mingw32/8.2.0/../../../libmsvcrt.a(dxnls00693.o)
 .data          0x00404018        0x0 e:/programs/mingw/bin/../lib/gcc/mingw32/8.2.0/../../../libmsvcrt.a(dxnls00684.o)
 .data          0x00404018        0x0 e:/programs/mingw/bin/../lib/gcc/mingw32/8.2.0/../../../libmsvcrt.a(dxnls00417.o)
 .data          0x00404018        0x0 e:/programs/mingw/bin/../lib/gcc/mingw32/8.2.0/../../../libmsvcrt.a(dxnls00412.o)
 .data          0x00404018        0x0 e:/programs/mingw/bin/../lib/gcc/mingw32/8.2.0/../../../libmsvcrt.a(dxnls00345.o)
 .data          0x00404018        0x0 e:/programs/mingw/bin/../lib/gcc/mingw32/8.2.0/../../../libmsvcrt.a(dxnls00319.o)
 .data          0x00404018        0x0 e:/programs/mingw/bin/../lib/gcc/mingw32/8.2.0/../../../libmsvcrt.a(dxnls00280.o)
 .data          0x00404018        0x0 e:/programs/mingw/bin/../lib/gcc/mingw32/8.2.0/../../../libmsvcrt.a(dxnls00214.o)
 .data          0x00404018        0x0 e:/programs/mingw/bin/../lib/gcc/mingw32/8.2.0/../../../libmsvcrt.a(dxnls00153.o)
 .data          0x00404018        0x0 e:/programs/mingw/bin/../lib/gcc/mingw32/8.2.0/../../../libmsvcrt.a(dxnls00133.o)
 .data          0x00404018        0x0 e:/programs/mingw/bin/../lib/gcc/mingw32/8.2.0/../../../libmsvcrt.a(dxnls00131.o)
 .data          0x00404018        0x0 e:/programs/mingw/bin/../lib/gcc/mingw32/8.2.0/../../../libmsvcrt.a(dxnls00119.o)
 .data          0x00404018        0x0 e:/programs/mingw/bin/../lib/gcc/mingw32/8.2.0/../../../libmsvcrt.a(dxnls00088.o)
 .data          0x00404018        0x0 e:/programs/mingw/bin/../lib/gcc/mingw32/8.2.0/../../../libmsvcrt.a(dxnlh.o)
 .data          0x00404018        0x0 e:/programs/mingw/bin/../lib/gcc/mingw32/8.2.0/../../../libmsvcrt.a(dxnlt.o)
 .data          0x00404018        0x0 e:/programs/mingw/bin/../lib/gcc/mingw32/8.2.0/../../../libkernel32.a(dimos01206.o)
 .data          0x00404018        0x0 e:/programs/mingw/bin/../lib/gcc/mingw32/8.2.0/../../../libkernel32.a(dimos01204.o)
 .data          0x00404018        0x0 e:/programs/mingw/bin/../lib/gcc/mingw32/8.2.0/../../../libkernel32.a(dimos01164.o)
 .data          0x00404018        0x0 e:/programs/mingw/bin/../lib/gcc/mingw32/8.2.0/../../../libkernel32.a(dimos01131.o)
 .data          0x00404018        0x0 e:/programs/mingw/bin/../lib/gcc/mingw32/8.2.0/../../../libkernel32.a(dimos00817.o)
 .data          0x00404018        0x0 e:/programs/mingw/bin/../lib/gcc/mingw32/8.2.0/../../../libkernel32.a(dimos00814.o)
 .data          0x00404018        0x0 e:/programs/mingw/bin/../lib/gcc/mingw32/8.2.0/../../../libkernel32.a(dimos00734.o)
 .data          0x00404018        0x0 e:/programs/mingw/bin/../lib/gcc/mingw32/8.2.0/../../../libkernel32.a(dimos00577.o)
 .data          0x00404018        0x0 e:/programs/mingw/bin/../lib/gcc/mingw32/8.2.0/../../../libkernel32.a(dimos00529.o)
 .data          0x00404018        0x0 e:/programs/mingw/bin/../lib/gcc/mingw32/8.2.0/../../../libkernel32.a(dimos00510.o)
 .data          0x00404018        0x0 e:/programs/mingw/bin/../lib/gcc/mingw32/8.2.0/../../../libkernel32.a(dimos00388.o)
 .data          0x00404018        0x0 e:/programs/mingw/bin/../lib/gcc/mingw32/8.2.0/../../../libkernel32.a(dimos00352.o)
 .data          0x00404018        0x0 e:/programs/mingw/bin/../lib/gcc/mingw32/8.2.0/../../../libkernel32.a(dimos00321.o)
 .data          0x00404018        0x0 e:/programs/mingw/bin/../lib/gcc/mingw32/8.2.0/../../../libkernel32.a(dimos00304.o)
 .data          0x00404018        0x0 e:/programs/mingw/bin/../lib/gcc/mingw32/8.2.0/../../../libkernel32.a(dimos00300.o)
 .data          0x00404018        0x0 e:/programs/mingw/bin/../lib/gcc/mingw32/8.2.0/../../../libkernel32.a(dimos00279.o)
 .data          0x00404018        0x0 e:/programs/mingw/bin/../lib/gcc/mingw32/8.2.0/../../../libkernel32.a(dimos00236.o)
 .data          0x00404018        0x0 e:/programs/mingw/bin/../lib/gcc/mingw32/8.2.0/../../../libkernel32.a(dimos00207.o)
 .data          0x00404018        0x0 e:/programs/mingw/bin/../lib/gcc/mingw32/8.2.0/../../../libkernel32.a(dimoh.o)
 .data          0x00404018        0x0 e:/programs/mingw/bin/../lib/gcc/mingw32/8.2.0/../../../libkernel32.a(dimot.o)
 .data          0x00404018        0x0 e:/programs/mingw/bin/../lib/gcc/mingw32/8.2.0/../../../libmoldname.a(dmhks00082.o)
 .data          0x00404018        0x0 e:/programs/mingw/bin/../lib/gcc/mingw32/8.2.0/../../../libmoldname.a(dmhks00080.o)
 .data          0x00404018        0x0 e:/programs/mingw/bin/../lib/gcc/mingw32/8.2.0/../../../libmoldname.a(dmhkh.o)
 .data          0x00404018        0x0 e:/programs/mingw/bin/../lib/gcc/mingw32/8.2.0/../../../libmoldname.a(dmhkt.o)
 .data          0x00404018        0x0 e:/programs/mingw/bin/../lib/gcc/mingw32/8.2.0/crtend.o
 *(.data2)
 *(SORT_BY_NAME(.data$*))
 *(.jcr)
                0x00404018                __data_end__ = .
 *(.data_cygwin_nocopy)

.rdata          0x00405000      0x600
 *(.rdata)
 .rdata         0x00405000       0x44 e:/programs/mingw/bin/../lib/gcc/mingw32/8.2.0/crtbegin.o
 .rdata         0x00405044        0x4 C:\Users\AHMEDY~1\AppData\Local\Temp\ccI6KE3v.o
 .rdata         0x00405048       0x14 C:\Users\AHMEDY~1\AppData\Local\Temp\ccHN5XxC.o
 .rdata         0x0040505c      0x178 e:/programs/mingw/bin/../lib/gcc/mingw32/8.2.0/../../../libmingw32.a(setargv.o)
 .rdata         0x004051d4        0x4 e:/programs/mingw/bin/../lib/gcc/mingw32/8.2.0/../../../libmingw32.a(tlssup.o)
                0x004051d4                __dyn_tls_init_callback
 .rdata         0x004051d8       0xac e:/programs/mingw/bin/../lib/gcc/mingw32/8.2.0/../../../libmingw32.a(pseudo-reloc.o)
 .rdata         0x00405284       0x14 e:/programs/mingw/bin/../lib/gcc/mingw32/8.2.0/../../../libmingwex.a(glob.o)
 .rdata         0x00405298        0x8 e:/programs/mingw/bin/../lib/gcc/mingw32/8.2.0/../../../libmingwex.a(dirname.o)
 .rdata         0x004052a0        0x4 ertr000001.o
 *(SORT_BY_NAME(.rdata$*))
 .rdata$zzz     0x004052a4       0x14 e:/programs/mingw/bin/../lib/gcc/mingw32/8.2.0/../../../crt2.o
 .rdata$zzz     0x004052b8       0x14 e:/programs/mingw/bin/../lib/gcc/mingw32/8.2.0/crtbegin.o
 .rdata$zzz     0x004052cc       0x24 C:\Users\AHMEDY~1\AppData\Local\Temp\ccI6KE3v.o
 .rdata$zzz     0x004052f0       0x24 C:\Users\AHMEDY~1\AppData\Local\Temp\ccHN5XxC.o
 .rdata$zzz     0x00405314       0x14 e:/programs/mingw/bin/../lib/gcc/mingw32/8.2.0/../../../libmingw32.a(CRTglob.o)
 .rdata$zzz     0x00405328       0x14 e:/programs/mingw/bin/../lib/gcc/mingw32/8.2.0/../../../libmingw32.a(setargv.o)
 .rdata$zzz     0x0040533c       0x14 e:/programs/mingw/bin/../lib/gcc/mingw32/8.2.0/../../../libmingw32.a(CRTfmode.o)
 .rdata$zzz     0x00405350       0x14 e:/programs/mingw/bin/../lib/gcc/mingw32/8.2.0/../../../libmingw32.a(CRT_fp10.o)
 .rdata$zzz     0x00405364       0x14 e:/programs/mingw/bin/../lib/gcc/mingw32/8.2.0/../../../libmingw32.a(txtmode.o)
 .rdata$zzz     0x00405378       0x14 e:/programs/mingw/bin/../lib/gcc/mingw32/8.2.0/../../../libmingw32.a(gccmain.o)
 .rdata$zzz     0x0040538c       0x14 e:/programs/mingw/bin/../lib/gcc/mingw32/8.2.0/../../../libmingw32.a(tlssup.o)
 .rdata$zzz     0x004053a0       0x14 e:/programs/mingw/bin/../lib/gcc/mingw32/8.2.0/../../../libmingw32.a(tlsthrd.o)
 .rdata$zzz     0x004053b4       0x14 e:/programs/mingw/bin/../lib/gcc/mingw32/8.2.0/../../../libmingw32.a(pseudo-reloc.o)
 .rdata$zzz     0x004053c8       0x14 e:/programs/mingw/bin/../lib/gcc/mingw32/8.2.0/../../../libmingw32.a(pseudo-reloc-list.o)
 .rdata$zzz     0x004053dc       0x14 e:/programs/mingw/bin/../lib/gcc/mingw32/8.2.0/../../../libmingw32.a(crtst.o)
 .rdata$zzz     0x004053f0       0x14 e:/programs/mingw/bin/../lib/gcc/mingw32/8.2.0/libgcc.a(_ctors.o)
 .rdata$zzz     0x00405404       0x14 e:/programs/mingw/bin/../lib/gcc/mingw32/8.2.0/../../../libmingwex.a(fesetenv.o)
 .rdata$zzz     0x00405418       0x14 e:/programs/mingw/bin/../lib/gcc/mingw32/8.2.0/../../../libmingwex.a(glob.o)
 .rdata$zzz     0x0040542c       0x14 e:/programs/mingw/bin/../lib/gcc/mingw32/8.2.0/../../../libmingwex.a(dirname.o)
 .rdata$zzz     0x00405440       0x14 e:/programs/mingw/bin/../lib/gcc/mingw32/8.2.0/../../../libmingwex.a(dirent.o)
 .rdata$zzz     0x00405454       0x14 e:/programs/mingw/bin/../lib/gcc/mingw32/8.2.0/crtend.o
                0x00405468                . = ALIGN (0x4)
                0x00405468                __rt_psrelocs_start = .
 *(.rdata_runtime_pseudo_reloc)
 .rdata_runtime_pseudo_reloc
                0x00405468       0x18 rtr000000.o
                0x00405480                __rt_psrelocs_end = .
                0x00000018                __rt_psrelocs_size = (__rt_psrelocs_end - __rt_psrelocs_start)
                0x00405480                ___RUNTIME_PSEUDO_RELOC_LIST_END__ = .
                0x00405480                __RUNTIME_PSEUDO_RELOC_LIST_END__ = .
                0x00405468                ___RUNTIME_PSEUDO_RELOC_LIST__ = (. - __rt_psrelocs_size)
                0x00405468                __RUNTIME_PSEUDO_RELOC_LIST__ = (. - __rt_psrelocs_size)

.eh_frame       0x00406000      0xc00
 *(.eh_frame*)
 .eh_frame      0x00406000       0xb8 e:/programs/mingw/bin/../lib/gcc/mingw32/8.2.0/../../../crt2.o
 .eh_frame      0x004060b8       0x64 e:/programs/mingw/bin/../lib/gcc/mingw32/8.2.0/crtbegin.o
                0x004060b8                __EH_FRAME_BEGIN__
 .eh_frame      0x0040611c       0x98 C:\Users\AHMEDY~1\AppData\Local\Temp\ccI6KE3v.o
 .eh_frame      0x004061b4       0x98 C:\Users\AHMEDY~1\AppData\Local\Temp\ccHN5XxC.o
 .eh_frame      0x0040624c       0x58 e:/programs/mingw/bin/../lib/gcc/mingw32/8.2.0/../../../libmingw32.a(setargv.o)
 .eh_frame      0x004062a4       0x40 e:/programs/mingw/bin/../lib/gcc/mingw32/8.2.0/../../../libmingw32.a(cpu_features.o)
 .eh_frame      0x004062e4       0x68 e:/programs/mingw/bin/../lib/gcc/mingw32/8.2.0/../../../libmingw32.a(gccmain.o)
 .eh_frame      0x0040634c       0x94 e:/programs/mingw/bin/../lib/gcc/mingw32/8.2.0/../../../libmingw32.a(tlssup.o)
 .eh_frame      0x004063e0      0x110 e:/programs/mingw/bin/../lib/gcc/mingw32/8.2.0/../../../libmingw32.a(tlsthrd.o)
 .eh_frame      0x004064f0       0xf8 e:/programs/mingw/bin/../lib/gcc/mingw32/8.2.0/../../../libmingw32.a(pseudo-reloc.o)
 .eh_frame      0x004065e8       0x34 e:/programs/mingw/bin/../lib/gcc/mingw32/8.2.0/../../../libmingwex.a(fesetenv.o)
 .eh_frame      0x0040661c      0x244 e:/programs/mingw/bin/../lib/gcc/mingw32/8.2.0/../../../libmingwex.a(glob.o)
 .eh_frame      0x00406860       0x48 e:/programs/mingw/bin/../lib/gcc/mingw32/8.2.0/../../../libmingwex.a(dirname.o)
 .eh_frame      0x004068a8      0x1d8 e:/programs/mingw/bin/../lib/gcc/mingw32/8.2.0/../../../libmingwex.a(dirent.o)
 .eh_frame      0x00406a80       0x30 e:/programs/mingw/bin/../lib/gcc/mingw32/8.2.0/crtend.o

.pdata
 *(.pdata*)

.bss            0x00407000       0x78
                0x00407000                __bss_start__ = .
 *(.bss)
 .bss           0x00407000        0x8 e:/programs/mingw/bin/../lib/gcc/mingw32/8.2.0/../../../crt2.o
                0x00407000                _argv
                0x00407004                _argc
 .bss           0x00407008       0x18 e:/programs/mingw/bin/../lib/gcc/mingw32/8.2.0/crtbegin.o
 .bss           0x00407020        0x4 C:\Users\AHMEDY~1\AppData\Local\Temp\ccI6KE3v.o
 .bss           0x00407024        0x4 C:\Users\AHMEDY~1\AppData\Local\Temp\ccHN5XxC.o
 .bss           0x00407028        0x0 e:/programs/mingw/bin/../lib/gcc/mingw32/8.2.0/../../../libmingw32.a(CRTglob.o)
 .bss           0x00407028        0x0 e:/programs/mingw/bin/../lib/gcc/mingw32/8.2.0/../../../libmingw32.a(setargv.o)
 .bss           0x00407028        0x4 e:/programs/mingw/bin/../lib/gcc/mingw32/8.2.0/../../../libmingw32.a(CRTfmode.o)
                0x00407028                _CRT_fmode
 .bss           0x0040702c        0x4 e:/programs/mingw/bin/../lib/gcc/mingw32/8.2.0/../../../libmingw32.a(cpu_features.o)
                0x0040702c                __cpu_features
 .bss           0x00407030        0x0 e:/programs/mingw/bin/../lib/gcc/mingw32/8.2.0/../../../libmingw32.a(CRT_fp10.o)
 .bss           0x00407030        0x0 e:/programs/mingw/bin/../lib/gcc/mingw32/8.2.0/../../../libmingw32.a(txtmode.o)
 .bss           0x00407030        0x4 e:/programs/mingw/bin/../lib/gcc/mingw32/8.2.0/../../../libmingw32.a(gccmain.o)
 .bss           0x00407034       0x10 e:/programs/mingw/bin/../lib/gcc/mingw32/8.2.0/../../../libmingw32.a(tlssup.o)
                0x00407034                mingw_initltssuo_force
                0x00407038                mingw_initltsdyn_force
                0x0040703c                mingw_initltsdrot_force
                0x00407040                _tls_index
 .bss           0x00407044       0x20 e:/programs/mingw/bin/../lib/gcc/mingw32/8.2.0/../../../libmingw32.a(tlsthrd.o)
 .bss           0x00407064        0x4 e:/programs/mingw/bin/../lib/gcc/mingw32/8.2.0/../../../libmingw32.a(pseudo-reloc.o)
 .bss           0x00407068        0x4 e:/programs/mingw/bin/../lib/gcc/mingw32/8.2.0/../../../libmingw32.a(pseudo-reloc-list.o)
 .bss           0x0040706c        0x4 e:/programs/mingw/bin/../lib/gcc/mingw32/8.2.0/../../../libmingw32.a(crtst.o)
                0x0040706c                _CRT_MT
 .bss           0x00407070        0x0 e:/programs/mingw/bin/../lib/gcc/mingw32/8.2.0/libgcc.a(_chkstk_ms.o)
 .bss           0x00407070        0x0 e:/programs/mingw/bin/../lib/gcc/mingw32/8.2.0/libgcc.a(_ctors.o)
 .bss           0x00407070        0x0 e:/programs/mingw/bin/../lib/gcc/mingw32/8.2.0/../../../libmingwex.a(fesetenv.o)
 .bss           0x00407070        0x0 e:/programs/mingw/bin/../lib/gcc/mingw32/8.2.0/../../../libmingwex.a(glob.o)
 .bss           0x00407070        0x4 e:/programs/mingw/bin/../lib/gcc/mingw32/8.2.0/../../../libmingwex.a(dirname.o)
 .bss           0x00407074        0x0 e:/programs/mingw/bin/../lib/gcc/mingw32/8.2.0/../../../libmingwex.a(dirent.o)
 .bss           0x00407074        0x0 e:/programs/mingw/bin/../lib/gcc/mingw32/8.2.0/../../../libmsvcrt.a(dxnls01320.o)
 .bss           0x00407074        0x0 e:/programs/mingw/bin/../lib/gcc/mingw32/8.2.0/../../../libmsvcrt.a(dxnls01279.o)
 .bss           0x00407074        0x0 e:/programs/mingw/bin/../lib/gcc/mingw32/8.2.0/../../../libmsvcrt.a(dxnls01272.o)
 .bss           0x00407074        0x0 e:/programs/mingw/bin/../lib/gcc/mingw32/8.2.0/../../../libmsvcrt.a(dxnls01244.o)
 .bss           0x00407074        0x0 e:/programs/mingw/bin/../lib/gcc/mingw32/8.2.0/../../../libmsvcrt.a(dxnls01237.o)
 .bss           0x00407074        0x0 e:/programs/mingw/bin/../lib/gcc/mingw32/8.2.0/../../../libmsvcrt.a(dxnls01224.o)
 .bss           0x00407074        0x0 e:/programs/mingw/bin/../lib/gcc/mingw32/8.2.0/../../../libmsvcrt.a(dxnls01222.o)
 .bss           0x00407074        0x0 e:/programs/mingw/bin/../lib/gcc/mingw32/8.2.0/../../../libmsvcrt.a(dxnls01215.o)
 .bss           0x00407074        0x0 e:/programs/mingw/bin/../lib/gcc/mingw32/8.2.0/../../../libmsvcrt.a(dxnls01194.o)
 .bss           0x00407074        0x0 e:/programs/mingw/bin/../lib/gcc/mingw32/8.2.0/../../../libmsvcrt.a(dxnls01189.o)
 .bss           0x00407074        0x0 e:/programs/mingw/bin/../lib/gcc/mingw32/8.2.0/../../../libmsvcrt.a(dxnls01182.o)
 .bss           0x00407074        0x0 e:/programs/mingw/bin/../lib/gcc/mingw32/8.2.0/../../../libmsvcrt.a(dxnls01137.o)
 .bss           0x00407074        0x0 e:/programs/mingw/bin/../lib/gcc/mingw32/8.2.0/../../../libmsvcrt.a(dxnls01126.o)
 .bss           0x00407074        0x0 e:/programs/mingw/bin/../lib/gcc/mingw32/8.2.0/../../../libmsvcrt.a(dxnls01093.o)
 .bss           0x00407074        0x0 e:/programs/mingw/bin/../lib/gcc/mingw32/8.2.0/../../../libmsvcrt.a(dxnls01086.o)
 .bss           0x00407074        0x0 e:/programs/mingw/bin/../lib/gcc/mingw32/8.2.0/../../../libmsvcrt.a(dxnls01078.o)
 .bss           0x00407074        0x0 e:/programs/mingw/bin/../lib/gcc/mingw32/8.2.0/../../../libmsvcrt.a(dxnls00748.o)
 .bss           0x00407074        0x0 e:/programs/mingw/bin/../lib/gcc/mingw32/8.2.0/../../../libmsvcrt.a(dxnls00693.o)
 .bss           0x00407074        0x0 e:/programs/mingw/bin/../lib/gcc/mingw32/8.2.0/../../../libmsvcrt.a(dxnls00684.o)
 .bss           0x00407074        0x0 e:/programs/mingw/bin/../lib/gcc/mingw32/8.2.0/../../../libmsvcrt.a(dxnls00417.o)
 .bss           0x00407074        0x0 e:/programs/mingw/bin/../lib/gcc/mingw32/8.2.0/../../../libmsvcrt.a(dxnls00412.o)
 .bss           0x00407074        0x0 e:/programs/mingw/bin/../lib/gcc/mingw32/8.2.0/../../../libmsvcrt.a(dxnls00345.o)
 .bss           0x00407074        0x0 e:/programs/mingw/bin/../lib/gcc/mingw32/8.2.0/../../../libmsvcrt.a(dxnls00319.o)
 .bss           0x00407074        0x0 e:/programs/mingw/bin/../lib/gcc/mingw32/8.2.0/../../../libmsvcrt.a(dxnls00280.o)
 .bss           0x00407074        0x0 e:/programs/mingw/bin/../lib/gcc/mingw32/8.2.0/../../../libmsvcrt.a(dxnls00214.o)
 .bss           0x00407074        0x0 e:/programs/mingw/bin/../lib/gcc/mingw32/8.2.0/../../../libmsvcrt.a(dxnls00153.o)
 .bss           0x00407074        0x0 e:/programs/mingw/bin/../lib/gcc/mingw32/8.2.0/../../../libmsvcrt.a(dxnls00133.o)
 .bss           0x00407074        0x0 e:/programs/mingw/bin/../lib/gcc/mingw32/8.2.0/../../../libmsvcrt.a(dxnls00131.o)
 .bss           0x00407074        0x0 e:/programs/mingw/bin/../lib/gcc/mingw32/8.2.0/../../../libmsvcrt.a(dxnls00119.o)
 .bss           0x00407074        0x0 e:/programs/mingw/bin/../lib/gcc/mingw32/8.2.0/../../../libmsvcrt.a(dxnls00088.o)
 .bss           0x00407074        0x0 e:/programs/mingw/bin/../lib/gcc/mingw32/8.2.0/../../../libmsvcrt.a(dxnlh.o)
 .bss           0x00407074        0x0 e:/programs/mingw/bin/../lib/gcc/mingw32/8.2.0/../../../libmsvcrt.a(dxnlt.o)
 .bss           0x00407074        0x0 e:/programs/mingw/bin/../lib/gcc/mingw32/8.2.0/../../../libkernel32.a(dimos01206.o)
 .bss           0x00407074        0x0 e:/programs/mingw/bin/../lib/gcc/mingw32/8.2.0/../../../libkernel32.a(dimos01204.o)
 .bss           0x00407074        0x0 e:/programs/mingw/bin/../lib/gcc/mingw32/8.2.0/../../../libkernel32.a(dimos01164.o)
 .bss           0x00407074        0x0 e:/programs/mingw/bin/../lib/gcc/mingw32/8.2.0/../../../libkernel32.a(dimos01131.o)
 .bss           0x00407074        0x0 e:/programs/mingw/bin/../lib/gcc/mingw32/8.2.0/../../../libkernel32.a(dimos00817.o)
 .bss           0x00407074        0x0 e:/programs/mingw/bin/../lib/gcc/mingw32/8.2.0/../../../libkernel32.a(dimos00814.o)
 .bss           0x00407074        0x0 e:/programs/mingw/bin/../lib/gcc/mingw32/8.2.0/../../../libkernel32.a(dimos00734.o)
 .bss           0x00407074        0x0 e:/programs/mingw/bin/../lib/gcc/mingw32/8.2.0/../../../libkernel32.a(dimos00577.o)
 .bss           0x00407074        0x0 e:/programs/mingw/bin/../lib/gcc/mingw32/8.2.0/../../../libkernel32.a(dimos00529.o)
 .bss           0x00407074        0x0 e:/programs/mingw/bin/../lib/gcc/mingw32/8.2.0/../../../libkernel32.a(dimos00510.o)
 .bss           0x00407074        0x0 e:/programs/mingw/bin/../lib/gcc/mingw32/8.2.0/../../../libkernel32.a(dimos00388.o)
 .bss           0x00407074        0x0 e:/programs/mingw/bin/../lib/gcc/mingw32/8.2.0/../../../libkernel32.a(dimos00352.o)
 .bss           0x00407074        0x0 e:/programs/mingw/bin/../lib/gcc/mingw32/8.2.0/../../../libkernel32.a(dimos00321.o)
 .bss           0x00407074        0x0 e:/programs/mingw/bin/../lib/gcc/mingw32/8.2.0/../../../libkernel32.a(dimos00304.o)
 .bss           0x00407074        0x0 e:/programs/mingw/bin/../lib/gcc/mingw32/8.2.0/../../../libkernel32.a(dimos00300.o)
 .bss           0x00407074        0x0 e:/programs/mingw/bin/../lib/gcc/mingw32/8.2.0/../../../libkernel32.a(dimos00279.o)
 .bss           0x00407074        0x0 e:/programs/mingw/bin/../lib/gcc/mingw32/8.2.0/../../../libkernel32.a(dimos00236.o)
 .bss           0x00407074        0x0 e:/programs/mingw/bin/../lib/gcc/mingw32/8.2.0/../../../libkernel32.a(dimos00207.o)
 .bss           0x00407074        0x0 e:/programs/mingw/bin/../lib/gcc/mingw32/8.2.0/../../../libkernel32.a(dimoh.o)
 .bss           0x00407074        0x0 e:/programs/mingw/bin/../lib/gcc/mingw32/8.2.0/../../../libkernel32.a(dimot.o)
 .bss           0x00407074        0x0 e:/programs/mingw/bin/../lib/gcc/mingw32/8.2.0/../../../libmoldname.a(dmhks00082.o)
 .bss           0x00407074        0x0 e:/programs/mingw/bin/../lib/gcc/mingw32/8.2.0/../../../libmoldname.a(dmhks00080.o)
 .bss           0x00407074        0x0 e:/programs/mingw/bin/../lib/gcc/mingw32/8.2.0/../../../libmoldname.a(dmhkh.o)
 .bss           0x00407074        0x0 e:/programs/mingw/bin/../lib/gcc/mingw32/8.2.0/../../../libmoldname.a(dmhkt.o)
 .bss           0x00407074        0x0 e:/programs/mingw/bin/../lib/gcc/mingw32/8.2.0/crtend.o
 *(COMMON)
 COMMON         0x00407074        0x4 e:/programs/mingw/bin/../lib/gcc/mingw32/8.2.0/crtbegin.o
                0x00407074                hmod_libgcc
 COMMON         0x00407078        0x0 e:/programs/mingw/bin/../lib/gcc/mingw32/8.2.0/libgcc.a(_ctors.o)
                0x00407078                __bss_end__ = .

.edata
 *(.edata)

/DISCARD/
 *(.debug$S)
 *(.debug$T)
 *(.debug$F)
 *(.drectve)
 *(.note.GNU-stack)
 *(.gnu.lto_*)

.idata          0x00408000      0x800
 SORT_BY_NAME(*)(.idata$2)
 .idata$2       0x00408000       0x14 e:/programs/mingw/bin/../lib/gcc/mingw32/8.2.0/../../../libkernel32.a(dimoh.o)
                0x00408000                _head_libkernel32_a
 .idata$2       0x00408014       0x14 e:/programs/mingw/bin/../lib/gcc/mingw32/8.2.0/../../../libmoldname.a(dmhkh.o)
                0x00408014                _head_libmoldname_a
 .idata$2       0x00408028       0x14 e:/programs/mingw/bin/../lib/gcc/mingw32/8.2.0/../../../libmsvcrt.a(dxnlh.o)
                0x00408028                _head_libmsvcrt_a
 .idata$2       0x0040803c       0x14 e:/programs/mingw/bin/../lib/gcc/mingw32/8.2.0/libgcc_s.a(d000000.o)
                0x0040803c                _head_libgcc_s_dw2_1_dll
 .idata$2       0x00408050       0x14 e:/programs/mingw/bin/../lib/gcc/mingw32/8.2.0/libstdc++.dll.a(d000000.o)
                0x00408050                _head_libstdc___6_dll
 SORT_BY_NAME(*)(.idata$3)
                0x00408064        0x4 LONG 0x0
                0x00408068        0x4 LONG 0x0
                0x0040806c        0x4 LONG 0x0
                0x00408070        0x4 LONG 0x0
                0x00408074        0x4 LONG 0x0
 SORT_BY_NAME(*)(.idata$4)
 .idata$4       0x00408078        0x0 e:/programs/mingw/bin/../lib/gcc/mingw32/8.2.0/../../../libkernel32.a(dimoh.o)
 .idata$4       0x00408078        0x4 e:/programs/mingw/bin/../lib/gcc/mingw32/8.2.0/../../../libkernel32.a(dimos00207.o)
 .idata$4       0x0040807c        0x4 e:/programs/mingw/bin/../lib/gcc/mingw32/8.2.0/../../../libkernel32.a(dimos00236.o)
 .idata$4       0x00408080        0x4 e:/programs/mingw/bin/../lib/gcc/mingw32/8.2.0/../../../libkernel32.a(dimos00279.o)
 .idata$4       0x00408084        0x4 e:/programs/mingw/bin/../lib/gcc/mingw32/8.2.0/../../../libkernel32.a(dimos00300.o)
 .idata$4       0x00408088        0x4 e:/programs/mingw/bin/../lib/gcc/mingw32/8.2.0/../../../libkernel32.a(dimos00304.o)
 .idata$4       0x0040808c        0x4 e:/programs/mingw/bin/../lib/gcc/mingw32/8.2.0/../../../libkernel32.a(dimos00321.o)
 .idata$4       0x00408090        0x4 e:/programs/mingw/bin/../lib/gcc/mingw32/8.2.0/../../../libkernel32.a(dimos00352.o)
 .idata$4       0x00408094        0x4 e:/programs/mingw/bin/../lib/gcc/mingw32/8.2.0/../../../libkernel32.a(dimos00388.o)
 .idata$4       0x00408098        0x4 e:/programs/mingw/bin/../lib/gcc/mingw32/8.2.0/../../../libkernel32.a(dimos00510.o)
 .idata$4       0x0040809c        0x4 e:/programs/mingw/bin/../lib/gcc/mingw32/8.2.0/../../../libkernel32.a(dimos00529.o)
 .idata$4       0x004080a0        0x4 e:/programs/mingw/bin/../lib/gcc/mingw32/8.2.0/../../../libkernel32.a(dimos00577.o)
 .idata$4       0x004080a4        0x4 e:/programs/mingw/bin/../lib/gcc/mingw32/8.2.0/../../../libkernel32.a(dimos00734.o)
 .idata$4       0x004080a8        0x4 e:/programs/mingw/bin/../lib/gcc/mingw32/8.2.0/../../../libkernel32.a(dimos00814.o)
 .idata$4       0x004080ac        0x4 e:/programs/mingw/bin/../lib/gcc/mingw32/8.2.0/../../../libkernel32.a(dimos00817.o)
 .idata$4       0x004080b0        0x4 e:/programs/mingw/bin/../lib/gcc/mingw32/8.2.0/../../../libkernel32.a(dimos01131.o)
 .idata$4       0x004080b4        0x4 e:/programs/mingw/bin/../lib/gcc/mingw32/8.2.0/../../../libkernel32.a(dimos01164.o)
 .idata$4       0x004080b8        0x4 e:/programs/mingw/bin/../lib/gcc/mingw32/8.2.0/../../../libkernel32.a(dimos01204.o)
 .idata$4       0x004080bc        0x4 e:/programs/mingw/bin/../lib/gcc/mingw32/8.2.0/../../../libkernel32.a(dimos01206.o)
 .idata$4       0x004080c0        0x4 e:/programs/mingw/bin/../lib/gcc/mingw32/8.2.0/../../../libkernel32.a(dimot.o)
 .idata$4       0x004080c4        0x0 e:/programs/mingw/bin/../lib/gcc/mingw32/8.2.0/../../../libmoldname.a(dmhkh.o)
 .idata$4       0x004080c4        0x4 e:/programs/mingw/bin/../lib/gcc/mingw32/8.2.0/../../../libmoldname.a(dmhks00080.o)
 .idata$4       0x004080c8        0x4 e:/programs/mingw/bin/../lib/gcc/mingw32/8.2.0/../../../libmoldname.a(dmhks00082.o)
 .idata$4       0x004080cc        0x4 e:/programs/mingw/bin/../lib/gcc/mingw32/8.2.0/../../../libmoldname.a(dmhkt.o)
 .idata$4       0x004080d0        0x0 e:/programs/mingw/bin/../lib/gcc/mingw32/8.2.0/../../../libmsvcrt.a(dxnlh.o)
 .idata$4       0x004080d0        0x4 e:/programs/mingw/bin/../lib/gcc/mingw32/8.2.0/../../../libmsvcrt.a(dxnls00088.o)
 .idata$4       0x004080d4        0x4 e:/programs/mingw/bin/../lib/gcc/mingw32/8.2.0/../../../libmsvcrt.a(dxnls00119.o)
 .idata$4       0x004080d8        0x4 e:/programs/mingw/bin/../lib/gcc/mingw32/8.2.0/../../../libmsvcrt.a(dxnls00131.o)
 .idata$4       0x004080dc        0x4 e:/programs/mingw/bin/../lib/gcc/mingw32/8.2.0/../../../libmsvcrt.a(dxnls00133.o)
 .idata$4       0x004080e0        0x4 e:/programs/mingw/bin/../lib/gcc/mingw32/8.2.0/../../../libmsvcrt.a(dxnls00153.o)
 .idata$4       0x004080e4        0x4 e:/programs/mingw/bin/../lib/gcc/mingw32/8.2.0/../../../libmsvcrt.a(dxnls00214.o)
 .idata$4       0x004080e8        0x4 e:/programs/mingw/bin/../lib/gcc/mingw32/8.2.0/../../../libmsvcrt.a(dxnls00280.o)
 .idata$4       0x004080ec        0x4 e:/programs/mingw/bin/../lib/gcc/mingw32/8.2.0/../../../libmsvcrt.a(dxnls00319.o)
 .idata$4       0x004080f0        0x4 e:/programs/mingw/bin/../lib/gcc/mingw32/8.2.0/../../../libmsvcrt.a(dxnls00345.o)
 .idata$4       0x004080f4        0x4 e:/programs/mingw/bin/../lib/gcc/mingw32/8.2.0/../../../libmsvcrt.a(dxnls00412.o)
 .idata$4       0x004080f8        0x4 e:/programs/mingw/bin/../lib/gcc/mingw32/8.2.0/../../../libmsvcrt.a(dxnls00417.o)
 .idata$4       0x004080fc        0x4 e:/programs/mingw/bin/../lib/gcc/mingw32/8.2.0/../../../libmsvcrt.a(dxnls00684.o)
 .idata$4       0x00408100        0x4 e:/programs/mingw/bin/../lib/gcc/mingw32/8.2.0/../../../libmsvcrt.a(dxnls00693.o)
 .idata$4       0x00408104        0x4 e:/programs/mingw/bin/../lib/gcc/mingw32/8.2.0/../../../libmsvcrt.a(dxnls00748.o)
 .idata$4       0x00408108        0x4 e:/programs/mingw/bin/../lib/gcc/mingw32/8.2.0/../../../libmsvcrt.a(dxnls01078.o)
 .idata$4       0x0040810c        0x4 e:/programs/mingw/bin/../lib/gcc/mingw32/8.2.0/../../../libmsvcrt.a(dxnls01086.o)
 .idata$4       0x00408110        0x4 e:/programs/mingw/bin/../lib/gcc/mingw32/8.2.0/../../../libmsvcrt.a(dxnls01093.o)
 .idata$4       0x00408114        0x4 e:/programs/mingw/bin/../lib/gcc/mingw32/8.2.0/../../../libmsvcrt.a(dxnls01126.o)
 .idata$4       0x00408118        0x4 e:/programs/mingw/bin/../lib/gcc/mingw32/8.2.0/../../../libmsvcrt.a(dxnls01137.o)
 .idata$4       0x0040811c        0x4 e:/programs/mingw/bin/../lib/gcc/mingw32/8.2.0/../../../libmsvcrt.a(dxnls01182.o)
 .idata$4       0x00408120        0x4 e:/programs/mingw/bin/../lib/gcc/mingw32/8.2.0/../../../libmsvcrt.a(dxnls01189.o)
 .idata$4       0x00408124        0x4 e:/programs/mingw/bin/../lib/gcc/mingw32/8.2.0/../../../libmsvcrt.a(dxnls01194.o)
 .idata$4       0x00408128        0x4 e:/programs/mingw/bin/../lib/gcc/mingw32/8.2.0/../../../libmsvcrt.a(dxnls01215.o)
 .idata$4       0x0040812c        0x4 e:/programs/mingw/bin/../lib/gcc/mingw32/8.2.0/../../../libmsvcrt.a(dxnls01222.o)
 .idata$4       0x00408130        0x4 e:/programs/mingw/bin/../lib/gcc/mingw32/8.2.0/../../../libmsvcrt.a(dxnls01224.o)
 .idata$4       0x00408134        0x4 e:/programs/mingw/bin/../lib/gcc/mingw32/8.2.0/../../../libmsvcrt.a(dxnls01237.o)
 .idata$4       0x00408138        0x4 e:/programs/mingw/bin/../lib/gcc/mingw32/8.2.0/../../../libmsvcrt.a(dxnls01244.o)
 .idata$4       0x0040813c        0x4 e:/programs/mingw/bin/../lib/gcc/mingw32/8.2.0/../../../libmsvcrt.a(dxnls01272.o)
 .idata$4       0x00408140        0x4 e:/programs/mingw/bin/../lib/gcc/mingw32/8.2.0/../../../libmsvcrt.a(dxnls01279.o)
 .idata$4       0x00408144        0x4 e:/programs/mingw/bin/../lib/gcc/mingw32/8.2.0/../../../libmsvcrt.a(dxnls01320.o)
 .idata$4       0x00408148        0x4 e:/programs/mingw/bin/../lib/gcc/mingw32/8.2.0/../../../libmsvcrt.a(dxnlt.o)
 .idata$4       0x0040814c        0x0 e:/programs/mingw/bin/../lib/gcc/mingw32/8.2.0/libgcc_s.a(d000000.o)
 .idata$4       0x0040814c        0x4 e:/programs/mingw/bin/../lib/gcc/mingw32/8.2.0/libgcc_s.a(d000037.o)
 .idata$4       0x00408150        0x4 e:/programs/mingw/bin/../lib/gcc/mingw32/8.2.0/libgcc_s.a(d000107.o)
 .idata$4       0x00408154        0x4 e:/programs/mingw/bin/../lib/gcc/mingw32/8.2.0/libgcc_s.a(d000123.o)
 .idata$4       0x00408158        0x0 e:/programs/mingw/bin/../lib/gcc/mingw32/8.2.0/libstdc++.dll.a(d000000.o)
 .idata$4       0x00408158        0x4 e:/programs/mingw/bin/../lib/gcc/mingw32/8.2.0/libstdc++.dll.a(d001498.o)
 .idata$4       0x0040815c        0x4 e:/programs/mingw/bin/../lib/gcc/mingw32/8.2.0/libstdc++.dll.a(d003965.o)
 .idata$4       0x00408160        0x4 e:/programs/mingw/bin/../lib/gcc/mingw32/8.2.0/libstdc++.dll.a(d003967.o)
 .idata$4       0x00408164        0x4 e:/programs/mingw/bin/../lib/gcc/mingw32/8.2.0/libstdc++.dll.a(d004238.o)
 .idata$4       0x00408168        0x4 e:/programs/mingw/bin/../lib/gcc/mingw32/8.2.0/libstdc++.dll.a(d004239.o)
 .idata$4       0x0040816c        0x4 e:/programs/mingw/bin/../lib/gcc/mingw32/8.2.0/libstdc++.dll.a(d004344.o)
 .idata$4       0x00408170        0x4 e:/programs/mingw/bin/../lib/gcc/mingw32/8.2.0/libstdc++.dll.a(d005213.o)
                0x00408174                __IAT_start__ = .
 SORT_BY_NAME(*)(.idata$5)
 .idata$5       0x00408174        0x0 e:/programs/mingw/bin/../lib/gcc/mingw32/8.2.0/../../../libkernel32.a(dimoh.o)
 .idata$5       0x00408174        0x4 e:/programs/mingw/bin/../lib/gcc/mingw32/8.2.0/../../../libkernel32.a(dimos00207.o)
                0x00408174                _imp__DeleteCriticalSection@4
 .idata$5       0x00408178        0x4 e:/programs/mingw/bin/../lib/gcc/mingw32/8.2.0/../../../libkernel32.a(dimos00236.o)
                0x00408178                _imp__EnterCriticalSection@4
 .idata$5       0x0040817c        0x4 e:/programs/mingw/bin/../lib/gcc/mingw32/8.2.0/../../../libkernel32.a(dimos00279.o)
                0x0040817c                _imp__ExitProcess@4
 .idata$5       0x00408180        0x4 e:/programs/mingw/bin/../lib/gcc/mingw32/8.2.0/../../../libkernel32.a(dimos00300.o)
                0x00408180                _imp__FindClose@4
 .idata$5       0x00408184        0x4 e:/programs/mingw/bin/../lib/gcc/mingw32/8.2.0/../../../libkernel32.a(dimos00304.o)
                0x00408184                _imp__FindFirstFileA@8
 .idata$5       0x00408188        0x4 e:/programs/mingw/bin/../lib/gcc/mingw32/8.2.0/../../../libkernel32.a(dimos00321.o)
                0x00408188                _imp__FindNextFileA@8
 .idata$5       0x0040818c        0x4 e:/programs/mingw/bin/../lib/gcc/mingw32/8.2.0/../../../libkernel32.a(dimos00352.o)
                0x0040818c                _imp__FreeLibrary@4
 .idata$5       0x00408190        0x4 e:/programs/mingw/bin/../lib/gcc/mingw32/8.2.0/../../../libkernel32.a(dimos00388.o)
                0x00408190                _imp__GetCommandLineA@0
 .idata$5       0x00408194        0x4 e:/programs/mingw/bin/../lib/gcc/mingw32/8.2.0/../../../libkernel32.a(dimos00510.o)
                0x00408194                _imp__GetLastError@0
 .idata$5       0x00408198        0x4 e:/programs/mingw/bin/../lib/gcc/mingw32/8.2.0/../../../libkernel32.a(dimos00529.o)
                0x00408198                _imp__GetModuleHandleA@4
 .idata$5       0x0040819c        0x4 e:/programs/mingw/bin/../lib/gcc/mingw32/8.2.0/../../../libkernel32.a(dimos00577.o)
                0x0040819c                _imp__GetProcAddress@8
 .idata$5       0x004081a0        0x4 e:/programs/mingw/bin/../lib/gcc/mingw32/8.2.0/../../../libkernel32.a(dimos00734.o)
                0x004081a0                _imp__InitializeCriticalSection@4
 .idata$5       0x004081a4        0x4 e:/programs/mingw/bin/../lib/gcc/mingw32/8.2.0/../../../libkernel32.a(dimos00814.o)
                0x004081a4                _imp__LeaveCriticalSection@4
 .idata$5       0x004081a8        0x4 e:/programs/mingw/bin/../lib/gcc/mingw32/8.2.0/../../../libkernel32.a(dimos00817.o)
                0x004081a8                _imp__LoadLibraryA@4
 .idata$5       0x004081ac        0x4 e:/programs/mingw/bin/../lib/gcc/mingw32/8.2.0/../../../libkernel32.a(dimos01131.o)
                0x004081ac                _imp__SetUnhandledExceptionFilter@4
 .idata$5       0x004081b0        0x4 e:/programs/mingw/bin/../lib/gcc/mingw32/8.2.0/../../../libkernel32.a(dimos01164.o)
                0x004081b0                _imp__TlsGetValue@4
 .idata$5       0x004081b4        0x4 e:/programs/mingw/bin/../lib/gcc/mingw32/8.2.0/../../../libkernel32.a(dimos01204.o)
                0x004081b4                _imp__VirtualProtect@16
 .idata$5       0x004081b8        0x4 e:/programs/mingw/bin/../lib/gcc/mingw32/8.2.0/../../../libkernel32.a(dimos01206.o)
                0x004081b8                _imp__VirtualQuery@12
 .idata$5       0x004081bc        0x4 e:/programs/mingw/bin/../lib/gcc/mingw32/8.2.0/../../../libkernel32.a(dimot.o)
 .idata$5       0x004081c0        0x0 e:/programs/mingw/bin/../lib/gcc/mingw32/8.2.0/../../../libmoldname.a(dmhkh.o)
 .idata$5       0x004081c0        0x4 e:/programs/mingw/bin/../lib/gcc/mingw32/8.2.0/../../../libmoldname.a(dmhks00080.o)
                0x004081c0                _imp__strdup
 .idata$5       0x004081c4        0x4 e:/programs/mingw/bin/../lib/gcc/mingw32/8.2.0/../../../libmoldname.a(dmhks00082.o)
                0x004081c4                _imp__stricoll
 .idata$5       0x004081c8        0x4 e:/programs/mingw/bin/../lib/gcc/mingw32/8.2.0/../../../libmoldname.a(dmhkt.o)
 .idata$5       0x004081cc        0x0 e:/programs/mingw/bin/../lib/gcc/mingw32/8.2.0/../../../libmsvcrt.a(dxnlh.o)
 .idata$5       0x004081cc        0x4 e:/programs/mingw/bin/../lib/gcc/mingw32/8.2.0/../../../libmsvcrt.a(dxnls00088.o)
                0x004081cc                _imp____getmainargs
 .idata$5       0x004081d0        0x4 e:/programs/mingw/bin/../lib/gcc/mingw32/8.2.0/../../../libmsvcrt.a(dxnls00119.o)
                0x004081d0                _imp____mb_cur_max
 .idata$5       0x004081d4        0x4 e:/programs/mingw/bin/../lib/gcc/mingw32/8.2.0/../../../libmsvcrt.a(dxnls00131.o)
                0x004081d4                _imp____p__environ
 .idata$5       0x004081d8        0x4 e:/programs/mingw/bin/../lib/gcc/mingw32/8.2.0/../../../libmsvcrt.a(dxnls00133.o)
                0x004081d8                _imp____p__fmode
 .idata$5       0x004081dc        0x4 e:/programs/mingw/bin/../lib/gcc/mingw32/8.2.0/../../../libmsvcrt.a(dxnls00153.o)
                0x004081dc                _imp____set_app_type
 .idata$5       0x004081e0        0x4 e:/programs/mingw/bin/../lib/gcc/mingw32/8.2.0/../../../libmsvcrt.a(dxnls00214.o)
                0x004081e0                _imp___cexit
 .idata$5       0x004081e4        0x4 e:/programs/mingw/bin/../lib/gcc/mingw32/8.2.0/../../../libmsvcrt.a(dxnls00280.o)
                0x004081e4                _imp___errno
 .idata$5       0x004081e8        0x4 e:/programs/mingw/bin/../lib/gcc/mingw32/8.2.0/../../../libmsvcrt.a(dxnls00319.o)
                0x004081e8                _imp___fpreset
 .idata$5       0x004081ec        0x4 e:/programs/mingw/bin/../lib/gcc/mingw32/8.2.0/../../../libmsvcrt.a(dxnls00345.o)
                0x004081ec                _imp___fullpath
 .idata$5       0x004081f0        0x4 e:/programs/mingw/bin/../lib/gcc/mingw32/8.2.0/../../../libmsvcrt.a(dxnls00412.o)
                0x004081f0                _imp___iob
 .idata$5       0x004081f4        0x4 e:/programs/mingw/bin/../lib/gcc/mingw32/8.2.0/../../../libmsvcrt.a(dxnls00417.o)
                0x004081f4                _imp___isctype
 .idata$5       0x004081f8        0x4 e:/programs/mingw/bin/../lib/gcc/mingw32/8.2.0/../../../libmsvcrt.a(dxnls00684.o)
                0x004081f8                _imp___onexit
 .idata$5       0x004081fc        0x4 e:/programs/mingw/bin/../lib/gcc/mingw32/8.2.0/../../../libmsvcrt.a(dxnls00693.o)
                0x004081fc                _imp___pctype
 .idata$5       0x00408200        0x4 e:/programs/mingw/bin/../lib/gcc/mingw32/8.2.0/../../../libmsvcrt.a(dxnls00748.o)
                0x00408200                _imp___setmode
 .idata$5       0x00408204        0x4 e:/programs/mingw/bin/../lib/gcc/mingw32/8.2.0/../../../libmsvcrt.a(dxnls01078.o)
                0x00408204                _imp__abort
 .idata$5       0x00408208        0x4 e:/programs/mingw/bin/../lib/gcc/mingw32/8.2.0/../../../libmsvcrt.a(dxnls01086.o)
                0x00408208                _imp__atexit
 .idata$5       0x0040820c        0x4 e:/programs/mingw/bin/../lib/gcc/mingw32/8.2.0/../../../libmsvcrt.a(dxnls01093.o)
                0x0040820c                _imp__calloc
 .idata$5       0x00408210        0x4 e:/programs/mingw/bin/../lib/gcc/mingw32/8.2.0/../../../libmsvcrt.a(dxnls01126.o)
                0x00408210                _imp__free
 .idata$5       0x00408214        0x4 e:/programs/mingw/bin/../lib/gcc/mingw32/8.2.0/../../../libmsvcrt.a(dxnls01137.o)
                0x00408214                _imp__fwrite
 .idata$5       0x00408218        0x4 e:/programs/mingw/bin/../lib/gcc/mingw32/8.2.0/../../../libmsvcrt.a(dxnls01182.o)
                0x00408218                _imp__malloc
 .idata$5       0x0040821c        0x4 e:/programs/mingw/bin/../lib/gcc/mingw32/8.2.0/../../../libmsvcrt.a(dxnls01189.o)
                0x0040821c                _imp__mbstowcs
 .idata$5       0x00408220        0x4 e:/programs/mingw/bin/../lib/gcc/mingw32/8.2.0/../../../libmsvcrt.a(dxnls01194.o)
                0x00408220                _imp__memcpy
 .idata$5       0x00408224        0x4 e:/programs/mingw/bin/../lib/gcc/mingw32/8.2.0/../../../libmsvcrt.a(dxnls01215.o)
                0x00408224                _imp__realloc
 .idata$5       0x00408228        0x4 e:/programs/mingw/bin/../lib/gcc/mingw32/8.2.0/../../../libmsvcrt.a(dxnls01222.o)
                0x00408228                _imp__setlocale
 .idata$5       0x0040822c        0x4 e:/programs/mingw/bin/../lib/gcc/mingw32/8.2.0/../../../libmsvcrt.a(dxnls01224.o)
                0x0040822c                _imp__signal
 .idata$5       0x00408230        0x4 e:/programs/mingw/bin/../lib/gcc/mingw32/8.2.0/../../../libmsvcrt.a(dxnls01237.o)
                0x00408230                _imp__strcoll
 .idata$5       0x00408234        0x4 e:/programs/mingw/bin/../lib/gcc/mingw32/8.2.0/../../../libmsvcrt.a(dxnls01244.o)
                0x00408234                _imp__strlen
 .idata$5       0x00408238        0x4 e:/programs/mingw/bin/../lib/gcc/mingw32/8.2.0/../../../libmsvcrt.a(dxnls01272.o)
                0x00408238                _imp__tolower
 .idata$5       0x0040823c        0x4 e:/programs/mingw/bin/../lib/gcc/mingw32/8.2.0/../../../libmsvcrt.a(dxnls01279.o)
                0x0040823c                _imp__vfprintf
 .idata$5       0x00408240        0x4 e:/programs/mingw/bin/../lib/gcc/mingw32/8.2.0/../../../libmsvcrt.a(dxnls01320.o)
                0x00408240                _imp__wcstombs
 .idata$5       0x00408244        0x4 e:/programs/mingw/bin/../lib/gcc/mingw32/8.2.0/../../../libmsvcrt.a(dxnlt.o)
 .idata$5       0x00408248        0x0 e:/programs/mingw/bin/../lib/gcc/mingw32/8.2.0/libgcc_s.a(d000000.o)
 .idata$5       0x00408248        0x4 e:/programs/mingw/bin/../lib/gcc/mingw32/8.2.0/libgcc_s.a(d000037.o)
                0x00408248                _imp____deregister_frame_info
 .idata$5       0x0040824c        0x4 e:/programs/mingw/bin/../lib/gcc/mingw32/8.2.0/libgcc_s.a(d000107.o)
                0x0040824c                _imp____register_frame_info
 .idata$5       0x00408250        0x4 e:/programs/mingw/bin/../lib/gcc/mingw32/8.2.0/libgcc_s.a(d000123.o)
 .idata$5       0x00408254        0x0 e:/programs/mingw/bin/../lib/gcc/mingw32/8.2.0/libstdc++.dll.a(d000000.o)
 .idata$5       0x00408254        0x4 e:/programs/mingw/bin/../lib/gcc/mingw32/8.2.0/libstdc++.dll.a(d001498.o)
                0x00408254                _imp___ZNSolsEPFRSoS_E
 .idata$5       0x00408258        0x4 e:/programs/mingw/bin/../lib/gcc/mingw32/8.2.0/libstdc++.dll.a(d003965.o)
                0x00408258                _imp___ZNSt8ios_base4InitC1Ev
 .idata$5       0x0040825c        0x4 e:/programs/mingw/bin/../lib/gcc/mingw32/8.2.0/libstdc++.dll.a(d003967.o)
                0x0040825c                _imp___ZNSt8ios_base4InitD1Ev
 .idata$5       0x00408260        0x4 e:/programs/mingw/bin/../lib/gcc/mingw32/8.2.0/libstdc++.dll.a(d004238.o)
                0x00408260                _imp___ZSt4cout
                0x00408260                std::cout
 .idata$5       0x00408264        0x4 e:/programs/mingw/bin/../lib/gcc/mingw32/8.2.0/libstdc++.dll.a(d004239.o)
                0x00408264                _imp___ZSt4endlIcSt11char_traitsIcEERSt13basic_ostreamIT_T0_ES6_
 .idata$5       0x00408268        0x4 e:/programs/mingw/bin/../lib/gcc/mingw32/8.2.0/libstdc++.dll.a(d004344.o)
                0x00408268                _imp___ZStlsISt11char_traitsIcEERSt13basic_ostreamIcT_ES5_PKc
 .idata$5       0x0040826c        0x4 e:/programs/mingw/bin/../lib/gcc/mingw32/8.2.0/libstdc++.dll.a(d005213.o)
                0x00408270                __IAT_end__ = .
 SORT_BY_NAME(*)(.idata$6)
 .idata$6       0x00408270       0x18 e:/programs/mingw/bin/../lib/gcc/mingw32/8.2.0/../../../libkernel32.a(dimos00207.o)
 .idata$6       0x00408288       0x18 e:/programs/mingw/bin/../lib/gcc/mingw32/8.2.0/../../../libkernel32.a(dimos00236.o)
 .idata$6       0x004082a0        0xe e:/programs/mingw/bin/../lib/gcc/mingw32/8.2.0/../../../libkernel32.a(dimos00279.o)
 .idata$6       0x004082ae        0xc e:/programs/mingw/bin/../lib/gcc/mingw32/8.2.0/../../../libkernel32.a(dimos00300.o)
 .idata$6       0x004082ba       0x12 e:/programs/mingw/bin/../lib/gcc/mingw32/8.2.0/../../../libkernel32.a(dimos00304.o)
 .idata$6       0x004082cc       0x10 e:/programs/mingw/bin/../lib/gcc/mingw32/8.2.0/../../../libkernel32.a(dimos00321.o)
 .idata$6       0x004082dc        0xe e:/programs/mingw/bin/../lib/gcc/mingw32/8.2.0/../../../libkernel32.a(dimos00352.o)
 .idata$6       0x004082ea       0x12 e:/programs/mingw/bin/../lib/gcc/mingw32/8.2.0/../../../libkernel32.a(dimos00388.o)
 .idata$6       0x004082fc       0x10 e:/programs/mingw/bin/../lib/gcc/mingw32/8.2.0/../../../libkernel32.a(dimos00510.o)
 .idata$6       0x0040830c       0x14 e:/programs/mingw/bin/../lib/gcc/mingw32/8.2.0/../../../libkernel32.a(dimos00529.o)
 .idata$6       0x00408320       0x12 e:/programs/mingw/bin/../lib/gcc/mingw32/8.2.0/../../../libkernel32.a(dimos00577.o)
 .idata$6       0x00408332       0x1c e:/programs/mingw/bin/../lib/gcc/mingw32/8.2.0/../../../libkernel32.a(dimos00734.o)
 .idata$6       0x0040834e       0x18 e:/programs/mingw/bin/../lib/gcc/mingw32/8.2.0/../../../libkernel32.a(dimos00814.o)
 .idata$6       0x00408366       0x10 e:/programs/mingw/bin/../lib/gcc/mingw32/8.2.0/../../../libkernel32.a(dimos00817.o)
 .idata$6       0x00408376       0x1e e:/programs/mingw/bin/../lib/gcc/mingw32/8.2.0/../../../libkernel32.a(dimos01131.o)
 .idata$6       0x00408394        0xe e:/programs/mingw/bin/../lib/gcc/mingw32/8.2.0/../../../libkernel32.a(dimos01164.o)
 .idata$6       0x004083a2       0x12 e:/programs/mingw/bin/../lib/gcc/mingw32/8.2.0/../../../libkernel32.a(dimos01204.o)
 .idata$6       0x004083b4       0x10 e:/programs/mingw/bin/../lib/gcc/mingw32/8.2.0/../../../libkernel32.a(dimos01206.o)
 .idata$6       0x004083c4        0xa e:/programs/mingw/bin/../lib/gcc/mingw32/8.2.0/../../../libmoldname.a(dmhks00080.o)
 .idata$6       0x004083ce        0xc e:/programs/mingw/bin/../lib/gcc/mingw32/8.2.0/../../../libmoldname.a(dmhks00082.o)
 .idata$6       0x004083da       0x10 e:/programs/mingw/bin/../lib/gcc/mingw32/8.2.0/../../../libmsvcrt.a(dxnls00088.o)
 .idata$6       0x004083ea       0x10 e:/programs/mingw/bin/../lib/gcc/mingw32/8.2.0/../../../libmsvcrt.a(dxnls00119.o)
 .idata$6       0x004083fa       0x10 e:/programs/mingw/bin/../lib/gcc/mingw32/8.2.0/../../../libmsvcrt.a(dxnls00131.o)
 .idata$6       0x0040840a        0xe e:/programs/mingw/bin/../lib/gcc/mingw32/8.2.0/../../../libmsvcrt.a(dxnls00133.o)
 .idata$6       0x00408418       0x12 e:/programs/mingw/bin/../lib/gcc/mingw32/8.2.0/../../../libmsvcrt.a(dxnls00153.o)
 .idata$6       0x0040842a        0xa e:/programs/mingw/bin/../lib/gcc/mingw32/8.2.0/../../../libmsvcrt.a(dxnls00214.o)
 .idata$6       0x00408434        0xa e:/programs/mingw/bin/../lib/gcc/mingw32/8.2.0/../../../libmsvcrt.a(dxnls00280.o)
 .idata$6       0x0040843e        0xc e:/programs/mingw/bin/../lib/gcc/mingw32/8.2.0/../../../libmsvcrt.a(dxnls00319.o)
 .idata$6       0x0040844a        0xc e:/programs/mingw/bin/../lib/gcc/mingw32/8.2.0/../../../libmsvcrt.a(dxnls00345.o)
 .idata$6       0x00408456        0x8 e:/programs/mingw/bin/../lib/gcc/mingw32/8.2.0/../../../libmsvcrt.a(dxnls00412.o)
 .idata$6       0x0040845e        0xc e:/programs/mingw/bin/../lib/gcc/mingw32/8.2.0/../../../libmsvcrt.a(dxnls00417.o)
 .idata$6       0x0040846a        0xa e:/programs/mingw/bin/../lib/gcc/mingw32/8.2.0/../../../libmsvcrt.a(dxnls00684.o)
 .idata$6       0x00408474        0xa e:/programs/mingw/bin/../lib/gcc/mingw32/8.2.0/../../../libmsvcrt.a(dxnls00693.o)
 .idata$6       0x0040847e        0xc e:/programs/mingw/bin/../lib/gcc/mingw32/8.2.0/../../../libmsvcrt.a(dxnls00748.o)
 .idata$6       0x0040848a        0x8 e:/programs/mingw/bin/../lib/gcc/mingw32/8.2.0/../../../libmsvcrt.a(dxnls01078.o)
 .idata$6       0x00408492        0xa e:/programs/mingw/bin/../lib/gcc/mingw32/8.2.0/../../../libmsvcrt.a(dxnls01086.o)
 .idata$6       0x0040849c        0xa e:/programs/mingw/bin/../lib/gcc/mingw32/8.2.0/../../../libmsvcrt.a(dxnls01093.o)
 .idata$6       0x004084a6        0x8 e:/programs/mingw/bin/../lib/gcc/mingw32/8.2.0/../../../libmsvcrt.a(dxnls01126.o)
 .idata$6       0x004084ae        0xa e:/programs/mingw/bin/../lib/gcc/mingw32/8.2.0/../../../libmsvcrt.a(dxnls01137.o)
 .idata$6       0x004084b8        0xa e:/programs/mingw/bin/../lib/gcc/mingw32/8.2.0/../../../libmsvcrt.a(dxnls01182.o)
 .idata$6       0x004084c2        0xc e:/programs/mingw/bin/../lib/gcc/mingw32/8.2.0/../../../libmsvcrt.a(dxnls01189.o)
 .idata$6       0x004084ce        0xa e:/programs/mingw/bin/../lib/gcc/mingw32/8.2.0/../../../libmsvcrt.a(dxnls01194.o)
 .idata$6       0x004084d8        0xa e:/programs/mingw/bin/../lib/gcc/mingw32/8.2.0/../../../libmsvcrt.a(dxnls01215.o)
 .idata$6       0x004084e2        0xc e:/programs/mingw/bin/../lib/gcc/mingw32/8.2.0/../../../libmsvcrt.a(dxnls01222.o)
 .idata$6       0x004084ee        0xa e:/programs/mingw/bin/../lib/gcc/mingw32/8.2.0/../../../libmsvcrt.a(dxnls01224.o)
 .idata$6       0x004084f8        0xa e:/programs/mingw/bin/../lib/gcc/mingw32/8.2.0/../../../libmsvcrt.a(dxnls01237.o)
 .idata$6       0x00408502        0xa e:/programs/mingw/bin/../lib/gcc/mingw32/8.2.0/../../../libmsvcrt.a(dxnls01244.o)
 .idata$6       0x0040850c        0xa e:/programs/mingw/bin/../lib/gcc/mingw32/8.2.0/../../../libmsvcrt.a(dxnls01272.o)
 .idata$6       0x00408516        0xc e:/programs/mingw/bin/../lib/gcc/mingw32/8.2.0/../../../libmsvcrt.a(dxnls01279.o)
 .idata$6       0x00408522        0xc e:/programs/mingw/bin/../lib/gcc/mingw32/8.2.0/../../../libmsvcrt.a(dxnls01320.o)
 *fill*         0x0040852e        0x2 
 .idata$6       0x00408530       0x1c e:/programs/mingw/bin/../lib/gcc/mingw32/8.2.0/libgcc_s.a(d000037.o)
 .idata$6       0x0040854c       0x18 e:/programs/mingw/bin/../lib/gcc/mingw32/8.2.0/libgcc_s.a(d000107.o)
 .idata$6       0x00408564       0x14 e:/programs/mingw/bin/../lib/gcc/mingw32/8.2.0/libstdc++.dll.a(d001498.o)
 .idata$6       0x00408578       0x1c e:/programs/mingw/bin/../lib/gcc/mingw32/8.2.0/libstdc++.dll.a(d003965.o)
 .idata$6       0x00408594       0x1c e:/programs/mingw/bin/../lib/gcc/mingw32/8.2.0/libstdc++.dll.a(d003967.o)
 .idata$6       0x004085b0        0xc e:/programs/mingw/bin/../lib/gcc/mingw32/8.2.0/libstdc++.dll.a(d004238.o)
                0x004085b0                _nm___ZSt4cout
 .idata$6       0x004085bc       0x40 e:/programs/mingw/bin/../lib/gcc/mingw32/8.2.0/libstdc++.dll.a(d004239.o)
 .idata$6       0x004085fc       0x3c e:/programs/mingw/bin/../lib/gcc/mingw32/8.2.0/libstdc++.dll.a(d004344.o)
 SORT_BY_NAME(*)(.idata$7)
 .idata$7       0x00408638        0x4 e:/programs/mingw/bin/../lib/gcc/mingw32/8.2.0/../../../libkernel32.a(dimos00207.o)
 .idata$7       0x0040863c        0x4 e:/programs/mingw/bin/../lib/gcc/mingw32/8.2.0/../../../libkernel32.a(dimos00236.o)
 .idata$7       0x00408640        0x4 e:/programs/mingw/bin/../lib/gcc/mingw32/8.2.0/../../../libkernel32.a(dimos00279.o)
 .idata$7       0x00408644        0x4 e:/programs/mingw/bin/../lib/gcc/mingw32/8.2.0/../../../libkernel32.a(dimos00300.o)
 .idata$7       0x00408648        0x4 e:/programs/mingw/bin/../lib/gcc/mingw32/8.2.0/../../../libkernel32.a(dimos00304.o)
 .idata$7       0x0040864c        0x4 e:/programs/mingw/bin/../lib/gcc/mingw32/8.2.0/../../../libkernel32.a(dimos00321.o)
 .idata$7       0x00408650        0x4 e:/programs/mingw/bin/../lib/gcc/mingw32/8.2.0/../../../libkernel32.a(dimos00352.o)
 .idata$7       0x00408654        0x4 e:/programs/mingw/bin/../lib/gcc/mingw32/8.2.0/../../../libkernel32.a(dimos00388.o)
 .idata$7       0x00408658        0x4 e:/programs/mingw/bin/../lib/gcc/mingw32/8.2.0/../../../libkernel32.a(dimos00510.o)
 .idata$7       0x0040865c        0x4 e:/programs/mingw/bin/../lib/gcc/mingw32/8.2.0/../../../libkernel32.a(dimos00529.o)
 .idata$7       0x00408660        0x4 e:/programs/mingw/bin/../lib/gcc/mingw32/8.2.0/../../../libkernel32.a(dimos00577.o)
 .idata$7       0x00408664        0x4 e:/programs/mingw/bin/../lib/gcc/mingw32/8.2.0/../../../libkernel32.a(dimos00734.o)
 .idata$7       0x00408668        0x4 e:/programs/mingw/bin/../lib/gcc/mingw32/8.2.0/../../../libkernel32.a(dimos00814.o)
 .idata$7       0x0040866c        0x4 e:/programs/mingw/bin/../lib/gcc/mingw32/8.2.0/../../../libkernel32.a(dimos00817.o)
 .idata$7       0x00408670        0x4 e:/programs/mingw/bin/../lib/gcc/mingw32/8.2.0/../../../libkernel32.a(dimos01131.o)
 .idata$7       0x00408674        0x4 e:/programs/mingw/bin/../lib/gcc/mingw32/8.2.0/../../../libkernel32.a(dimos01164.o)
 .idata$7       0x00408678        0x4 e:/programs/mingw/bin/../lib/gcc/mingw32/8.2.0/../../../libkernel32.a(dimos01204.o)
 .idata$7       0x0040867c        0x4 e:/programs/mingw/bin/../lib/gcc/mingw32/8.2.0/../../../libkernel32.a(dimos01206.o)
 .idata$7       0x00408680       0x10 e:/programs/mingw/bin/../lib/gcc/mingw32/8.2.0/../../../libkernel32.a(dimot.o)
                0x00408680                _libkernel32_a_iname
 .idata$7       0x00408690        0x4 e:/programs/mingw/bin/../lib/gcc/mingw32/8.2.0/../../../libmoldname.a(dmhks00080.o)
 .idata$7       0x00408694        0x4 e:/programs/mingw/bin/../lib/gcc/mingw32/8.2.0/../../../libmoldname.a(dmhks00082.o)
 .idata$7       0x00408698        0xc e:/programs/mingw/bin/../lib/gcc/mingw32/8.2.0/../../../libmoldname.a(dmhkt.o)
                0x00408698                _libmoldname_a_iname
 .idata$7       0x004086a4        0x4 e:/programs/mingw/bin/../lib/gcc/mingw32/8.2.0/../../../libmsvcrt.a(dxnls00088.o)
 .idata$7       0x004086a8        0x4 e:/programs/mingw/bin/../lib/gcc/mingw32/8.2.0/../../../libmsvcrt.a(dxnls00119.o)
 .idata$7       0x004086ac        0x4 e:/programs/mingw/bin/../lib/gcc/mingw32/8.2.0/../../../libmsvcrt.a(dxnls00131.o)
 .idata$7       0x004086b0        0x4 e:/programs/mingw/bin/../lib/gcc/mingw32/8.2.0/../../../libmsvcrt.a(dxnls00133.o)
 .idata$7       0x004086b4        0x4 e:/programs/mingw/bin/../lib/gcc/mingw32/8.2.0/../../../libmsvcrt.a(dxnls00153.o)
 .idata$7       0x004086b8        0x4 e:/programs/mingw/bin/../lib/gcc/mingw32/8.2.0/../../../libmsvcrt.a(dxnls00214.o)
 .idata$7       0x004086bc        0x4 e:/programs/mingw/bin/../lib/gcc/mingw32/8.2.0/../../../libmsvcrt.a(dxnls00280.o)
 .idata$7       0x004086c0        0x4 e:/programs/mingw/bin/../lib/gcc/mingw32/8.2.0/../../../libmsvcrt.a(dxnls00319.o)
 .idata$7       0x004086c4        0x4 e:/programs/mingw/bin/../lib/gcc/mingw32/8.2.0/../../../libmsvcrt.a(dxnls00345.o)
 .idata$7       0x004086c8        0x4 e:/programs/mingw/bin/../lib/gcc/mingw32/8.2.0/../../../libmsvcrt.a(dxnls00412.o)
 .idata$7       0x004086cc        0x4 e:/programs/mingw/bin/../lib/gcc/mingw32/8.2.0/../../../libmsvcrt.a(dxnls00417.o)
 .idata$7       0x004086d0        0x4 e:/programs/mingw/bin/../lib/gcc/mingw32/8.2.0/../../../libmsvcrt.a(dxnls00684.o)
 .idata$7       0x004086d4        0x4 e:/programs/mingw/bin/../lib/gcc/mingw32/8.2.0/../../../libmsvcrt.a(dxnls00693.o)
 .idata$7       0x004086d8        0x4 e:/programs/mingw/bin/../lib/gcc/mingw32/8.2.0/../../../libmsvcrt.a(dxnls00748.o)
 .idata$7       0x004086dc        0x4 e:/programs/mingw/bin/../lib/gcc/mingw32/8.2.0/../../../libmsvcrt.a(dxnls01078.o)
 .idata$7       0x004086e0        0x4 e:/programs/mingw/bin/../lib/gcc/mingw32/8.2.0/../../../libmsvcrt.a(dxnls01086.o)
 .idata$7       0x004086e4        0x4 e:/programs/mingw/bin/../lib/gcc/mingw32/8.2.0/../../../libmsvcrt.a(dxnls01093.o)
 .idata$7       0x004086e8        0x4 e:/programs/mingw/bin/../lib/gcc/mingw32/8.2.0/../../../libmsvcrt.a(dxnls01126.o)
 .idata$7       0x004086ec        0x4 e:/programs/mingw/bin/../lib/gcc/mingw32/8.2.0/../../../libmsvcrt.a(dxnls01137.o)
 .idata$7       0x004086f0        0x4 e:/programs/mingw/bin/../lib/gcc/mingw32/8.2.0/../../../libmsvcrt.a(dxnls01182.o)
 .idata$7       0x004086f4        0x4 e:/programs/mingw/bin/../lib/gcc/mingw32/8.2.0/../../../libmsvcrt.a(dxnls01189.o)
 .idata$7       0x004086f8        0x4 e:/programs/mingw/bin/../lib/gcc/mingw32/8.2.0/../../../libmsvcrt.a(dxnls01194.o)
 .idata$7       0x004086fc        0x4 e:/programs/mingw/bin/../lib/gcc/mingw32/8.2.0/../../../libmsvcrt.a(dxnls01215.o)
 .idata$7       0x00408700        0x4 e:/programs/mingw/bin/../lib/gcc/mingw32/8.2.0/../../../libmsvcrt.a(dxnls01222.o)
 .idata$7       0x00408704        0x4 e:/programs/mingw/bin/../lib/gcc/mingw32/8.2.0/../../../libmsvcrt.a(dxnls01224.o)
 .idata$7       0x00408708        0x4 e:/programs/mingw/bin/../lib/gcc/mingw32/8.2.0/../../../libmsvcrt.a(dxnls01237.o)
 .idata$7       0x0040870c        0x4 e:/programs/mingw/bin/../lib/gcc/mingw32/8.2.0/../../../libmsvcrt.a(dxnls01244.o)
 .idata$7       0x00408710        0x4 e:/programs/mingw/bin/../lib/gcc/mingw32/8.2.0/../../../libmsvcrt.a(dxnls01272.o)
 .idata$7       0x00408714        0x4 e:/programs/mingw/bin/../lib/gcc/mingw32/8.2.0/../../../libmsvcrt.a(dxnls01279.o)
 .idata$7       0x00408718        0x4 e:/programs/mingw/bin/../lib/gcc/mingw32/8.2.0/../../../libmsvcrt.a(dxnls01320.o)
 .idata$7       0x0040871c        0xc e:/programs/mingw/bin/../lib/gcc/mingw32/8.2.0/../../../libmsvcrt.a(dxnlt.o)
                0x0040871c                _libmsvcrt_a_iname
 .idata$7       0x00408728        0x4 e:/programs/mingw/bin/../lib/gcc/mingw32/8.2.0/libgcc_s.a(d000037.o)
 .idata$7       0x0040872c        0x4 e:/programs/mingw/bin/../lib/gcc/mingw32/8.2.0/libgcc_s.a(d000107.o)
 .idata$7       0x00408730       0x14 e:/programs/mingw/bin/../lib/gcc/mingw32/8.2.0/libgcc_s.a(d000123.o)
                0x00408730                libgcc_s_dw2_1_dll_iname
 .idata$7       0x00408744        0x4 e:/programs/mingw/bin/../lib/gcc/mingw32/8.2.0/libstdc++.dll.a(d001498.o)
 .idata$7       0x00408748        0x4 e:/programs/mingw/bin/../lib/gcc/mingw32/8.2.0/libstdc++.dll.a(d003965.o)
 .idata$7       0x0040874c        0x4 e:/programs/mingw/bin/../lib/gcc/mingw32/8.2.0/libstdc++.dll.a(d003967.o)
 .idata$7       0x00408750        0x4 e:/programs/mingw/bin/../lib/gcc/mingw32/8.2.0/libstdc++.dll.a(d004238.o)
 .idata$7       0x00408754        0x4 e:/programs/mingw/bin/../lib/gcc/mingw32/8.2.0/libstdc++.dll.a(d004239.o)
 .idata$7       0x00408758        0x4 e:/programs/mingw/bin/../lib/gcc/mingw32/8.2.0/libstdc++.dll.a(d004344.o)
 .idata$7       0x0040875c       0x10 e:/programs/mingw/bin/../lib/gcc/mingw32/8.2.0/libstdc++.dll.a(d005213.o)
                0x0040875c                libstdc___6_dll_iname

.CRT            0x00409000      0x200
                0x00409000                ___crt_xc_start__ = .
 *(SORT_BY_NAME(.CRT$XC*))
                0x00409000                ___crt_xc_end__ = .
                0x00409000                ___crt_xi_start__ = .
 *(SORT_BY_NAME(.CRT$XI*))
                0x00409000                ___crt_xi_end__ = .
                0x00409000                ___crt_xl_start__ = .
 *(SORT_BY_NAME(.CRT$XL*))
 .CRT$XLA       0x00409000        0x4 e:/programs/mingw/bin/../lib/gcc/mingw32/8.2.0/../../../libmingw32.a(tlssup.o)
                0x00409000                __xl_a
 .CRT$XLC       0x00409004        0x4 e:/programs/mingw/bin/../lib/gcc/mingw32/8.2.0/../../../libmingw32.a(tlssup.o)
                0x00409004                __xl_c
 .CRT$XLD       0x00409008        0x4 e:/programs/mingw/bin/../lib/gcc/mingw32/8.2.0/../../../libmingw32.a(tlssup.o)
                0x00409008                __xl_d
 .CRT$XLZ       0x0040900c        0x4 e:/programs/mingw/bin/../lib/gcc/mingw32/8.2.0/../../../libmingw32.a(tlssup.o)
                0x0040900c                __xl_z
                0x00409010                ___crt_xp_start__ = .
 *(SORT_BY_NAME(.CRT$XP*))
                0x00409010                ___crt_xp_end__ = .
                0x00409010                ___crt_xt_start__ = .
 *(SORT_BY_NAME(.CRT$XT*))
                0x00409010                ___crt_xt_end__ = .
 .CRT$XDA       0x00409010        0x4 e:/programs/mingw/bin/../lib/gcc/mingw32/8.2.0/../../../libmingw32.a(tlssup.o)
 .CRT$XDZ       0x00409014        0x4 e:/programs/mingw/bin/../lib/gcc/mingw32/8.2.0/../../../libmingw32.a(tlssup.o)

.tls            0x0040a000      0x200
                0x0040a000                ___tls_start__ = .
 *(.tls$AAA)
 .tls$AAA       0x0040a000        0x4 e:/programs/mingw/bin/../lib/gcc/mingw32/8.2.0/../../../libmingw32.a(tlssup.o)
                0x0040a000                _tls_start
 *(.tls)
 .tls           0x0040a004       0x18 e:/programs/mingw/bin/../lib/gcc/mingw32/8.2.0/../../../libmingw32.a(tlssup.o)
                0x0040a004                _tls_used
 *(.tls$)
 *(SORT_BY_NAME(.tls$*))
 .tls$ZZZ       0x0040a01c        0x4 e:/programs/mingw/bin/../lib/gcc/mingw32/8.2.0/../../../libmingw32.a(tlssup.o)
                0x0040a01c                _tls_end
 *(.tls$ZZZ)
                0x0040a020                ___tls_end__ = .

.endjunk        0x0040b000        0x0
                [!provide]                PROVIDE (end = .)
                [!provide]                PROVIDE (_end = .)
                0x0040b000                __end__ = .

.rsrc
 *(.rsrc)
 *(.rsrc$*)

.reloc
 *(.reloc)

.stab
 *(.stab)

.stabstr
 *(.stabstr)

.debug_aranges  0x0040b000      0x200
 *(.debug_aranges)
 .debug_aranges
                0x0040b000       0x20 C:\Users\AHMEDY~1\AppData\Local\Temp\ccI6KE3v.o
 .debug_aranges
                0x0040b020       0x20 C:\Users\AHMEDY~1\AppData\Local\Temp\ccHN5XxC.o
 .debug_aranges
                0x0040b040       0x20 e:/programs/mingw/bin/../lib/gcc/mingw32/8.2.0/libgcc.a(_chkstk_ms.o)
 .debug_aranges
                0x0040b060       0x18 e:/programs/mingw/bin/../lib/gcc/mingw32/8.2.0/libgcc.a(_ctors.o)

.zdebug_aranges
 *(.zdebug_aranges)

.debug_pubnames
 *(.debug_pubnames)

.zdebug_pubnames
 *(.zdebug_pubnames)

.debug_pubtypes
 *(.debug_pubtypes)

.zdebug_pubtypes
 *(.zdebug_pubtypes)

.debug_info     0x0040c000     0x9000
 *(.debug_info .gnu.linkonce.wi.*)
 .debug_info    0x0040c000     0x38ab C:\Users\AHMEDY~1\AppData\Local\Temp\ccI6KE3v.o
 .debug_info    0x0040f8ab     0x38b0 C:\Users\AHMEDY~1\AppData\Local\Temp\ccHN5XxC.o
 .debug_info    0x0041315b       0x26 e:/programs/mingw/bin/../lib/gcc/mingw32/8.2.0/libgcc.a(_chkstk_ms.o)
 .debug_info    0x00413181     0x1e1c e:/programs/mingw/bin/../lib/gcc/mingw32/8.2.0/libgcc.a(_ctors.o)

.zdebug_info
 *(.zdebug_info .zdebug.gnu.linkonce.wi.*)

.debug_abbrev   0x00415000      0xe00
 *(.debug_abbrev)
 .debug_abbrev  0x00415000      0x5c9 C:\Users\AHMEDY~1\AppData\Local\Temp\ccI6KE3v.o
 .debug_abbrev  0x004155c9      0x5c9 C:\Users\AHMEDY~1\AppData\Local\Temp\ccHN5XxC.o
 .debug_abbrev  0x00415b92       0x14 e:/programs/mingw/bin/../lib/gcc/mingw32/8.2.0/libgcc.a(_chkstk_ms.o)
 .debug_abbrev  0x00415ba6      0x135 e:/programs/mingw/bin/../lib/gcc/mingw32/8.2.0/libgcc.a(_ctors.o)

.zdebug_abbrev
 *(.zdebug_abbrev)

.debug_line     0x00416000      0xa00
 *(.debug_line)
 .debug_line    0x00416000      0x3f6 C:\Users\AHMEDY~1\AppData\Local\Temp\ccI6KE3v.o
 .debug_line    0x004163f6      0x3fb C:\Users\AHMEDY~1\AppData\Local\Temp\ccHN5XxC.o
 .debug_line    0x004167f1       0x71 e:/programs/mingw/bin/../lib/gcc/mingw32/8.2.0/libgcc.a(_chkstk_ms.o)
 .debug_line    0x00416862      0x157 e:/programs/mingw/bin/../lib/gcc/mingw32/8.2.0/libgcc.a(_ctors.o)

.zdebug_line
 *(.zdebug_line)

.debug_frame    0x00417000      0x200
 *(.debug_frame*)
 .debug_frame   0x00417000       0x38 e:/programs/mingw/bin/../lib/gcc/mingw32/8.2.0/libgcc.a(_chkstk_ms.o)

.zdebug_frame
 *(.zdebug_frame*)

.debug_str      0x00418000      0x400
 *(.debug_str)
 .debug_str     0x00418000       0xf7 C:\Users\AHMEDY~1\AppData\Local\Temp\ccI6KE3v.o
 .debug_str     0x004180f7       0xf7 C:\Users\AHMEDY~1\AppData\Local\Temp\ccHN5XxC.o
 .debug_str     0x004181ee       0x97 e:/programs/mingw/bin/../lib/gcc/mingw32/8.2.0/libgcc.a(_chkstk_ms.o)
 .debug_str     0x00418285        0x0 e:/programs/mingw/bin/../lib/gcc/mingw32/8.2.0/libgcc.a(_ctors.o)

.zdebug_str
 *(.zdebug_str)

.debug_loc
 *(.debug_loc)

.zdebug_loc
 *(.zdebug_loc)

.debug_macinfo
 *(.debug_macinfo)

.zdebug_macinfo
 *(.zdebug_macinfo)

.debug_weaknames
 *(.debug_weaknames)

.zdebug_weaknames
 *(.zdebug_weaknames)

.debug_funcnames
 *(.debug_funcnames)

.zdebug_funcnames
 *(.zdebug_funcnames)

.debug_typenames
 *(.debug_typenames)

.zdebug_typenames
 *(.zdebug_typenames)

.debug_varnames
 *(.debug_varnames)

.zdebug_varnames
 *(.zdebug_varnames)

.debug_macro
 *(.debug_macro)

.zdebug_macro
 *(.zdebug_macro)

.debug_ranges
 *(.debug_ranges)

.zdebug_ranges
 *(.zdebug_ranges)

.debug_types
 *(.debug_types .gnu.linkonce.wt.*)

.zdebug_types
 *(.zdebug_types .gnu.linkonce.wt.*)

.debug_gdb_scripts
 *(.debug_gdb_scripts)

.zdebug_gdb_scripts
 *(.zdebug_gdb_scripts)
OUTPUT(e:/Code/CPP/ITI/Embedded-CPP/helloworld/out.exe pei-i386)
LOAD rtr000000.o
LOAD ertr000001.o
